Archive member included to satisfy reference by file (symbol)

C:/Users/GAMER/.pico-sdk/toolchain/13_2_Rel1/bin/../lib/gcc/arm-none-eabi/13.2.1/thumb/v6-m/nofp\libgcc.a(_dvmd_tls.o)
                              CMakeFiles/ASCE_Picomotor.dir/C_/Users/GAMER/.pico-sdk/sdk/2.0.0/src/rp2_common/pico_divider/divider_hardware.S.obj (__aeabi_idiv0)
C:/Users/GAMER/.pico-sdk/toolchain/13_2_Rel1/bin/../lib/gcc/arm-none-eabi/13.2.1/thumb/v6-m/nofp\libg.a(libc_a-calloc.o)
                              CMakeFiles/ASCE_Picomotor.dir/C_/Users/GAMER/.pico-sdk/sdk/2.0.0/src/rp2_common/pico_malloc/malloc.c.obj (calloc)
C:/Users/GAMER/.pico-sdk/toolchain/13_2_Rel1/bin/../lib/gcc/arm-none-eabi/13.2.1/thumb/v6-m/nofp\libg.a(libc_a-callocr.o)
                              C:/Users/GAMER/.pico-sdk/toolchain/13_2_Rel1/bin/../lib/gcc/arm-none-eabi/13.2.1/thumb/v6-m/nofp\libg.a(libc_a-calloc.o) (_calloc_r)
C:/Users/GAMER/.pico-sdk/toolchain/13_2_Rel1/bin/../lib/gcc/arm-none-eabi/13.2.1/thumb/v6-m/nofp\libg.a(libc_a-malloc.o)
                              CMakeFiles/ASCE_Picomotor.dir/C_/Users/GAMER/.pico-sdk/sdk/2.0.0/src/rp2_common/pico_malloc/malloc.c.obj (malloc)
C:/Users/GAMER/.pico-sdk/toolchain/13_2_Rel1/bin/../lib/gcc/arm-none-eabi/13.2.1/thumb/v6-m/nofp\libg.a(libc_a-mallocr.o)
                              C:/Users/GAMER/.pico-sdk/toolchain/13_2_Rel1/bin/../lib/gcc/arm-none-eabi/13.2.1/thumb/v6-m/nofp\libg.a(libc_a-callocr.o) (_malloc_r)
C:/Users/GAMER/.pico-sdk/toolchain/13_2_Rel1/bin/../lib/gcc/arm-none-eabi/13.2.1/thumb/v6-m/nofp\libg.a(libc_a-mlock.o)
                              C:/Users/GAMER/.pico-sdk/toolchain/13_2_Rel1/bin/../lib/gcc/arm-none-eabi/13.2.1/thumb/v6-m/nofp\libg.a(libc_a-mallocr.o) (__malloc_lock)
C:/Users/GAMER/.pico-sdk/toolchain/13_2_Rel1/bin/../lib/gcc/arm-none-eabi/13.2.1/thumb/v6-m/nofp\libg.a(libc_a-realloc.o)
                              CMakeFiles/ASCE_Picomotor.dir/C_/Users/GAMER/.pico-sdk/sdk/2.0.0/src/rp2_common/pico_malloc/malloc.c.obj (realloc)
C:/Users/GAMER/.pico-sdk/toolchain/13_2_Rel1/bin/../lib/gcc/arm-none-eabi/13.2.1/thumb/v6-m/nofp\libg.a(libc_a-reallocr.o)
                              C:/Users/GAMER/.pico-sdk/toolchain/13_2_Rel1/bin/../lib/gcc/arm-none-eabi/13.2.1/thumb/v6-m/nofp\libg.a(libc_a-realloc.o) (_realloc_r)
C:/Users/GAMER/.pico-sdk/toolchain/13_2_Rel1/bin/../lib/gcc/arm-none-eabi/13.2.1/thumb/v6-m/nofp\libg.a(libc_a-memcmp.o)
                              CMakeFiles/ASCE_Picomotor.dir/C_/Users/GAMER/.pico-sdk/sdk/2.0.0/src/rp2_common/pico_atomic/atomic.c.obj (memcmp)
C:/Users/GAMER/.pico-sdk/toolchain/13_2_Rel1/bin/../lib/gcc/arm-none-eabi/13.2.1/thumb/v6-m/nofp\libg.a(libc_a-memmove.o)
                              C:/Users/GAMER/.pico-sdk/toolchain/13_2_Rel1/bin/../lib/gcc/arm-none-eabi/13.2.1/thumb/v6-m/nofp\libg.a(libc_a-reallocr.o) (memmove)
C:/Users/GAMER/.pico-sdk/toolchain/13_2_Rel1/bin/../lib/gcc/arm-none-eabi/13.2.1/thumb/v6-m/nofp\libg.a(libc_a-lcltime_r.o)
                              CMakeFiles/ASCE_Picomotor.dir/C_/Users/GAMER/.pico-sdk/sdk/2.0.0/src/common/pico_util/datetime.c.obj (localtime_r)
C:/Users/GAMER/.pico-sdk/toolchain/13_2_Rel1/bin/../lib/gcc/arm-none-eabi/13.2.1/thumb/v6-m/nofp\libg.a(libc_a-mktime.o)
                              CMakeFiles/ASCE_Picomotor.dir/C_/Users/GAMER/.pico-sdk/sdk/2.0.0/src/common/pico_util/datetime.c.obj (mktime)
C:/Users/GAMER/.pico-sdk/toolchain/13_2_Rel1/bin/../lib/gcc/arm-none-eabi/13.2.1/thumb/v6-m/nofp\libg.a(libc_a-month_lengths.o)
                              C:/Users/GAMER/.pico-sdk/toolchain/13_2_Rel1/bin/../lib/gcc/arm-none-eabi/13.2.1/thumb/v6-m/nofp\libg.a(libc_a-lcltime_r.o) (__month_lengths)
C:/Users/GAMER/.pico-sdk/toolchain/13_2_Rel1/bin/../lib/gcc/arm-none-eabi/13.2.1/thumb/v6-m/nofp\libg.a(libc_a-tzcalc_limits.o)
                              C:/Users/GAMER/.pico-sdk/toolchain/13_2_Rel1/bin/../lib/gcc/arm-none-eabi/13.2.1/thumb/v6-m/nofp\libg.a(libc_a-lcltime_r.o) (__tzcalc_limits)
C:/Users/GAMER/.pico-sdk/toolchain/13_2_Rel1/bin/../lib/gcc/arm-none-eabi/13.2.1/thumb/v6-m/nofp\libg.a(libc_a-tzlock.o)
                              C:/Users/GAMER/.pico-sdk/toolchain/13_2_Rel1/bin/../lib/gcc/arm-none-eabi/13.2.1/thumb/v6-m/nofp\libg.a(libc_a-lcltime_r.o) (__tz_lock)
C:/Users/GAMER/.pico-sdk/toolchain/13_2_Rel1/bin/../lib/gcc/arm-none-eabi/13.2.1/thumb/v6-m/nofp\libg.a(libc_a-tzset.o)
                              C:/Users/GAMER/.pico-sdk/toolchain/13_2_Rel1/bin/../lib/gcc/arm-none-eabi/13.2.1/thumb/v6-m/nofp\libg.a(libc_a-lcltime_r.o) (_tzset_unlocked)
C:/Users/GAMER/.pico-sdk/toolchain/13_2_Rel1/bin/../lib/gcc/arm-none-eabi/13.2.1/thumb/v6-m/nofp\libg.a(libc_a-tzset_r.o)
                              C:/Users/GAMER/.pico-sdk/toolchain/13_2_Rel1/bin/../lib/gcc/arm-none-eabi/13.2.1/thumb/v6-m/nofp\libg.a(libc_a-tzset.o) (_tzset_unlocked_r)
C:/Users/GAMER/.pico-sdk/toolchain/13_2_Rel1/bin/../lib/gcc/arm-none-eabi/13.2.1/thumb/v6-m/nofp\libg.a(libc_a-tzvars.o)
[...]
Memory Configuration

Name             Origin             Length             Attributes
FLASH            0x10000000         0x00200000         xr
RAM              0x20000000         0x00040000         xrw
SCRATCH_X        0x20040000         0x00001000         xrw
SCRATCH_Y        0x20041000         0x00001000         xrw
*default*        0x00000000         0xffffffff

Linker script and memory map

LOAD C:/Users/GAMER/.pico-sdk/toolchain/13_2_Rel1/bin/../lib/gcc/arm-none-eabi/13.2.1/thumb/v6-m/nofp/crti.o
LOAD C:/Users/GAMER/.pico-sdk/toolchain/13_2_Rel1/bin/../lib/gcc/arm-none-eabi/13.2.1/thumb/v6-m/nofp/crtbegin.o
LOAD C:/Users/GAMER/.pico-sdk/toolchain/13_2_Rel1/bin/../lib/gcc/arm-none-eabi/13.2.1/thumb/v6-m/nofp/crt0.o

.flash_begin    0x10000000        0x0
                0x10000000                        __flash_binary_start = .

.boot2          0x10000000      0x100
                0x10000000                        __boot2_start__ = .
 *(.boot2)
 .boot2         0x10000000      0x100 C:\Users\GAMER\AppData\Local\Temp\ccMLHZjW.o
                0x10000100                        __boot2_end__ = .
                0x00000001                        ASSERT (((__boot2_end__ - __boot2_start__) == 0x100), ERROR: Pico second stage bootloader must be 256 bytes in size)

.text           0x10000100     0x7c54
                0x10000100                        __logical_binary_start = .
 *(.vectors)
 .vectors       0x10000100       0xd4 CMakeFiles/ASCE_Picomotor.dir/C_/Users/GAMER/.pico-sdk/sdk/2.0.0/src/rp2_common/pico_crt0/crt0.S.obj
                0x10000100                __VECTOR_TABLE
                0x10000100                __vectors
                0x100001c0                isr_invalid
                0x100001c0                __default_isrs_start
                0x100001c2                isr_nmi
                0x100001c4                isr_hardfault
                0x100001c6                isr_svcall
                0x100001c8                isr_pendsv
                0x100001ca                isr_systick
                0x100001cc                isr_irq23
                0x100001cc                isr_irq18
                0x100001cc                isr_irq11
                0x100001cc                isr_irq28
                0x100001cc                isr_irq19
                0x100001cc                isr_irq0
                0x100001cc                isr_irq6
                0x100001cc                isr_irq5
                0x100001cc                isr_irq12
                0x100001cc                isr_irq22
                0x100001cc                isr_irq31
                0x100001cc                isr_irq17
                0x100001cc                isr_irq27
                0x100001cc                isr_irq30
                0x100001cc                isr_irq2
                0x100001cc                isr_irq10
                0x100001cc                isr_irq8
                0x100001cc                isr_irq24
                0x100001cc                isr_irq1
                0x100001cc                isr_irq7
                0x100001cc                isr_irq21
                0x100001cc                isr_irq20
                0x100001cc                isr_irq15
                0x100001cc                isr_irq25
                0x100001cc                isr_irq13
                0x100001cc                __unhandled_user_irq
                0x100001cc                isr_irq4
                0x100001cc                isr_irq16
                0x100001cc                isr_irq29
                0x100001cc                isr_irq26
                0x100001cc                __default_isrs_end
                0x100001cc                isr_irq3
                0x100001cc                isr_irq14
                0x100001cc                isr_irq9
                0x100001d2                unhandled_user_irq_num_in_r0
 *(.binary_info_header)
 .binary_info_header
                0x100001d4       0x14 CMakeFiles/ASCE_Picomotor.dir/C_/Users/GAMER/.pico-sdk/sdk/2.0.0/src/rp2_common/pico_crt0/crt0.S.obj
                0x100001e8                        __binary_info_header_end = .
 *(.embedded_block)
                0x100001e8                        __embedded_block_end = .
 *(.reset)
 .reset         0x100001e8       0x9c CMakeFiles/ASCE_Picomotor.dir/C_/Users/GAMER/.pico-sdk/sdk/2.0.0/src/rp2_common/pico_crt0/crt0.S.obj
                0x100001e8                _entry_point
 *(.init)
 .init          0x10000284        0x4 C:/Users/GAMER/.pico-sdk/toolchain/13_2_Rel1/bin/../lib/gcc/arm-none-eabi/13.2.1/thumb/v6-m/nofp/crti.o
                0x10000284                _init
 *(EXCLUDE_FILE(*libm.a: *libc.a:*lib_a-mem*.o *libgcc.a:) .text*)
 .text.register_tm_clones
                0x10000288       0x28 C:/Users/GAMER/.pico-sdk/toolchain/13_2_Rel1/bin/../lib/gcc/arm-none-eabi/13.2.1/thumb/v6-m/nofp/crtbegin.o
 .text.frame_dummy
                0x100002b0       0x24 C:/Users/GAMER/.pico-sdk/toolchain/13_2_Rel1/bin/../lib/gcc/arm-none-eabi/13.2.1/thumb/v6-m/nofp/crtbegin.o
 .text._ZN7TwoWire5beginEh
                0x100002d4       0x48 CMakeFiles/ASCE_Picomotor.dir/Wire.cpp.obj
                0x100002d4                TwoWire::begin(unsigned char)
 .text._ZN7TwoWire5writeEh
                0x1000031c       0x48 CMakeFiles/ASCE_Picomotor.dir/Wire.cpp.obj
                0x1000031c                TwoWire::write(unsigned char)
 .text._ZN7TwoWire9onReceiveEPFviE
                0x10000364        0x4 CMakeFiles/ASCE_Picomotor.dir/Wire.cpp.obj
                0x10000364                TwoWire::onReceive(void (*)(int))
 .text._ZN7TwoWire9onRequestEPFvvE
                0x10000368        0x4 CMakeFiles/ASCE_Picomotor.dir/Wire.cpp.obj
                0x10000368                TwoWire::onRequest(void (*)())
 .text.startup._GLOBAL__sub_I_Wire
                0x1000036c       0x28 CMakeFiles/ASCE_Picomotor.dir/Wire.cpp.obj
 .text._Z10servo_coreP15repeating_timer
                0x10000394       0xc8 CMakeFiles/ASCE_Picomotor.dir/ASCE_Picomotor.cpp.obj
                0x10000394                servo_core(repeating_timer*)
 .text._Z6answerv
                0x1000045c       0x48 CMakeFiles/ASCE_Picomotor.dir/ASCE_Picomotor.cpp.obj
                0x1000045c                answer()
 .text._Z13fetch_commandi
                0x100004a4       0xf0 CMakeFiles/ASCE_Picomotor.dir/ASCE_Picomotor.cpp.obj
                0x100004a4                fetch_command(int)
 .text._Z16second_core_testv
                0x10000594      0x460 CMakeFiles/ASCE_Picomotor.dir/ASCE_Picomotor.cpp.obj
                0x10000594                second_core_test()
 .text.startup.main
                0x100009f4      0x710 CMakeFiles/ASCE_Picomotor.dir/ASCE_Picomotor.cpp.obj
                0x100009f4                main
 .text.startup._GLOBAL__sub_I_left_side_motor_pwm_config
                0x10001104       0x5c CMakeFiles/ASCE_Picomotor.dir/ASCE_Picomotor.cpp.obj
 .text.gpio_set_function
                0x10001160       0x34 CMakeFiles/ASCE_Picomotor.dir/C_/Users/GAMER/.pico-sdk/sdk/2.0.0/src/rp2_common/hardware_gpio/gpio.c.obj
                0x10001160                gpio_set_function
 .text.gpio_set_pulls
                0x10001194       0x28 CMakeFiles/ASCE_Picomotor.dir/C_/Users/GAMER/.pico-sdk/sdk/2.0.0/src/rp2_common/hardware_gpio/gpio.c.obj
                0x10001194                gpio_set_pulls
 .text.gpio_init
                0x100011bc       0x40 CMakeFiles/ASCE_Picomotor.dir/C_/Users/GAMER/.pico-sdk/sdk/2.0.0/src/rp2_common/hardware_gpio/gpio.c.obj
                0x100011bc                gpio_init
 .text.rp2040_chip_version
                0x100011fc        0xc CMakeFiles/ASCE_Picomotor.dir/C_/Users/GAMER/.pico-sdk/sdk/2.0.0/src/rp2040/pico_platform/platform.c.obj
                0x100011fc                rp2040_chip_version
 .text.panic    0x10001208       0x30 CMakeFiles/ASCE_Picomotor.dir/C_/Users/GAMER/.pico-sdk/sdk/2.0.0/src/rp2_common/pico_platform_panic/panic.c.obj
                0x10001208                panic
 .text.hw_claim_or_assert
                0x10001238       0x44 CMakeFiles/ASCE_Picomotor.dir/C_/Users/GAMER/.pico-sdk/sdk/2.0.0/src/common/hardware_claim/claim.c.obj
                0x10001238                hw_claim_or_assert
 .text.hw_claim_unused_from_range
                0x1000127c       0x9c CMakeFiles/ASCE_Picomotor.dir/C_/Users/GAMER/.pico-sdk/sdk/2.0.0/src/common/hardware_claim/claim.c.obj
                0x1000127c                hw_claim_unused_from_range
 .text.next_striped_spin_lock_num
                0x10001318       0x18 CMakeFiles/ASCE_Picomotor.dir/C_/Users/GAMER/.pico-sdk/sdk/2.0.0/src/rp2_common/hardware_sync/sync.c.obj
                0x10001318                next_striped_spin_lock_num
 .text.spin_lock_claim_unused
                0x10001330       0x24 CMakeFiles/ASCE_Picomotor.dir/C_/Users/GAMER/.pico-sdk/sdk/2.0.0/src/rp2_common/hardware_sync/sync.c.obj
                0x10001330                spin_lock_claim_unused
 .text.spin_locks_reset
                0x10001354       0x1c CMakeFiles/ASCE_Picomotor.dir/C_/Users/GAMER/.pico-sdk/sdk/2.0.0/src/rp2_common/hardware_sync_spin_lock/sync_spin_lock.c.obj
                0x10001354                spin_locks_reset
 .text.runtime_init_per_core_irq_priorities
                0x10001370       0x24 CMakeFiles/ASCE_Picomotor.dir/C_/Users/GAMER/.pico-sdk/sdk/2.0.0/src/rp2_common/hardware_irq/irq.c.obj
                0x10001370                runtime_init_per_core_irq_priorities
 .text.irq_set_enabled
                0x10001394       0x24 CMakeFiles/ASCE_Picomotor.dir/C_/Users/GAMER/.pico-sdk/sdk/2.0.0/src/rp2_common/hardware_irq/irq.c.obj
                0x10001394                irq_set_enabled
 .text.irq_is_enabled
                0x100013b8       0x18 CMakeFiles/ASCE_Picomotor.dir/C_/Users/GAMER/.pico-sdk/sdk/2.0.0/src/rp2_common/hardware_irq/irq.c.obj
                0x100013b8                irq_is_enabled
 .text.irq_set_pending
                0x100013d0       0x10 CMakeFiles/ASCE_Picomotor.dir/C_/Users/GAMER/.pico-sdk/sdk/2.0.0/src/rp2_common/hardware_irq/irq.c.obj
                0x100013d0                irq_set_pending
 .text.irq_has_shared_handler
                0x100013e0       0x2c CMakeFiles/ASCE_Picomotor.dir/C_/Users/GAMER/.pico-sdk/sdk/2.0.0/src/rp2_common/hardware_irq/irq.c.obj
                0x100013e0                irq_has_shared_handler
 .text.irq_set_exclusive_handler
                0x1000140c       0x54 CMakeFiles/ASCE_Picomotor.dir/C_/Users/GAMER/.pico-sdk/sdk/2.0.0/src/rp2_common/hardware_irq/irq.c.obj
                0x1000140c                irq_set_exclusive_handler
 .text.irq_add_shared_handler
                0x10001460      0x1f4 CMakeFiles/ASCE_Picomotor.dir/C_/Users/GAMER/.pico-sdk/sdk/2.0.0/src/rp2_common/hardware_irq/irq.c.obj
                0x10001460                irq_add_shared_handler
 .text.irq_remove_handler
                0x10001654      0x1d4 CMakeFiles/ASCE_Picomotor.dir/C_/Users/GAMER/.pico-sdk/sdk/2.0.0/src/rp2_common/hardware_irq/irq.c.obj
                0x10001654                irq_remove_handler
 .text.irq_add_tail_to_free_list
                0x10001828       0xb4 CMakeFiles/ASCE_Picomotor.dir/C_/Users/GAMER/.pico-sdk/sdk/2.0.0/src/rp2_common/hardware_irq/irq.c.obj
                0x10001828                irq_add_tail_to_free_list
 .text.user_irq_claim_unused
                0x100018dc       0x2c CMakeFiles/ASCE_Picomotor.dir/C_/Users/GAMER/.pico-sdk/sdk/2.0.0/src/rp2_common/hardware_irq/irq.c.obj
                0x100018dc                user_irq_claim_unused
 .text.lock_init
                0x10001908       0x10 CMakeFiles/ASCE_Picomotor.dir/C_/Users/GAMER/.pico-sdk/sdk/2.0.0/src/common/pico_sync/lock_core.c.obj
                0x10001908                lock_init
 .text.runtime_init_mutex
                0x10001918       0x50 CMakeFiles/ASCE_Picomotor.dir/C_/Users/GAMER/.pico-sdk/sdk/2.0.0/src/common/pico_sync/mutex.c.obj
                0x10001918                runtime_init_mutex
 .text.mutex_init
                0x10001968       0x1c CMakeFiles/ASCE_Picomotor.dir/C_/Users/GAMER/.pico-sdk/sdk/2.0.0/src/common/pico_sync/mutex.c.obj
                0x10001968                mutex_init
 .text.critical_section_init
                0x10001984       0x1c CMakeFiles/ASCE_Picomotor.dir/C_/Users/GAMER/.pico-sdk/sdk/2.0.0/src/common/pico_sync/critical_section.c.obj
                0x10001984                critical_section_init
 .text.critical_section_init_with_lock_num
                0x100019a0       0x14 CMakeFiles/ASCE_Picomotor.dir/C_/Users/GAMER/.pico-sdk/sdk/2.0.0/src/common/pico_sync/critical_section.c.obj
                0x100019a0                critical_section_init_with_lock_num
 .text.sleep_until_callback
                0x100019b4       0x30 CMakeFiles/ASCE_Picomotor.dir/C_/Users/GAMER/.pico-sdk/sdk/2.0.0/src/common/pico_time/time.c.obj
 .text.alarm_pool_irq_handler
                0x100019e4      0x2e4 CMakeFiles/ASCE_Picomotor.dir/C_/Users/GAMER/.pico-sdk/sdk/2.0.0/src/common/pico_time/time.c.obj
 .text.runtime_init_default_alarm_pool
                0x10001cc8       0xdc CMakeFiles/ASCE_Picomotor.dir/C_/Users/GAMER/.pico-sdk/sdk/2.0.0/src/common/pico_time/time.c.obj
                0x10001cc8                runtime_init_default_alarm_pool
 .text.alarm_pool_get_default
                0x10001da4        0x8 CMakeFiles/ASCE_Picomotor.dir/C_/Users/GAMER/.pico-sdk/sdk/2.0.0/src/common/pico_time/time.c.obj
                0x10001da4                alarm_pool_get_default
 .text.alarm_pool_add_alarm_at
                0x10001dac       0xd4 CMakeFiles/ASCE_Picomotor.dir/C_/Users/GAMER/.pico-sdk/sdk/2.0.0/src/common/pico_time/time.c.obj
                0x10001dac                alarm_pool_add_alarm_at
 .text.alarm_pool_add_alarm_at_force_in_context
                0x10001e80       0xb0 CMakeFiles/ASCE_Picomotor.dir/C_/Users/GAMER/.pico-sdk/sdk/2.0.0/src/common/pico_time/time.c.obj
                0x10001e80                alarm_pool_add_alarm_at_force_in_context
 .text.alarm_pool_cancel_alarm
                0x10001f30       0x74 CMakeFiles/ASCE_Picomotor.dir/C_/Users/GAMER/.pico-sdk/sdk/2.0.0/src/common/pico_time/time.c.obj
                0x10001f30                alarm_pool_cancel_alarm
 .text.alarm_pool_core_num
                0x10001fa4        0x4 CMakeFiles/ASCE_Picomotor.dir/C_/Users/GAMER/.pico-sdk/sdk/2.0.0/src/common/pico_time/time.c.obj
                0x10001fa4                alarm_pool_core_num
 .text.sleep_until
                0x10001fa8       0xd8 CMakeFiles/ASCE_Picomotor.dir/C_/Users/GAMER/.pico-sdk/sdk/2.0.0/src/common/pico_time/time.c.obj
                0x10001fa8                sleep_until
 .text.sleep_ms
                0x10002080       0x38 CMakeFiles/ASCE_Picomotor.dir/C_/Users/GAMER/.pico-sdk/sdk/2.0.0/src/common/pico_time/time.c.obj
                0x10002080                sleep_ms
 .text.best_effort_wfe_or_timeout
                0x100020b8      0x134 CMakeFiles/ASCE_Picomotor.dir/C_/Users/GAMER/.pico-sdk/sdk/2.0.0/src/common/pico_time/time.c.obj
                0x100020b8                best_effort_wfe_or_timeout
 .text.alarm_pool_add_repeating_timer_us
                0x100021ec      0x128 CMakeFiles/ASCE_Picomotor.dir/C_/Users/GAMER/.pico-sdk/sdk/2.0.0/src/common/pico_time/time.c.obj
                0x100021ec                alarm_pool_add_repeating_timer_us
 .text.timer_hardware_alarm_claim
                0x10002314       0x14 CMakeFiles/ASCE_Picomotor.dir/C_/Users/GAMER/.pico-sdk/sdk/2.0.0/src/rp2_common/hardware_timer/timer.c.obj
                0x10002314                timer_hardware_alarm_claim
 .text.timer_time_us_64
                0x10002328       0x10 CMakeFiles/ASCE_Picomotor.dir/C_/Users/GAMER/.pico-sdk/sdk/2.0.0/src/rp2_common/hardware_timer/timer.c.obj
                0x10002328                timer_time_us_64
 .text.time_us_64
                0x10002338       0x14 CMakeFiles/ASCE_Picomotor.dir/C_/Users/GAMER/.pico-sdk/sdk/2.0.0/src/rp2_common/hardware_timer/timer.c.obj
                0x10002338                time_us_64
 .text.busy_wait_until
                0x1000234c       0x20 CMakeFiles/ASCE_Picomotor.dir/C_/Users/GAMER/.pico-sdk/sdk/2.0.0/src/rp2_common/hardware_timer/timer.c.obj
                0x1000234c                busy_wait_until
 .text.clock_configure_int_divider
                0x1000236c       0xf4 CMakeFiles/ASCE_Picomotor.dir/C_/Users/GAMER/.pico-sdk/sdk/2.0.0/src/rp2_common/hardware_clocks/clocks.c.obj
                0x1000236c                clock_configure_int_divider
 .text.clock_configure_undivided
                0x10002460       0xe8 CMakeFiles/ASCE_Picomotor.dir/C_/Users/GAMER/.pico-sdk/sdk/2.0.0/src/rp2_common/hardware_clocks/clocks.c.obj
                0x10002460                clock_configure_undivided
 .text.clock_get_hz
                0x10002548        0xc CMakeFiles/ASCE_Picomotor.dir/C_/Users/GAMER/.pico-sdk/sdk/2.0.0/src/rp2_common/hardware_clocks/clocks.c.obj
                0x10002548                clock_get_hz
 .text.pll_init
                0x10002554       0xa4 CMakeFiles/ASCE_Picomotor.dir/C_/Users/GAMER/.pico-sdk/sdk/2.0.0/src/rp2_common/hardware_pll/pll.c.obj
                0x10002554                pll_init
 .text.watchdog_reboot
                0x100025f8       0x9c CMakeFiles/ASCE_Picomotor.dir/C_/Users/GAMER/.pico-sdk/sdk/2.0.0/src/rp2_common/hardware_watchdog/watchdog.c.obj
                0x100025f8                watchdog_reboot
 .text.tick_start
                0x10002694       0x10 CMakeFiles/ASCE_Picomotor.dir/C_/Users/GAMER/.pico-sdk/sdk/2.0.0/src/rp2_common/hardware_ticks/ticks.c.obj
                0x10002694                tick_start
 .text.xosc_init
                0x100026a4       0x28 CMakeFiles/ASCE_Picomotor.dir/C_/Users/GAMER/.pico-sdk/sdk/2.0.0/src/rp2_common/hardware_xosc/xosc.c.obj
                0x100026a4                xosc_init
 .text.first_per_core_initializer
                0x100026cc        0x4 CMakeFiles/ASCE_Picomotor.dir/C_/Users/GAMER/.pico-sdk/sdk/2.0.0/src/rp2_common/pico_runtime/runtime.c.obj
 .text.hard_assertion_failure
                0x100026d0        0xc CMakeFiles/ASCE_Picomotor.dir/C_/Users/GAMER/.pico-sdk/sdk/2.0.0/src/rp2_common/pico_runtime/runtime.c.obj
                0x100026d0                hard_assertion_failure
 .text.runtime_run_initializers
                0x100026dc       0x28 CMakeFiles/ASCE_Picomotor.dir/C_/Users/GAMER/.pico-sdk/sdk/2.0.0/src/rp2_common/pico_runtime/runtime.c.obj
                0x100026dc                runtime_run_initializers
 .text.runtime_run_per_core_initializers
                0x10002704       0x28 CMakeFiles/ASCE_Picomotor.dir/C_/Users/GAMER/.pico-sdk/sdk/2.0.0/src/rp2_common/pico_runtime/runtime.c.obj
                0x10002704                runtime_run_per_core_initializers
 .text.runtime_init_early_resets
                0x1000272c       0x2c CMakeFiles/ASCE_Picomotor.dir/C_/Users/GAMER/.pico-sdk/sdk/2.0.0/src/rp2_common/pico_runtime_init/runtime_init.c.obj
                0x1000272c                runtime_init_early_resets
 .text.runtime_init_usb_power_down
                0x10002758       0x1c CMakeFiles/ASCE_Picomotor.dir/C_/Users/GAMER/.pico-sdk/sdk/2.0.0/src/rp2_common/pico_runtime_init/runtime_init.c.obj
                0x10002758                runtime_init_usb_power_down
 .text.runtime_init_post_clock_resets
                0x10002774       0x20 CMakeFiles/ASCE_Picomotor.dir/C_/Users/GAMER/.pico-sdk/sdk/2.0.0/src/rp2_common/pico_runtime_init/runtime_init.c.obj
                0x10002774                runtime_init_post_clock_resets
 .text.runtime_init_rp2040_gpio_ie_disable
                0x10002794       0x14 CMakeFiles/ASCE_Picomotor.dir/C_/Users/GAMER/.pico-sdk/sdk/2.0.0/src/rp2_common/pico_runtime_init/runtime_init.c.obj
                0x10002794                runtime_init_rp2040_gpio_ie_disable
 .text.runtime_init_spin_locks_reset
                0x100027a8        0x8 CMakeFiles/ASCE_Picomotor.dir/C_/Users/GAMER/.pico-sdk/sdk/2.0.0/src/rp2_common/pico_runtime_init/runtime_init.c.obj
                0x100027a8                runtime_init_spin_locks_reset
 .text.runtime_init_install_ram_vector_table
                0x100027b0       0x1c CMakeFiles/ASCE_Picomotor.dir/C_/Users/GAMER/.pico-sdk/sdk/2.0.0/src/rp2_common/pico_runtime_init/runtime_init.c.obj
                0x100027b0                runtime_init_install_ram_vector_table
 .text.runtime_init_clocks
                0x100027cc       0xd8 CMakeFiles/ASCE_Picomotor.dir/C_/Users/GAMER/.pico-sdk/sdk/2.0.0/src/rp2_common/pico_runtime_init/runtime_init_clocks.c.obj
                0x100027cc                runtime_init_clocks
 .text          0x100028a4       0x10 CMakeFiles/ASCE_Picomotor.dir/C_/Users/GAMER/.pico-sdk/sdk/2.0.0/src/rp2_common/pico_bit_ops/bit_ops_aeabi.S.obj
 .text.rom_func_lookup
                0x100028b4       0x10 CMakeFiles/ASCE_Picomotor.dir/C_/Users/GAMER/.pico-sdk/sdk/2.0.0/src/rp2_common/pico_bootrom/bootrom.c.obj
                0x100028b4                rom_func_lookup
 .text.rom_data_lookup
                0x100028c4       0x10 CMakeFiles/ASCE_Picomotor.dir/C_/Users/GAMER/.pico-sdk/sdk/2.0.0/src/rp2_common/pico_bootrom/bootrom.c.obj
                0x100028c4                rom_data_lookup
 .text.rom_funcs_lookup
                0x100028d4       0x44 CMakeFiles/ASCE_Picomotor.dir/C_/Users/GAMER/.pico-sdk/sdk/2.0.0/src/rp2_common/pico_bootrom/bootrom.c.obj
                0x100028d4                rom_funcs_lookup
 .text.rom_reset_usb_boot
                0x10002918       0x20 CMakeFiles/ASCE_Picomotor.dir/C_/Users/GAMER/.pico-sdk/sdk/2.0.0/src/rp2_common/pico_bootrom/bootrom.c.obj
                0x10002918                rom_reset_usb_boot
 .text.__wrap___aeabi_idiv
                0x10002938       0x50 CMakeFiles/ASCE_Picomotor.dir/C_/Users/GAMER/.pico-sdk/sdk/2.0.0/src/rp2_common/pico_divider/divider_hardware.S.obj
                0x10002938                __wrap___aeabi_idivmod
                0x10002938                divmod_s32s32
                0x10002938                div_s32s32
                0x10002938                __wrap___aeabi_idiv
                0x10002940                divmod_s32s32_unsafe
                0x1000296c                divmod_s32s32_savestate
 .text.__wrap___aeabi_uidiv
                0x10002988       0x4c CMakeFiles/ASCE_Picomotor.dir/C_/Users/GAMER/.pico-sdk/sdk/2.0.0/src/rp2_common/pico_divider/divider_hardware.S.obj
                0x10002988                __wrap___aeabi_uidiv
                0x10002988                __wrap___aeabi_uidivmod
                0x10002988                div_u32u32
                0x10002988                divmod_u32u32
                0x10002990                divmod_u32u32_unsafe
                0x100029b8                divmod_u32u32_savestate
 .text.__wrap___aeabi_ldiv
                0x100029d4      0x424 CMakeFiles/ASCE_Picomotor.dir/C_/Users/GAMER/.pico-sdk/sdk/2.0.0/src/rp2_common/pico_divider/divider_hardware.S.obj
                0x100029d4                div_s64s64
                0x100029d4                divmod_s64s64
                0x100029d4                __wrap___aeabi_ldivmod
                0x10002a04                divmod_u64u64
                0x10002a04                div_u64u64
                0x10002a04                __wrap___aeabi_uldivmod
                0x10002a14                divmod_u64u64_savestate
                0x10002a34                divmod_s64s64_unsafe
                0x10002abc                divmod_u64u64_unsafe
 .text.__wrap___aeabi_darithmetic
                0x10002df8       0x80 CMakeFiles/ASCE_Picomotor.dir/C_/Users/GAMER/.pico-sdk/sdk/2.0.0/src/rp2_common/pico_double/double_aeabi_rp2040.S.obj
                0x10002df8                __wrap___aeabi_drsub
                0x10002dfe                __wrap___aeabi_dsub
                0x10002e10                __wrap___aeabi_dadd
                0x10002e22                __wrap___aeabi_ddiv
                0x10002e5e                __wrap___aeabi_dmul
 .text.__wrap___aeabi_cdcmple
                0x10002e78       0x6c CMakeFiles/ASCE_Picomotor.dir/C_/Users/GAMER/.pico-sdk/sdk/2.0.0/src/rp2_common/pico_double/double_aeabi_rp2040.S.obj
                0x10002e78                __wrap___aeabi_cdrcmple
                0x10002e88                __wrap___aeabi_cdcmpeq
                0x10002e88                __wrap___aeabi_cdcmple
 .text.__wrap___aeabi_dcmplt
                0x10002ee4        0xc CMakeFiles/ASCE_Picomotor.dir/C_/Users/GAMER/.pico-sdk/sdk/2.0.0/src/rp2_common/pico_double/double_aeabi_rp2040.S.obj
                0x10002ee4                __wrap___aeabi_dcmplt
 .text.__wrap___aeabi_dcmpge
                0x10002ef0       0x10 CMakeFiles/ASCE_Picomotor.dir/C_/Users/GAMER/.pico-sdk/sdk/2.0.0/src/rp2_common/pico_double/double_aeabi_rp2040.S.obj
                0x10002ef0                __wrap___aeabi_dcmpge
 .text.__wrap___aeabi_dcmpgt
                0x10002f00        0xa CMakeFiles/ASCE_Picomotor.dir/C_/Users/GAMER/.pico-sdk/sdk/2.0.0/src/rp2_common/pico_double/double_aeabi_rp2040.S.obj
                0x10002f00                __wrap___aeabi_dcmpgt
 .text.__wrap___aeabi_dcmpun
                0x10002f0a       0x18 CMakeFiles/ASCE_Picomotor.dir/C_/Users/GAMER/.pico-sdk/sdk/2.0.0/src/rp2_common/pico_double/double_aeabi_rp2040.S.obj
                0x10002f0a                __wrap___aeabi_dcmpun
 *fill*         0x10002f22        0x2 
 .text.__wrap___aeabi_i2d
                0x10002f24       0x38 CMakeFiles/ASCE_Picomotor.dir/C_/Users/GAMER/.pico-sdk/sdk/2.0.0/src/rp2_common/pico_double/double_aeabi_rp2040.S.obj
                0x10002f24                __wrap___aeabi_ui2d
                0x10002f2c                __wrap___aeabi_i2d
 .text.__wrap___aeabi_d2iz
                0x10002f5c       0x48 CMakeFiles/ASCE_Picomotor.dir/C_/Users/GAMER/.pico-sdk/sdk/2.0.0/src/rp2_common/pico_double/double_aeabi_rp2040.S.obj
                0x10002f5c                double2int_z
                0x10002f5c                __wrap___aeabi_d2iz
 .text.__wrap___aeabi_d2uiz
                0x10002fa4       0x18 CMakeFiles/ASCE_Picomotor.dir/C_/Users/GAMER/.pico-sdk/sdk/2.0.0/src/rp2_common/pico_double/double_aeabi_rp2040.S.obj
                0x10002fa4                __wrap___aeabi_d2uiz
                0x10002fa4                double2uint
 .text.__aeabi_double_init
                0x10002fbc       0xa4 CMakeFiles/ASCE_Picomotor.dir/C_/Users/GAMER/.pico-sdk/sdk/2.0.0/src/rp2_common/pico_double/double_init_rom_rp2040.c.obj
                0x10002fbc                __aeabi_double_init
 .text.double_table_shim_on_use_helper
                0x10003060       0x2c CMakeFiles/ASCE_Picomotor.dir/C_/Users/GAMER/.pico-sdk/sdk/2.0.0/src/rp2_common/pico_double/double_v1_rom_shim_rp2040.S.obj
                0x10003060                double_table_shim_on_use_helper
 .text.__wrap___aeabi_dsub
                0x1000308c       0x10 CMakeFiles/ASCE_Picomotor.dir/C_/Users/GAMER/.pico-sdk/sdk/2.0.0/src/rp2_common/pico_double/double_v1_rom_shim_rp2040.S.obj
                0x1000308c                drsub_shim
                0x10003092                dsub_shim
 .text.dadd_shim
                0x1000309c      0x15c CMakeFiles/ASCE_Picomotor.dir/C_/Users/GAMER/.pico-sdk/sdk/2.0.0/src/rp2_common/pico_double/double_v1_rom_shim_rp2040.S.obj
                0x1000309c                dadd_shim
 .text.dmul_shim
                0x100031f8      0x15c CMakeFiles/ASCE_Picomotor.dir/C_/Users/GAMER/.pico-sdk/sdk/2.0.0/src/rp2_common/pico_double/double_v1_rom_shim_rp2040.S.obj
                0x100031f8                dmul_shim
 .text.ddiv_shim
                0x10003354      0x1b0 CMakeFiles/ASCE_Picomotor.dir/C_/Users/GAMER/.pico-sdk/sdk/2.0.0/src/rp2_common/pico_double/double_v1_rom_shim_rp2040.S.obj
                0x10003354                ddiv_shim
 .text.double2uint_shim
                0x10003504        0xe CMakeFiles/ASCE_Picomotor.dir/C_/Users/GAMER/.pico-sdk/sdk/2.0.0/src/rp2_common/pico_double/double_v1_rom_shim_rp2040.S.obj
                0x10003504                double2uint_shim
                0x10003506                double2ufix_shim
 *fill*         0x10003512        0x2 
 .text.double2uint64_shim
                0x10003514       0x70 CMakeFiles/ASCE_Picomotor.dir/C_/Users/GAMER/.pico-sdk/sdk/2.0.0/src/rp2_common/pico_double/double_v1_rom_shim_rp2040.S.obj
                0x10003514                double2uint64_shim
                0x10003516                double2ufix64_shim
                0x10003536                d2fix_a
 .text.dunpacks
                0x10003584       0x3c CMakeFiles/ASCE_Picomotor.dir/C_/Users/GAMER/.pico-sdk/sdk/2.0.0/src/rp2_common/pico_double/double_v1_rom_shim_rp2040.S.obj
                0x10003584                dunpacks
 .text.__aeabi_lmul
                0x100035c0       0x32 CMakeFiles/ASCE_Picomotor.dir/C_/Users/GAMER/.pico-sdk/sdk/2.0.0/src/rp2_common/pico_int64_ops/pico_int64_ops_aeabi.S.obj
                0x100035c0                __wrap___aeabi_lmul
 *fill*         0x100035f2        0x2 
 .text.__wrap___aeabi_cfcmple
                0x100035f4       0x50 CMakeFiles/ASCE_Picomotor.dir/C_/Users/GAMER/.pico-sdk/sdk/2.0.0/src/rp2_common/pico_float/float_aeabi_rp2040.S.obj
                0x100035f4                __wrap___aeabi_cfrcmple
                0x10003600                __wrap___aeabi_cfcmple
                0x10003600                __wrap___aeabi_cfcmpeq
 .text.__wrap___aeabi_fcmplt
                0x10003644        0xc CMakeFiles/ASCE_Picomotor.dir/C_/Users/GAMER/.pico-sdk/sdk/2.0.0/src/rp2_common/pico_float/float_aeabi_rp2040.S.obj
                0x10003644                __wrap___aeabi_fcmplt
 .text.__wrap___aeabi_fcmpge
                0x10003650       0x10 CMakeFiles/ASCE_Picomotor.dir/C_/Users/GAMER/.pico-sdk/sdk/2.0.0/src/rp2_common/pico_float/float_aeabi_rp2040.S.obj
                0x10003650                __wrap___aeabi_fcmpge
 .text.__wrap___aeabi_ui2f
                0x10003660        0xa CMakeFiles/ASCE_Picomotor.dir/C_/Users/GAMER/.pico-sdk/sdk/2.0.0/src/rp2_common/pico_float/float_aeabi_rp2040.S.obj
                0x10003660                __wrap___aeabi_ui2f
                0x10003660                uint2float
 *fill*         0x1000366a        0x2 
 .text.__wrap___aeabi_i2f
                0x1000366c       0x44 CMakeFiles/ASCE_Picomotor.dir/C_/Users/GAMER/.pico-sdk/sdk/2.0.0/src/rp2_common/pico_float/float_aeabi_rp2040.S.obj
                0x1000366c                __wrap___aeabi_i2f
                0x1000366c                int2float
 .text.__wrap___aeabi_f2d
                0x100036b0       0x14 CMakeFiles/ASCE_Picomotor.dir/C_/Users/GAMER/.pico-sdk/sdk/2.0.0/src/rp2_common/pico_float/float_aeabi_rp2040.S.obj
                0x100036b0                __wrap___aeabi_f2d
 .text.__aeabi_float_init
                0x100036c4       0x64 CMakeFiles/ASCE_Picomotor.dir/C_/Users/GAMER/.pico-sdk/sdk/2.0.0/src/rp2_common/pico_float/float_init_rom_rp2040.c.obj
                0x100036c4                __aeabi_float_init
 .text.float_table_shim_on_use_helper
                0x10003728       0x2c CMakeFiles/ASCE_Picomotor.dir/C_/Users/GAMER/.pico-sdk/sdk/2.0.0/src/rp2_common/pico_float/float_v1_rom_shim_rp2040.S.obj
                0x10003728                float_table_shim_on_use_helper
 .text.float2double_shim
                0x10003754       0x30 CMakeFiles/ASCE_Picomotor.dir/C_/Users/GAMER/.pico-sdk/sdk/2.0.0/src/rp2_common/pico_float/float_v1_rom_shim_rp2040.S.obj
                0x10003754                float2double_shim
 .text          0x10003784       0x10 CMakeFiles/ASCE_Picomotor.dir/C_/Users/GAMER/.pico-sdk/sdk/2.0.0/src/rp2_common/pico_mem_ops/mem_ops_aeabi.S.obj
                0x10003784                __aeabi_mem_init
 .text.memset   0x10003794        0xc CMakeFiles/ASCE_Picomotor.dir/C_/Users/GAMER/.pico-sdk/sdk/2.0.0/src/rp2_common/pico_mem_ops/mem_ops_aeabi.S.obj
                0x10003794                __wrap_memset
 .text.memcpy   0x100037a0        0xc CMakeFiles/ASCE_Picomotor.dir/C_/Users/GAMER/.pico-sdk/sdk/2.0.0/src/rp2_common/pico_mem_ops/mem_ops_aeabi.S.obj
                0x100037a0                __wrap_memcpy
                0x100037a0                __wrap___aeabi_memcpy
 .text._out_null
                0x100037ac        0x4 CMakeFiles/ASCE_Picomotor.dir/C_/Users/GAMER/.pico-sdk/sdk/2.0.0/src/rp2_common/pico_printf/printf.c.obj
 .text._out_rev
                0x100037b0       0xac CMakeFiles/ASCE_Picomotor.dir/C_/Users/GAMER/.pico-sdk/sdk/2.0.0/src/rp2_common/pico_printf/printf.c.obj
 .text._ntoa_format
                0x1000385c      0x250 CMakeFiles/ASCE_Picomotor.dir/C_/Users/GAMER/.pico-sdk/sdk/2.0.0/src/rp2_common/pico_printf/printf.c.obj
 .text._out_char
                0x10003aac       0x10 CMakeFiles/ASCE_Picomotor.dir/C_/Users/GAMER/.pico-sdk/sdk/2.0.0/src/rp2_common/pico_printf/printf.c.obj
 .text._out_fct
                0x10003abc       0x10 CMakeFiles/ASCE_Picomotor.dir/C_/Users/GAMER/.pico-sdk/sdk/2.0.0/src/rp2_common/pico_printf/printf.c.obj
 .text._etoa    0x10003acc      0x464 CMakeFiles/ASCE_Picomotor.dir/C_/Users/GAMER/.pico-sdk/sdk/2.0.0/src/rp2_common/pico_printf/printf.c.obj
 .text._ftoa    0x10003f30      0x3c0 CMakeFiles/ASCE_Picomotor.dir/C_/Users/GAMER/.pico-sdk/sdk/2.0.0/src/rp2_common/pico_printf/printf.c.obj
 .text._vsnprintf
                0x100042f0      0xbc8 CMakeFiles/ASCE_Picomotor.dir/C_/Users/GAMER/.pico-sdk/sdk/2.0.0/src/rp2_common/pico_printf/printf.c.obj
 .text.vfctprintf
                0x10004eb8       0x20 CMakeFiles/ASCE_Picomotor.dir/C_/Users/GAMER/.pico-sdk/sdk/2.0.0/src/rp2_common/pico_printf/printf.c.obj
                0x10004eb8                vfctprintf
 .text.weak_raw_vprintf
                0x10004ed8       0x30 CMakeFiles/ASCE_Picomotor.dir/C_/Users/GAMER/.pico-sdk/sdk/2.0.0/src/rp2_common/pico_printf/printf.c.obj
                0x10004ed8                weak_raw_vprintf
 .text._exit    0x10004f08        0x4 CMakeFiles/ASCE_Picomotor.dir/C_/Users/GAMER/.pico-sdk/sdk/2.0.0/src/rp2_common/pico_clib_interface/newlib_interface.c.obj
                0x10004f08                _exit
 .text.exit     0x10004f0c        0x8 CMakeFiles/ASCE_Picomotor.dir/C_/Users/GAMER/.pico-sdk/sdk/2.0.0/src/rp2_common/pico_clib_interface/newlib_interface.c.obj
                0x10004f0c                exit
 .text.runtime_init
                0x10004f14       0x2c CMakeFiles/ASCE_Picomotor.dir/C_/Users/GAMER/.pico-sdk/sdk/2.0.0/src/rp2_common/pico_clib_interface/newlib_interface.c.obj
                0x10004f14                runtime_init
 .text.stdio_out_chars_no_crlf
                0x10004f40       0x10 CMakeFiles/ASCE_Picomotor.dir/C_/Users/GAMER/.pico-sdk/sdk/2.0.0/src/rp2_common/pico_stdio/stdio.c.obj
 .text.stdio_out_chars_crlf
                0x10004f50       0x94 CMakeFiles/ASCE_Picomotor.dir/C_/Users/GAMER/.pico-sdk/sdk/2.0.0/src/rp2_common/pico_stdio/stdio.c.obj
 .text.stdio_buffered_printer
                0x10004fe4       0x64 CMakeFiles/ASCE_Picomotor.dir/C_/Users/GAMER/.pico-sdk/sdk/2.0.0/src/rp2_common/pico_stdio/stdio.c.obj
 .text.stdio_put_string
                0x10005048      0x100 CMakeFiles/ASCE_Picomotor.dir/C_/Users/GAMER/.pico-sdk/sdk/2.0.0/src/rp2_common/pico_stdio/stdio.c.obj
                0x10005048                stdio_put_string
 .text.stdio_set_driver_enabled
                0x10005148       0x30 CMakeFiles/ASCE_Picomotor.dir/C_/Users/GAMER/.pico-sdk/sdk/2.0.0/src/rp2_common/pico_stdio/stdio.c.obj
                0x10005148                stdio_set_driver_enabled
 .text.stdio_init_all
                0x10005178        0x8 CMakeFiles/ASCE_Picomotor.dir/C_/Users/GAMER/.pico-sdk/sdk/2.0.0/src/rp2_common/pico_stdio/stdio.c.obj
                0x10005178                stdio_init_all
 .text.__wrap_putchar
                0x10005180       0x98 CMakeFiles/ASCE_Picomotor.dir/C_/Users/GAMER/.pico-sdk/sdk/2.0.0/src/rp2_common/pico_stdio/stdio.c.obj
                0x10005180                __wrap_putchar
                0x10005180                stdio_putchar
 .text.__wrap_puts
                0x10005218       0x3c CMakeFiles/ASCE_Picomotor.dir/C_/Users/GAMER/.pico-sdk/sdk/2.0.0/src/rp2_common/pico_stdio/stdio.c.obj
                0x10005218                stdio_puts
                0x10005218                __wrap_puts
 .text.__wrap_vprintf
                0x10005254       0xd4 CMakeFiles/ASCE_Picomotor.dir/C_/Users/GAMER/.pico-sdk/sdk/2.0.0/src/rp2_common/pico_stdio/stdio.c.obj
                0x10005254                stdio_vprintf
                0x10005254                __wrap_vprintf
 .text.__wrap_printf
                0x10005328       0x18 CMakeFiles/ASCE_Picomotor.dir/C_/Users/GAMER/.pico-sdk/sdk/2.0.0/src/rp2_common/pico_stdio/stdio.c.obj
                0x10005328                __wrap_printf
                0x10005328                stdio_printf
 .text.resetd_init
                0x10005340        0x4 CMakeFiles/ASCE_Picomotor.dir/C_/Users/GAMER/.pico-sdk/sdk/2.0.0/src/rp2_common/pico_stdio_usb/reset_interface.c.obj
 .text.resetd_reset
                0x10005344        0xc CMakeFiles/ASCE_Picomotor.dir/C_/Users/GAMER/.pico-sdk/sdk/2.0.0/src/rp2_common/pico_stdio_usb/reset_interface.c.obj
 .text.resetd_open
                0x10005350       0x28 CMakeFiles/ASCE_Picomotor.dir/C_/Users/GAMER/.pico-sdk/sdk/2.0.0/src/rp2_common/pico_stdio_usb/reset_interface.c.obj
 .text.resetd_xfer_cb
                0x10005378        0x4 CMakeFiles/ASCE_Picomotor.dir/C_/Users/GAMER/.pico-sdk/sdk/2.0.0/src/rp2_common/pico_stdio_usb/reset_interface.c.obj
 .text.resetd_control_xfer_cb
                0x1000537c       0x54 CMakeFiles/ASCE_Picomotor.dir/C_/Users/GAMER/.pico-sdk/sdk/2.0.0/src/rp2_common/pico_stdio_usb/reset_interface.c.obj
 .text.tud_descriptor_bos_cb
                0x100053d0        0x8 CMakeFiles/ASCE_Picomotor.dir/C_/Users/GAMER/.pico-sdk/sdk/2.0.0/src/rp2_common/pico_stdio_usb/reset_interface.c.obj
                0x100053d0                tud_descriptor_bos_cb
 .text.tud_vendor_control_xfer_cb
                0x100053d8       0x34 CMakeFiles/ASCE_Picomotor.dir/C_/Users/GAMER/.pico-sdk/sdk/2.0.0/src/rp2_common/pico_stdio_usb/reset_interface.c.obj
                0x100053d8                tud_vendor_control_xfer_cb
 .text.usbd_app_driver_get_cb
                0x1000540c        0xc CMakeFiles/ASCE_Picomotor.dir/C_/Users/GAMER/.pico-sdk/sdk/2.0.0/src/rp2_common/pico_stdio_usb/reset_interface.c.obj
                0x1000540c                usbd_app_driver_get_cb
 .text.tud_cdc_line_coding_cb
                0x10005418       0x28 CMakeFiles/ASCE_Picomotor.dir/C_/Users/GAMER/.pico-sdk/sdk/2.0.0/src/rp2_common/pico_stdio_usb/reset_interface.c.obj
                0x10005418                tud_cdc_line_coding_cb
 .text.stdio_usb_set_chars_available_callback
                0x10005440       0x14 CMakeFiles/ASCE_Picomotor.dir/C_/Users/GAMER/.pico-sdk/sdk/2.0.0/src/rp2_common/pico_stdio_usb/stdio_usb.c.obj
                0x10005440                stdio_usb_set_chars_available_callback
 .text.usb_irq  0x10005454       0x10 CMakeFiles/ASCE_Picomotor.dir/C_/Users/GAMER/.pico-sdk/sdk/2.0.0/src/rp2_common/pico_stdio_usb/stdio_usb.c.obj
 .text.timer_task
                0x10005464       0x64 CMakeFiles/ASCE_Picomotor.dir/C_/Users/GAMER/.pico-sdk/sdk/2.0.0/src/rp2_common/pico_stdio_usb/stdio_usb.c.obj
 .text.stdio_usb_in_chars
                0x100054c8       0x90 CMakeFiles/ASCE_Picomotor.dir/C_/Users/GAMER/.pico-sdk/sdk/2.0.0/src/rp2_common/pico_stdio_usb/stdio_usb.c.obj
                0x100054c8                stdio_usb_in_chars
 .text.stdio_usb_out_flush
                0x10005558       0x50 CMakeFiles/ASCE_Picomotor.dir/C_/Users/GAMER/.pico-sdk/sdk/2.0.0/src/rp2_common/pico_stdio_usb/stdio_usb.c.obj
 .text.stdio_usb_out_chars
                0x100055a8      0x104 CMakeFiles/ASCE_Picomotor.dir/C_/Users/GAMER/.pico-sdk/sdk/2.0.0/src/rp2_common/pico_stdio_usb/stdio_usb.c.obj
 .text.low_priority_worker_irq
                0x100056ac       0xcc CMakeFiles/ASCE_Picomotor.dir/C_/Users/GAMER/.pico-sdk/sdk/2.0.0/src/rp2_common/pico_stdio_usb/stdio_usb.c.obj
 .text.stdio_usb_init
                0x10005778       0xe8 CMakeFiles/ASCE_Picomotor.dir/C_/Users/GAMER/.pico-sdk/sdk/2.0.0/src/rp2_common/pico_stdio_usb/stdio_usb.c.obj
                0x10005778                stdio_usb_init
 .text.tud_descriptor_device_cb
                0x10005860        0x8 CMakeFiles/ASCE_Picomotor.dir/C_/Users/GAMER/.pico-sdk/sdk/2.0.0/src/rp2_common/pico_stdio_usb/stdio_usb_descriptors.c.obj
                0x10005860                tud_descriptor_device_cb
 .text.tud_descriptor_configuration_cb
                0x10005868        0x8 CMakeFiles/ASCE_Picomotor.dir/C_/Users/GAMER/.pico-sdk/sdk/2.0.0/src/rp2_common/pico_stdio_usb/stdio_usb_descriptors.c.obj
                0x10005868                tud_descriptor_configuration_cb
 .text.tud_descriptor_string_cb
                0x10005870       0x78 CMakeFiles/ASCE_Picomotor.dir/C_/Users/GAMER/.pico-sdk/sdk/2.0.0/src/rp2_common/pico_stdio_usb/stdio_usb_descriptors.c.obj
                0x10005870                tud_descriptor_string_cb
 .text.startup._retrieve_unique_id_on_boot
                0x100058e8       0x10 CMakeFiles/ASCE_Picomotor.dir/C_/Users/GAMER/.pico-sdk/sdk/2.0.0/src/rp2_common/pico_unique_id/unique_id.c.obj
 .text.pico_get_unique_board_id_string
                0x100058f8      0x1a8 CMakeFiles/ASCE_Picomotor.dir/C_/Users/GAMER/.pico-sdk/sdk/2.0.0/src/rp2_common/pico_unique_id/unique_id.c.obj
                0x100058f8                pico_get_unique_board_id_string
 .text.flash_get_unique_id
                0x10005aa0       0x3c CMakeFiles/ASCE_Picomotor.dir/C_/Users/GAMER/.pico-sdk/sdk/2.0.0/src/rp2_common/hardware_flash/flash.c.obj
                0x10005aa0                flash_get_unique_id
 .text.dcd_init
                0x10005adc       0x8c CMakeFiles/ASCE_Picomotor.dir/C_/Users/GAMER/.pico-sdk/sdk/2.0.0/lib/tinyusb/src/portable/raspberrypi/rp2040/dcd_rp2040.c.obj
                0x10005adc                dcd_init
 .text.dcd_int_enable
                0x10005b68        0xc CMakeFiles/ASCE_Picomotor.dir/C_/Users/GAMER/.pico-sdk/sdk/2.0.0/lib/tinyusb/src/portable/raspberrypi/rp2040/dcd_rp2040.c.obj
                0x10005b68                dcd_int_enable
 .text.dcd_set_address
                0x10005b74       0x14 CMakeFiles/ASCE_Picomotor.dir/C_/Users/GAMER/.pico-sdk/sdk/2.0.0/lib/tinyusb/src/portable/raspberrypi/rp2040/dcd_rp2040.c.obj
                0x10005b74                dcd_set_address
 .text.dcd_sof_enable
                0x10005b88       0x1c CMakeFiles/ASCE_Picomotor.dir/C_/Users/GAMER/.pico-sdk/sdk/2.0.0/lib/tinyusb/src/portable/raspberrypi/rp2040/dcd_rp2040.c.obj
                0x10005b88                dcd_sof_enable
 .text.dcd_edpt0_status_complete
                0x10005ba4       0x1c CMakeFiles/ASCE_Picomotor.dir/C_/Users/GAMER/.pico-sdk/sdk/2.0.0/lib/tinyusb/src/portable/raspberrypi/rp2040/dcd_rp2040.c.obj
                0x10005ba4                dcd_edpt0_status_complete
 .text.dcd_edpt_open
                0x10005bc0      0x108 CMakeFiles/ASCE_Picomotor.dir/C_/Users/GAMER/.pico-sdk/sdk/2.0.0/lib/tinyusb/src/portable/raspberrypi/rp2040/dcd_rp2040.c.obj
                0x10005bc0                dcd_edpt_open
 .text.dcd_edpt_close_all
                0x10005cc8        0x8 CMakeFiles/ASCE_Picomotor.dir/C_/Users/GAMER/.pico-sdk/sdk/2.0.0/lib/tinyusb/src/portable/raspberrypi/rp2040/dcd_rp2040.c.obj
                0x10005cc8                dcd_edpt_close_all
 .text.dcd_edpt_xfer
                0x10005cd0       0x24 CMakeFiles/ASCE_Picomotor.dir/C_/Users/GAMER/.pico-sdk/sdk/2.0.0/lib/tinyusb/src/portable/raspberrypi/rp2040/dcd_rp2040.c.obj
                0x10005cd0                dcd_edpt_xfer
 .text.dcd_edpt_stall
                0x10005cf4       0x34 CMakeFiles/ASCE_Picomotor.dir/C_/Users/GAMER/.pico-sdk/sdk/2.0.0/lib/tinyusb/src/portable/raspberrypi/rp2040/dcd_rp2040.c.obj
                0x10005cf4                dcd_edpt_stall
 .text.dcd_edpt_clear_stall
                0x10005d28       0x30 CMakeFiles/ASCE_Picomotor.dir/C_/Users/GAMER/.pico-sdk/sdk/2.0.0/lib/tinyusb/src/portable/raspberrypi/rp2040/dcd_rp2040.c.obj
                0x10005d28                dcd_edpt_clear_stall
 .text.rp2040_usb_init
                0x10005d58       0x40 CMakeFiles/ASCE_Picomotor.dir/C_/Users/GAMER/.pico-sdk/sdk/2.0.0/lib/tinyusb/src/portable/raspberrypi/rp2040/rp2040_usb.c.obj
                0x10005d58                rp2040_usb_init
 .text.hw_endpoint_xfer_start
                0x10005d98       0x40 CMakeFiles/ASCE_Picomotor.dir/C_/Users/GAMER/.pico-sdk/sdk/2.0.0/lib/tinyusb/src/portable/raspberrypi/rp2040/rp2040_usb.c.obj
                0x10005d98                hw_endpoint_xfer_start
 .text.tud_event_hook_cb
                0x10005dd8        0x4 CMakeFiles/ASCE_Picomotor.dir/C_/Users/GAMER/.pico-sdk/sdk/2.0.0/lib/tinyusb/src/device/usbd.c.obj
                0x10005dd8                tud_event_hook_cb
 .text.tud_sof_cb
                0x10005ddc        0x4 CMakeFiles/ASCE_Picomotor.dir/C_/Users/GAMER/.pico-sdk/sdk/2.0.0/lib/tinyusb/src/device/usbd.c.obj
                0x10005ddc                tud_sof_cb
 .text.tud_descriptor_device_qualifier_cb
                0x10005de0        0x4 CMakeFiles/ASCE_Picomotor.dir/C_/Users/GAMER/.pico-sdk/sdk/2.0.0/lib/tinyusb/src/device/usbd.c.obj
                0x10005de0                tud_descriptor_device_qualifier_cb
 .text.tud_descriptor_other_speed_configuration_cb
                0x10005de4        0x4 CMakeFiles/ASCE_Picomotor.dir/C_/Users/GAMER/.pico-sdk/sdk/2.0.0/lib/tinyusb/src/device/usbd.c.obj
                0x10005de4                tud_descriptor_other_speed_configuration_cb
 .text.tud_mount_cb
                0x10005de8        0x4 CMakeFiles/ASCE_Picomotor.dir/C_/Users/GAMER/.pico-sdk/sdk/2.0.0/lib/tinyusb/src/device/usbd.c.obj
                0x10005de8                tud_mount_cb
 .text.tud_umount_cb
                0x10005dec        0x4 CMakeFiles/ASCE_Picomotor.dir/C_/Users/GAMER/.pico-sdk/sdk/2.0.0/lib/tinyusb/src/device/usbd.c.obj
                0x10005dec                tud_umount_cb
 .text.tud_suspend_cb
                0x10005df0        0x4 CMakeFiles/ASCE_Picomotor.dir/C_/Users/GAMER/.pico-sdk/sdk/2.0.0/lib/tinyusb/src/device/usbd.c.obj
                0x10005df0                tud_suspend_cb
 .text.tud_resume_cb
                0x10005df4        0x4 CMakeFiles/ASCE_Picomotor.dir/C_/Users/GAMER/.pico-sdk/sdk/2.0.0/lib/tinyusb/src/device/usbd.c.obj
                0x10005df4                tud_resume_cb
 .text.tud_mounted
                0x10005df8       0x10 CMakeFiles/ASCE_Picomotor.dir/C_/Users/GAMER/.pico-sdk/sdk/2.0.0/lib/tinyusb/src/device/usbd.c.obj
                0x10005df8                tud_mounted
 .text.tud_suspended
                0x10005e08       0x10 CMakeFiles/ASCE_Picomotor.dir/C_/Users/GAMER/.pico-sdk/sdk/2.0.0/lib/tinyusb/src/device/usbd.c.obj
                0x10005e08                tud_suspended
 .text.tud_init
                0x10005e18       0xe4 CMakeFiles/ASCE_Picomotor.dir/C_/Users/GAMER/.pico-sdk/sdk/2.0.0/lib/tinyusb/src/device/usbd.c.obj
                0x10005e18                tud_init
 .text.tud_task_ext
                0x10005efc      0x800 CMakeFiles/ASCE_Picomotor.dir/C_/Users/GAMER/.pico-sdk/sdk/2.0.0/lib/tinyusb/src/device/usbd.c.obj
                0x10005efc                tud_task_ext
 .text.usbd_open_edpt_pair
                0x100066fc       0x9c CMakeFiles/ASCE_Picomotor.dir/C_/Users/GAMER/.pico-sdk/sdk/2.0.0/lib/tinyusb/src/device/usbd.c.obj
                0x100066fc                usbd_open_edpt_pair
 .text.usbd_edpt_open
                0x10006798       0x34 CMakeFiles/ASCE_Picomotor.dir/C_/Users/GAMER/.pico-sdk/sdk/2.0.0/lib/tinyusb/src/device/usbd.c.obj
                0x10006798                usbd_edpt_open
 .text.usbd_edpt_claim
                0x100067cc       0x28 CMakeFiles/ASCE_Picomotor.dir/C_/Users/GAMER/.pico-sdk/sdk/2.0.0/lib/tinyusb/src/device/usbd.c.obj
                0x100067cc                usbd_edpt_claim
 .text.usbd_edpt_release
                0x100067f4       0x28 CMakeFiles/ASCE_Picomotor.dir/C_/Users/GAMER/.pico-sdk/sdk/2.0.0/lib/tinyusb/src/device/usbd.c.obj
                0x100067f4                usbd_edpt_release
 .text.usbd_edpt_xfer
                0x1000681c       0x4c CMakeFiles/ASCE_Picomotor.dir/C_/Users/GAMER/.pico-sdk/sdk/2.0.0/lib/tinyusb/src/device/usbd.c.obj
                0x1000681c                usbd_edpt_xfer
 .text.tud_control_status
                0x10006868       0x2c CMakeFiles/ASCE_Picomotor.dir/C_/Users/GAMER/.pico-sdk/sdk/2.0.0/lib/tinyusb/src/device/usbd_control.c.obj
                0x10006868                tud_control_status
 .text.tud_control_xfer
                0x10006894       0xac CMakeFiles/ASCE_Picomotor.dir/C_/Users/GAMER/.pico-sdk/sdk/2.0.0/lib/tinyusb/src/device/usbd_control.c.obj
                0x10006894                tud_control_xfer
 .text.usbd_control_reset
                0x10006940       0x14 CMakeFiles/ASCE_Picomotor.dir/C_/Users/GAMER/.pico-sdk/sdk/2.0.0/lib/tinyusb/src/device/usbd_control.c.obj
                0x10006940                usbd_control_reset
 .text.usbd_control_set_complete_callback
                0x10006954        0xc CMakeFiles/ASCE_Picomotor.dir/C_/Users/GAMER/.pico-sdk/sdk/2.0.0/lib/tinyusb/src/device/usbd_control.c.obj
                0x10006954                usbd_control_set_complete_callback
 .text.usbd_control_set_request
                0x10006960       0x1c CMakeFiles/ASCE_Picomotor.dir/C_/Users/GAMER/.pico-sdk/sdk/2.0.0/lib/tinyusb/src/device/usbd_control.c.obj
                0x10006960                usbd_control_set_request
 .text.usbd_control_xfer_cb
                0x1000697c       0xec CMakeFiles/ASCE_Picomotor.dir/C_/Users/GAMER/.pico-sdk/sdk/2.0.0/lib/tinyusb/src/device/usbd_control.c.obj
                0x1000697c                usbd_control_xfer_cb
 .text._prep_out_transaction.isra.0
                0x10006a68       0x5c CMakeFiles/ASCE_Picomotor.dir/C_/Users/GAMER/.pico-sdk/sdk/2.0.0/lib/tinyusb/src/class/cdc/cdc_device.c.obj
 .text.tud_cdc_n_connected
                0x10006ac4       0x30 CMakeFiles/ASCE_Picomotor.dir/C_/Users/GAMER/.pico-sdk/sdk/2.0.0/lib/tinyusb/src/class/cdc/cdc_device.c.obj
                0x10006ac4                tud_cdc_n_connected
 .text.tud_cdc_n_available
                0x10006af4       0x18 CMakeFiles/ASCE_Picomotor.dir/C_/Users/GAMER/.pico-sdk/sdk/2.0.0/lib/tinyusb/src/class/cdc/cdc_device.c.obj
                0x10006af4                tud_cdc_n_available
 .text.tud_cdc_n_read
                0x10006b0c       0x98 CMakeFiles/ASCE_Picomotor.dir/C_/Users/GAMER/.pico-sdk/sdk/2.0.0/lib/tinyusb/src/class/cdc/cdc_device.c.obj
                0x10006b0c                tud_cdc_n_read
 .text.tud_cdc_n_write_flush
                0x10006ba4       0x78 CMakeFiles/ASCE_Picomotor.dir/C_/Users/GAMER/.pico-sdk/sdk/2.0.0/lib/tinyusb/src/class/cdc/cdc_device.c.obj
                0x10006ba4                tud_cdc_n_write_flush
 .text.tud_cdc_n_write
                0x10006c1c       0x40 CMakeFiles/ASCE_Picomotor.dir/C_/Users/GAMER/.pico-sdk/sdk/2.0.0/lib/tinyusb/src/class/cdc/cdc_device.c.obj
                0x10006c1c                tud_cdc_n_write
 .text.tud_cdc_n_write_available
                0x10006c5c       0x18 CMakeFiles/ASCE_Picomotor.dir/C_/Users/GAMER/.pico-sdk/sdk/2.0.0/lib/tinyusb/src/class/cdc/cdc_device.c.obj
                0x10006c5c                tud_cdc_n_write_available
 .text.cdcd_init
                0x10006c74       0x7c CMakeFiles/ASCE_Picomotor.dir/C_/Users/GAMER/.pico-sdk/sdk/2.0.0/lib/tinyusb/src/class/cdc/cdc_device.c.obj
                0x10006c74                cdcd_init
 .text.cdcd_deinit
                0x10006cf0       0x34 CMakeFiles/ASCE_Picomotor.dir/C_/Users/GAMER/.pico-sdk/sdk/2.0.0/lib/tinyusb/src/class/cdc/cdc_device.c.obj
                0x10006cf0                cdcd_deinit
 .text.cdcd_reset
                0x10006d24       0x4c CMakeFiles/ASCE_Picomotor.dir/C_/Users/GAMER/.pico-sdk/sdk/2.0.0/lib/tinyusb/src/class/cdc/cdc_device.c.obj
                0x10006d24                cdcd_reset
 .text.cdcd_open
                0x10006d70       0xb0 CMakeFiles/ASCE_Picomotor.dir/C_/Users/GAMER/.pico-sdk/sdk/2.0.0/lib/tinyusb/src/class/cdc/cdc_device.c.obj
                0x10006d70                cdcd_open
 .text.cdcd_control_xfer_cb
                0x10006e20       0xe4 CMakeFiles/ASCE_Picomotor.dir/C_/Users/GAMER/.pico-sdk/sdk/2.0.0/lib/tinyusb/src/class/cdc/cdc_device.c.obj
                0x10006e20                cdcd_control_xfer_cb
 .text.cdcd_xfer_cb
                0x10006f04      0x100 CMakeFiles/ASCE_Picomotor.dir/C_/Users/GAMER/.pico-sdk/sdk/2.0.0/lib/tinyusb/src/class/cdc/cdc_device.c.obj
                0x10006f04                cdcd_xfer_cb
 .text.tud_vendor_n_write_flush
                0x10007004       0x78 CMakeFiles/ASCE_Picomotor.dir/C_/Users/GAMER/.pico-sdk/sdk/2.0.0/lib/tinyusb/src/class/vendor/vendor_device.c.obj
                0x10007004                tud_vendor_n_write_flush
 .text.vendord_init
                0x1000707c       0x64 CMakeFiles/ASCE_Picomotor.dir/C_/Users/GAMER/.pico-sdk/sdk/2.0.0/lib/tinyusb/src/class/vendor/vendor_device.c.obj
                0x1000707c                vendord_init
 .text.vendord_deinit
                0x100070e0       0x34 CMakeFiles/ASCE_Picomotor.dir/C_/Users/GAMER/.pico-sdk/sdk/2.0.0/lib/tinyusb/src/class/vendor/vendor_device.c.obj
                0x100070e0                vendord_deinit
 .text.vendord_reset
                0x10007114       0x1c CMakeFiles/ASCE_Picomotor.dir/C_/Users/GAMER/.pico-sdk/sdk/2.0.0/lib/tinyusb/src/class/vendor/vendor_device.c.obj
                0x10007114                vendord_reset
 .text.vendord_open
                0x10007130       0xd8 CMakeFiles/ASCE_Picomotor.dir/C_/Users/GAMER/.pico-sdk/sdk/2.0.0/lib/tinyusb/src/class/vendor/vendor_device.c.obj
                0x10007130                vendord_open
 .text.vendord_xfer_cb
                0x10007208       0xc8 CMakeFiles/ASCE_Picomotor.dir/C_/Users/GAMER/.pico-sdk/sdk/2.0.0/lib/tinyusb/src/class/vendor/vendor_device.c.obj
                0x10007208                vendord_xfer_cb
 .text.tusb_init
                0x100072d0        0xc CMakeFiles/ASCE_Picomotor.dir/C_/Users/GAMER/.pico-sdk/sdk/2.0.0/lib/tinyusb/src/tusb.c.obj
                0x100072d0                tusb_init
 .text.tu_edpt_claim
                0x100072dc       0x50 CMakeFiles/ASCE_Picomotor.dir/C_/Users/GAMER/.pico-sdk/sdk/2.0.0/lib/tinyusb/src/tusb.c.obj
                0x100072dc                tu_edpt_claim
 .text.tu_edpt_release
                0x1000732c       0x38 CMakeFiles/ASCE_Picomotor.dir/C_/Users/GAMER/.pico-sdk/sdk/2.0.0/lib/tinyusb/src/tusb.c.obj
                0x1000732c                tu_edpt_release
 .text.tu_edpt_validate
                0x10007364       0x7c CMakeFiles/ASCE_Picomotor.dir/C_/Users/GAMER/.pico-sdk/sdk/2.0.0/lib/tinyusb/src/tusb.c.obj
                0x10007364                tu_edpt_validate
 .text.tu_edpt_bind_driver
                0x100073e0       0x34 CMakeFiles/ASCE_Picomotor.dir/C_/Users/GAMER/.pico-sdk/sdk/2.0.0/lib/tinyusb/src/tusb.c.obj
                0x100073e0                tu_edpt_bind_driver
 .text.tu_fifo_config
                0x10007414       0x6c CMakeFiles/ASCE_Picomotor.dir/C_/Users/GAMER/.pico-sdk/sdk/2.0.0/lib/tinyusb/src/common/tusb_fifo.c.obj
                0x10007414                tu_fifo_config
 .text.tu_fifo_count
                0x10007480       0x2c CMakeFiles/ASCE_Picomotor.dir/C_/Users/GAMER/.pico-sdk/sdk/2.0.0/lib/tinyusb/src/common/tusb_fifo.c.obj
                0x10007480                tu_fifo_count
 .text.tu_fifo_empty
                0x100074ac       0x10 CMakeFiles/ASCE_Picomotor.dir/C_/Users/GAMER/.pico-sdk/sdk/2.0.0/lib/tinyusb/src/common/tusb_fifo.c.obj
                0x100074ac                tu_fifo_empty
 .text.tu_fifo_remaining
                0x100074bc       0x2c CMakeFiles/ASCE_Picomotor.dir/C_/Users/GAMER/.pico-sdk/sdk/2.0.0/lib/tinyusb/src/common/tusb_fifo.c.obj
                0x100074bc                tu_fifo_remaining
 .text.tu_fifo_read
                0x100074e8       0x9c CMakeFiles/ASCE_Picomotor.dir/C_/Users/GAMER/.pico-sdk/sdk/2.0.0/lib/tinyusb/src/common/tusb_fifo.c.obj
                0x100074e8                tu_fifo_read
 .text.tu_fifo_read_n
                0x10007584       0xe8 CMakeFiles/ASCE_Picomotor.dir/C_/Users/GAMER/.pico-sdk/sdk/2.0.0/lib/tinyusb/src/common/tusb_fifo.c.obj
                0x10007584                tu_fifo_read_n
 .text.tu_fifo_write
                0x1000766c       0xa8 CMakeFiles/ASCE_Picomotor.dir/C_/Users/GAMER/.pico-sdk/sdk/2.0.0/lib/tinyusb/src/common/tusb_fifo.c.obj
                0x1000766c                tu_fifo_write
 .text.tu_fifo_write_n
                0x10007714      0x178 CMakeFiles/ASCE_Picomotor.dir/C_/Users/GAMER/.pico-sdk/sdk/2.0.0/lib/tinyusb/src/common/tusb_fifo.c.obj
                0x10007714                tu_fifo_write_n
 .text.tu_fifo_clear
                0x1000788c       0x40 CMakeFiles/ASCE_Picomotor.dir/C_/Users/GAMER/.pico-sdk/sdk/2.0.0/lib/tinyusb/src/common/tusb_fifo.c.obj
                0x1000788c                tu_fifo_clear
 .text.tu_fifo_set_overwritable
                0x100078cc       0x48 CMakeFiles/ASCE_Picomotor.dir/C_/Users/GAMER/.pico-sdk/sdk/2.0.0/lib/tinyusb/src/common/tusb_fifo.c.obj
                0x100078cc                tu_fifo_set_overwritable
 .text.i2c_slave_init
                0x10007914       0x48 CMakeFiles/ASCE_Picomotor.dir/C_/Users/GAMER/.pico-sdk/sdk/2.0.0/src/rp2_common/pico_i2c_slave/i2c_slave.c.obj
                0x10007914                i2c_slave_init
 .text.i2c_slave_deinit
                0x1000795c       0x4c CMakeFiles/ASCE_Picomotor.dir/C_/Users/GAMER/.pico-sdk/sdk/2.0.0/src/rp2_common/pico_i2c_slave/i2c_slave.c.obj
                0x1000795c                i2c_slave_deinit
 .text.i2c_set_baudrate
                0x100079a8       0xc0 CMakeFiles/ASCE_Picomotor.dir/C_/Users/GAMER/.pico-sdk/sdk/2.0.0/src/rp2_common/hardware_i2c/i2c.c.obj
                0x100079a8                i2c_set_baudrate
 .text.i2c_init
                0x10007a68       0x50 CMakeFiles/ASCE_Picomotor.dir/C_/Users/GAMER/.pico-sdk/sdk/2.0.0/src/rp2_common/hardware_i2c/i2c.c.obj
                0x10007a68                i2c_init
 .text.i2c_set_slave_mode
                0x10007ab8       0x40 CMakeFiles/ASCE_Picomotor.dir/C_/Users/GAMER/.pico-sdk/sdk/2.0.0/src/rp2_common/hardware_i2c/i2c.c.obj
                0x10007ab8                i2c_set_slave_mode
 .text.core1_trampoline
                0x10007af8        0x4 CMakeFiles/ASCE_Picomotor.dir/C_/Users/GAMER/.pico-sdk/sdk/2.0.0/src/rp2_common/pico_multicore/multicore.c.obj
 .text.core1_wrapper
                0x10007afc        0xc CMakeFiles/ASCE_Picomotor.dir/C_/Users/GAMER/.pico-sdk/sdk/2.0.0/src/rp2_common/pico_multicore/multicore.c.obj
                0x10007afc                core1_wrapper
 .text.multicore_launch_core1_raw
                0x10007b08       0x84 CMakeFiles/ASCE_Picomotor.dir/C_/Users/GAMER/.pico-sdk/sdk/2.0.0/src/rp2_common/pico_multicore/multicore.c.obj
                0x10007b08                multicore_launch_core1_raw
 .text.multicore_launch_core1
                0x10007b8c       0x58 CMakeFiles/ASCE_Picomotor.dir/C_/Users/GAMER/.pico-sdk/sdk/2.0.0/src/rp2_common/pico_multicore/multicore.c.obj
                0x10007b8c                multicore_launch_core1
 .text.strlen   0x10007be4       0x5c C:/Users/GAMER/.pico-sdk/toolchain/13_2_Rel1/bin/../lib/gcc/arm-none-eabi/13.2.1/thumb/v6-m/nofp\libg.a(libc_a-strlen-stub.o)
                0x10007be4                strlen
 *(.fini)
 .fini          0x10007c40        0x4 C:/Users/GAMER/.pico-sdk/toolchain/13_2_Rel1/bin/../lib/gcc/arm-none-eabi/13.2.1/thumb/v6-m/nofp/crti.o
                0x10007c40                _fini
 *fill*         0x10007c44        0x4 
 .fini.__stub   0x10007c48       0xc0 linker stubs
 *crtbegin.o(.ctors)
 *crtbegin?.o(.ctors)
 *(EXCLUDE_FILE(*crtend.o *crtend?.o) .ctors)
 *(SORT_BY_NAME(.ctors.*))
 *(.ctors)
 *crtbegin.o(.dtors)
 *crtbegin?.o(.dtors)
 *(EXCLUDE_FILE(*crtend.o *crtend?.o) .dtors)
 *(SORT_BY_NAME(.dtors.*))
 *(.dtors)
                0x10007d08                        . = ALIGN (0x4)
                0x10007d08                        PROVIDE (__preinit_array_start = .)
 *(SORT_BY_NAME(.preinit_array.*))
 .preinit_array.00100
                0x10007d08        0x4 CMakeFiles/ASCE_Picomotor.dir/C_/Users/GAMER/.pico-sdk/sdk/2.0.0/src/rp2_common/pico_runtime_init/runtime_init.c.obj
                0x10007d08                __pre_init_runtime_init_early_resets
 .preinit_array.00101
                0x10007d0c        0x4 CMakeFiles/ASCE_Picomotor.dir/C_/Users/GAMER/.pico-sdk/sdk/2.0.0/src/rp2_common/pico_runtime_init/runtime_init.c.obj
                0x10007d0c                __pre_init_runtime_init_usb_power_down
 .preinit_array.00275
                0x10007d10        0x4 CMakeFiles/ASCE_Picomotor.dir/C_/Users/GAMER/.pico-sdk/sdk/2.0.0/src/rp2_common/pico_bit_ops/bit_ops_aeabi.S.obj
 .preinit_array.00300
                0x10007d14        0x4 CMakeFiles/ASCE_Picomotor.dir/C_/Users/GAMER/.pico-sdk/sdk/2.0.0/src/rp2_common/pico_mem_ops/mem_ops_aeabi.S.obj
 .preinit_array.00350
                0x10007d18        0x4 CMakeFiles/ASCE_Picomotor.dir/C_/Users/GAMER/.pico-sdk/sdk/2.0.0/src/rp2_common/pico_double/double_aeabi_rp2040.S.obj
 .preinit_array.00350
                0x10007d1c        0x4 CMakeFiles/ASCE_Picomotor.dir/C_/Users/GAMER/.pico-sdk/sdk/2.0.0/src/rp2_common/pico_float/float_aeabi_rp2040.S.obj
 .preinit_array.00500
                0x10007d20        0x4 CMakeFiles/ASCE_Picomotor.dir/C_/Users/GAMER/.pico-sdk/sdk/2.0.0/src/rp2_common/pico_runtime_init/runtime_init.c.obj
                0x10007d20                __pre_init_runtime_init_clocks
 .preinit_array.00600
                0x10007d24        0x4 CMakeFiles/ASCE_Picomotor.dir/C_/Users/GAMER/.pico-sdk/sdk/2.0.0/src/rp2_common/pico_runtime_init/runtime_init.c.obj
                0x10007d24                __pre_init_runtime_init_post_clock_resets
 .preinit_array.00700
                0x10007d28        0x4 CMakeFiles/ASCE_Picomotor.dir/C_/Users/GAMER/.pico-sdk/sdk/2.0.0/src/rp2_common/pico_runtime_init/runtime_init.c.obj
                0x10007d28                __pre_init_runtime_init_rp2040_gpio_ie_disable
 .preinit_array.01000
                0x10007d2c        0x4 CMakeFiles/ASCE_Picomotor.dir/C_/Users/GAMER/.pico-sdk/sdk/2.0.0/src/rp2_common/pico_runtime_init/runtime_init.c.obj
                0x10007d2c                __pre_init_runtime_init_spin_locks_reset
 .preinit_array.01100
                0x10007d30        0x4 CMakeFiles/ASCE_Picomotor.dir/C_/Users/GAMER/.pico-sdk/sdk/2.0.0/src/common/pico_sync/mutex.c.obj
                0x10007d30                __pre_init_runtime_init_mutex
 .preinit_array.10080
                0x10007d34        0x4 CMakeFiles/ASCE_Picomotor.dir/C_/Users/GAMER/.pico-sdk/sdk/2.0.0/src/rp2_common/pico_runtime_init/runtime_init.c.obj
                0x10007d34                __pre_init_runtime_init_install_ram_vector_table
 .preinit_array.11000
                0x10007d38        0x4 CMakeFiles/ASCE_Picomotor.dir/C_/Users/GAMER/.pico-sdk/sdk/2.0.0/src/common/pico_time/time.c.obj
                0x10007d38                __pre_init_runtime_init_default_alarm_pool
 .preinit_array.YYYYY
                0x10007d3c        0x4 CMakeFiles/ASCE_Picomotor.dir/C_/Users/GAMER/.pico-sdk/sdk/2.0.0/src/rp2_common/pico_runtime/runtime.c.obj
                0x10007d3c                __pre_init_first_per_core_initializer
 .preinit_array.ZZZZZ.01200
                0x10007d40        0x4 CMakeFiles/ASCE_Picomotor.dir/C_/Users/GAMER/.pico-sdk/sdk/2.0.0/src/rp2_common/hardware_irq/irq.c.obj
                0x10007d40                __pre_init_runtime_init_per_core_irq_priorities
 *(.preinit_array)
                0x10007d44                        PROVIDE (__preinit_array_end = .)
                0x10007d44                        . = ALIGN (0x4)
                0x10007d44                        PROVIDE (__init_array_start = .)
 *(SORT_BY_NAME(.init_array.*))
 *(.init_array)
 .init_array    0x10007d44        0x4 C:/Users/GAMER/.pico-sdk/toolchain/13_2_Rel1/bin/../lib/gcc/arm-none-eabi/13.2.1/thumb/v6-m/nofp/crtbegin.o
 .init_array    0x10007d48        0x4 CMakeFiles/ASCE_Picomotor.dir/Wire.cpp.obj
 .init_array    0x10007d4c        0x4 CMakeFiles/ASCE_Picomotor.dir/ASCE_Picomotor.cpp.obj
 .init_array    0x10007d50        0x4 CMakeFiles/ASCE_Picomotor.dir/C_/Users/GAMER/.pico-sdk/sdk/2.0.0/src/rp2_common/pico_unique_id/unique_id.c.obj
                0x10007d54                        PROVIDE (__init_array_end = .)
                0x10007d54                        . = ALIGN (0x4)
                [!provide]                        PROVIDE (__fini_array_start = .)
 *(SORT_BY_NAME(.fini_array.*))
 *(.fini_array)
                [!provide]                        PROVIDE (__fini_array_end = .)
 *(.eh_frame*)
 .eh_frame      0x10007d54        0x0 C:/Users/GAMER/.pico-sdk/toolchain/13_2_Rel1/bin/../lib/gcc/arm-none-eabi/13.2.1/thumb/v6-m/nofp/crtbegin.o
                0x10007d54                        . = ALIGN (0x4)

.glue_7         0x10007d54        0x0
 .glue_7        0x10007d54        0x0 linker stubs

.glue_7t        0x10007d54        0x0
 .glue_7t       0x10007d54        0x0 linker stubs

.vfp11_veneer   0x10007d54        0x0
 .vfp11_veneer  0x10007d54        0x0 linker stubs

.v4_bx          0x10007d54        0x0
 .v4_bx         0x10007d54        0x0 linker stubs

.iplt           0x10007d54        0x0
 .iplt          0x10007d54        0x0 C:/Users/GAMER/.pico-sdk/toolchain/13_2_Rel1/bin/../lib/gcc/arm-none-eabi/13.2.1/thumb/v6-m/nofp/crtbegin.o

.rodata         0x10007d58      0x644
 *(EXCLUDE_FILE(*libm.a: *libc.a:*lib_a-mem*.o *libgcc.a:) .rodata*)
 .rodata._Z6answerv.str1.4
                0x10007d58      0x1a0 CMakeFiles/ASCE_Picomotor.dir/ASCE_Picomotor.cpp.obj
                                 0x10 (size before relaxing)
 .rodata.main.str1.4
                0x10007ef8       0x27 CMakeFiles/ASCE_Picomotor.dir/ASCE_Picomotor.cpp.obj
 .rodata.panic.str1.4
                0x10007ef8       0x12 CMakeFiles/ASCE_Picomotor.dir/C_/Users/GAMER/.pico-sdk/sdk/2.0.0/src/rp2_common/pico_platform_panic/panic.c.obj
 .rodata.spin_lock_claim_unused.str1.4
                0x10007ef8       0x1b CMakeFiles/ASCE_Picomotor.dir/C_/Users/GAMER/.pico-sdk/sdk/2.0.0/src/rp2_common/hardware_sync/sync.c.obj
 .rodata.user_irq_claim_unused.str1.4
                0x10007ef8       0x1b CMakeFiles/ASCE_Picomotor.dir/C_/Users/GAMER/.pico-sdk/sdk/2.0.0/src/rp2_common/hardware_irq/irq.c.obj
 .rodata.timer_hardware_alarm_claim.str1.4
                0x10007ef8       0x22 CMakeFiles/ASCE_Picomotor.dir/C_/Users/GAMER/.pico-sdk/sdk/2.0.0/src/rp2_common/hardware_timer/timer.c.obj
 .rodata.hard_assertion_failure.str1.4
                0x10007ef8        0xc CMakeFiles/ASCE_Picomotor.dir/C_/Users/GAMER/.pico-sdk/sdk/2.0.0/src/rp2_common/pico_runtime/runtime.c.obj
 .rodata.str1.4
                0x10007ef8       0x38 CMakeFiles/ASCE_Picomotor.dir/C_/Users/GAMER/.pico-sdk/sdk/2.0.0/src/rp2_common/pico_standard_binary_info/standard_binary_info.c.obj
 .rodata.__bi_84
                0x10007ef8        0xc CMakeFiles/ASCE_Picomotor.dir/C_/Users/GAMER/.pico-sdk/sdk/2.0.0/src/rp2_common/pico_standard_binary_info/standard_binary_info.c.obj
 .rodata.__bi_60
                0x10007f04        0xc CMakeFiles/ASCE_Picomotor.dir/C_/Users/GAMER/.pico-sdk/sdk/2.0.0/src/rp2_common/pico_standard_binary_info/standard_binary_info.c.obj
 .rodata.__bi_54
                0x10007f10        0xc CMakeFiles/ASCE_Picomotor.dir/C_/Users/GAMER/.pico-sdk/sdk/2.0.0/src/rp2_common/pico_standard_binary_info/standard_binary_info.c.obj
 .rodata.__bi_48
                0x10007f1c        0xc CMakeFiles/ASCE_Picomotor.dir/C_/Users/GAMER/.pico-sdk/sdk/2.0.0/src/rp2_common/pico_standard_binary_info/standard_binary_info.c.obj
 .rodata.__bi_42
                0x10007f28        0xc CMakeFiles/ASCE_Picomotor.dir/C_/Users/GAMER/.pico-sdk/sdk/2.0.0/src/rp2_common/pico_standard_binary_info/standard_binary_info.c.obj
 .rodata.__bi_34
                0x10007f34        0xc CMakeFiles/ASCE_Picomotor.dir/C_/Users/GAMER/.pico-sdk/sdk/2.0.0/src/rp2_common/pico_standard_binary_info/standard_binary_info.c.obj
 .rodata.__bi_26
                0x10007f40        0xc CMakeFiles/ASCE_Picomotor.dir/C_/Users/GAMER/.pico-sdk/sdk/2.0.0/src/rp2_common/pico_standard_binary_info/standard_binary_info.c.obj
 .rodata._ftoa.str1.4
                0x10007f4c       0x15 CMakeFiles/ASCE_Picomotor.dir/C_/Users/GAMER/.pico-sdk/sdk/2.0.0/src/rp2_common/pico_printf/printf.c.obj
 .rodata._vsnprintf
                0x10007f4c      0x19c CMakeFiles/ASCE_Picomotor.dir/C_/Users/GAMER/.pico-sdk/sdk/2.0.0/src/rp2_common/pico_printf/printf.c.obj
 .rodata.pow10.0
                0x100080e8       0x50 CMakeFiles/ASCE_Picomotor.dir/C_/Users/GAMER/.pico-sdk/sdk/2.0.0/src/rp2_common/pico_printf/printf.c.obj
 .rodata.crlf_str.0
                0x10008138        0x2 CMakeFiles/ASCE_Picomotor.dir/C_/Users/GAMER/.pico-sdk/sdk/2.0.0/src/rp2_common/pico_stdio/stdio.c.obj
 *fill*         0x1000813a        0x2 
 .rodata._resetd_driver
                0x1000813c       0x20 CMakeFiles/ASCE_Picomotor.dir/C_/Users/GAMER/.pico-sdk/sdk/2.0.0/src/rp2_common/pico_stdio_usb/reset_interface.c.obj
 .rodata.desc_ms_os_20
                0x1000815c       0xa6 CMakeFiles/ASCE_Picomotor.dir/C_/Users/GAMER/.pico-sdk/sdk/2.0.0/src/rp2_common/pico_stdio_usb/reset_interface.c.obj
 *fill*         0x10008202        0x2 
 .rodata.desc_bos
                0x10008204       0x21 CMakeFiles/ASCE_Picomotor.dir/C_/Users/GAMER/.pico-sdk/sdk/2.0.0/src/rp2_common/pico_stdio_usb/reset_interface.c.obj
                0x10008204                desc_bos
 .rodata.str1.4
                0x10008225       0x13 CMakeFiles/ASCE_Picomotor.dir/C_/Users/GAMER/.pico-sdk/sdk/2.0.0/src/rp2_common/pico_stdio_usb/stdio_usb.c.obj
 *fill*         0x10008225        0x3 
 .rodata.__bi_197.0
                0x10008228        0xc CMakeFiles/ASCE_Picomotor.dir/C_/Users/GAMER/.pico-sdk/sdk/2.0.0/src/rp2_common/pico_stdio_usb/stdio_usb.c.obj
 .rodata.str1.4
                0x10008234       0x2a CMakeFiles/ASCE_Picomotor.dir/C_/Users/GAMER/.pico-sdk/sdk/2.0.0/src/rp2_common/pico_stdio_usb/stdio_usb_descriptors.c.obj
 .rodata.usbd_desc_str
                0x10008234       0x18 CMakeFiles/ASCE_Picomotor.dir/C_/Users/GAMER/.pico-sdk/sdk/2.0.0/src/rp2_common/pico_stdio_usb/stdio_usb_descriptors.c.obj
 .rodata.usbd_desc_cfg
                0x1000824c       0x54 CMakeFiles/ASCE_Picomotor.dir/C_/Users/GAMER/.pico-sdk/sdk/2.0.0/src/rp2_common/pico_stdio_usb/stdio_usb_descriptors.c.obj
 .rodata.usbd_desc_device
                0x100082a0       0x12 CMakeFiles/ASCE_Picomotor.dir/C_/Users/GAMER/.pico-sdk/sdk/2.0.0/src/rp2_common/pico_stdio_usb/stdio_usb_descriptors.c.obj
 .rodata.str1.4
                0x100082b2       0x14 CMakeFiles/ASCE_Picomotor.dir/C_/Users/GAMER/.pico-sdk/sdk/2.0.0/lib/tinyusb/src/portable/raspberrypi/rp2040/dcd_rp2040.c.obj
 .rodata.str1.4
                0x100082b2       0x48 CMakeFiles/ASCE_Picomotor.dir/C_/Users/GAMER/.pico-sdk/sdk/2.0.0/lib/tinyusb/src/portable/raspberrypi/rp2040/rp2040_usb.c.obj
 *fill*         0x100082b2        0x2 
 .rodata.tud_task_ext
                0x100082b4       0x8c CMakeFiles/ASCE_Picomotor.dir/C_/Users/GAMER/.pico-sdk/sdk/2.0.0/lib/tinyusb/src/device/usbd.c.obj
 .rodata        0x10008340       0x1c CMakeFiles/ASCE_Picomotor.dir/C_/Users/GAMER/.pico-sdk/sdk/2.0.0/lib/tinyusb/src/device/usbd.c.obj
 .rodata._usbd_driver
                0x1000835c       0x40 CMakeFiles/ASCE_Picomotor.dir/C_/Users/GAMER/.pico-sdk/sdk/2.0.0/lib/tinyusb/src/device/usbd.c.obj
                0x1000839c                        . = ALIGN (0x4)
 *(SORT_BY_ALIGNMENT(SORT_BY_NAME(.flashdata*)))
                0x1000839c                        . = ALIGN (0x4)

.ARM.extab
 *(.ARM.extab* .gnu.linkonce.armextab.*)
                0x1000839c                        __exidx_start = .

.ARM.exidx
 *(.ARM.exidx* .gnu.linkonce.armexidx.*)
                0x1000839c                        __exidx_end = .
                0x1000839c                        . = ALIGN (0x4)
                0x1000839c                        __binary_info_start = .

.binary_info    0x1000839c       0x20
 *(.binary_info.keep.*)
 .binary_info.keep.__bi_ptr84
                0x1000839c        0x4 CMakeFiles/ASCE_Picomotor.dir/C_/Users/GAMER/.pico-sdk/sdk/2.0.0/src/rp2_common/pico_standard_binary_info/standard_binary_info.c.obj
 .binary_info.keep.__bi_ptr60
                0x100083a0        0x4 CMakeFiles/ASCE_Picomotor.dir/C_/Users/GAMER/.pico-sdk/sdk/2.0.0/src/rp2_common/pico_standard_binary_info/standard_binary_info.c.obj
 .binary_info.keep.__bi_ptr54
                0x100083a4        0x4 CMakeFiles/ASCE_Picomotor.dir/C_/Users/GAMER/.pico-sdk/sdk/2.0.0/src/rp2_common/pico_standard_binary_info/standard_binary_info.c.obj
 .binary_info.keep.__bi_ptr48
                0x100083a8        0x4 CMakeFiles/ASCE_Picomotor.dir/C_/Users/GAMER/.pico-sdk/sdk/2.0.0/src/rp2_common/pico_standard_binary_info/standard_binary_info.c.obj
 .binary_info.keep.__bi_ptr42
                0x100083ac        0x4 CMakeFiles/ASCE_Picomotor.dir/C_/Users/GAMER/.pico-sdk/sdk/2.0.0/src/rp2_common/pico_standard_binary_info/standard_binary_info.c.obj
 .binary_info.keep.__bi_ptr34
                0x100083b0        0x4 CMakeFiles/ASCE_Picomotor.dir/C_/Users/GAMER/.pico-sdk/sdk/2.0.0/src/rp2_common/pico_standard_binary_info/standard_binary_info.c.obj
 .binary_info.keep.__bi_ptr26
                0x100083b4        0x4 CMakeFiles/ASCE_Picomotor.dir/C_/Users/GAMER/.pico-sdk/sdk/2.0.0/src/rp2_common/pico_standard_binary_info/standard_binary_info.c.obj
 *(.binary_info.*)
 .binary_info.__bi_ptr197
                0x100083b8        0x4 CMakeFiles/ASCE_Picomotor.dir/C_/Users/GAMER/.pico-sdk/sdk/2.0.0/src/rp2_common/pico_stdio_usb/stdio_usb.c.obj
                0x100083bc                        __binary_info_end = .

.rel.dyn        0x100083bc        0x0
 .rel.iplt      0x100083bc        0x0 C:/Users/GAMER/.pico-sdk/toolchain/13_2_Rel1/bin/../lib/gcc/arm-none-eabi/13.2.1/thumb/v6-m/nofp/crtbegin.o
                0x100083bc                        . = ALIGN (0x4)

.ram_vector_table
                0x20000000       0xc0
 *(.ram_vector_table)
 .ram_vector_table
                0x20000000       0xc0 CMakeFiles/ASCE_Picomotor.dir/C_/Users/GAMER/.pico-sdk/sdk/2.0.0/src/rp2_common/pico_runtime_init/runtime_init.c.obj
                0x20000000                ram_vector_table

.uninitialized_data
                0x200000c0        0x0
                0x200000c0                        . = ALIGN (0x4)
 *(.uninitialized_data*)

.data           0x200000c0     0x10e8 load address 0x100083bc
                0x200000c0                        __data_start__ = .
 *(vtable)
 *(.time_critical*)
 .time_critical.TwoWire::handleEvent
                0x200000c0       0x88 CMakeFiles/ASCE_Picomotor.dir/Wire.cpp.obj
                0x200000c0                TwoWire::handleEvent(i2c_inst*, i2c_slave_event_t)
 .time_critical.mutex_try_enter
                0x20000148       0x40 CMakeFiles/ASCE_Picomotor.dir/C_/Users/GAMER/.pico-sdk/sdk/2.0.0/src/common/pico_sync/mutex.c.obj
                0x20000148                mutex_try_enter
 .time_critical.mutex_try_enter_block_until
                0x20000188       0x9c CMakeFiles/ASCE_Picomotor.dir/C_/Users/GAMER/.pico-sdk/sdk/2.0.0/src/common/pico_sync/mutex.c.obj
                0x20000188                mutex_try_enter_block_until
 .time_critical.mutex_enter_timeout_ms
                0x20000224       0x90 CMakeFiles/ASCE_Picomotor.dir/C_/Users/GAMER/.pico-sdk/sdk/2.0.0/src/common/pico_sync/mutex.c.obj
                0x20000224                mutex_enter_timeout_ms
 .time_critical.mutex_exit
                0x200002b4       0x28 CMakeFiles/ASCE_Picomotor.dir/C_/Users/GAMER/.pico-sdk/sdk/2.0.0/src/common/pico_sync/mutex.c.obj
                0x200002b4                mutex_exit
 .time_critical.flash_init_boot2_copyout
                0x200002dc       0x30 CMakeFiles/ASCE_Picomotor.dir/C_/Users/GAMER/.pico-sdk/sdk/2.0.0/src/rp2_common/hardware_flash/flash.c.obj
 .time_critical.flash_enable_xip_via_boot2
                0x2000030c        0xc CMakeFiles/ASCE_Picomotor.dir/C_/Users/GAMER/.pico-sdk/sdk/2.0.0/src/rp2_common/hardware_flash/flash.c.obj
 .time_critical.flash_cs_force
                0x20000318       0x38 CMakeFiles/ASCE_Picomotor.dir/C_/Users/GAMER/.pico-sdk/sdk/2.0.0/src/rp2_common/hardware_flash/flash.c.obj
 .time_critical.flash_do_cmd
                0x20000350       0xc0 CMakeFiles/ASCE_Picomotor.dir/C_/Users/GAMER/.pico-sdk/sdk/2.0.0/src/rp2_common/hardware_flash/flash.c.obj
                0x20000350                flash_do_cmd
 .time_critical.reset_non_control_endpoints
                0x20000410       0x68 CMakeFiles/ASCE_Picomotor.dir/C_/Users/GAMER/.pico-sdk/sdk/2.0.0/lib/tinyusb/src/portable/raspberrypi/rp2040/dcd_rp2040.c.obj
 .time_critical.hw_handle_buff_status
                0x20000478       0xb0 CMakeFiles/ASCE_Picomotor.dir/C_/Users/GAMER/.pico-sdk/sdk/2.0.0/lib/tinyusb/src/portable/raspberrypi/rp2040/dcd_rp2040.c.obj
 .time_critical.dcd_rp2040_irq
                0x20000528      0x578 CMakeFiles/ASCE_Picomotor.dir/C_/Users/GAMER/.pico-sdk/sdk/2.0.0/lib/tinyusb/src/portable/raspberrypi/rp2040/dcd_rp2040.c.obj
 .time_critical.prepare_ep_buffer
                0x20000aa0       0xe0 CMakeFiles/ASCE_Picomotor.dir/C_/Users/GAMER/.pico-sdk/sdk/2.0.0/lib/tinyusb/src/portable/raspberrypi/rp2040/rp2040_usb.c.obj
 .time_critical.sync_ep_buffer
                0x20000b80       0xa8 CMakeFiles/ASCE_Picomotor.dir/C_/Users/GAMER/.pico-sdk/sdk/2.0.0/lib/tinyusb/src/portable/raspberrypi/rp2040/rp2040_usb.c.obj
 .time_critical._hw_endpoint_xfer_sync
                0x20000c28       0x28 CMakeFiles/ASCE_Picomotor.dir/C_/Users/GAMER/.pico-sdk/sdk/2.0.0/lib/tinyusb/src/portable/raspberrypi/rp2040/rp2040_usb.c.obj
 .time_critical.e15_is_bulkin_ep
                0x20000c50       0x28 CMakeFiles/ASCE_Picomotor.dir/C_/Users/GAMER/.pico-sdk/sdk/2.0.0/lib/tinyusb/src/portable/raspberrypi/rp2040/rp2040_usb.c.obj
 .time_critical.e15_is_critical_frame_period
                0x20000c78       0x34 CMakeFiles/ASCE_Picomotor.dir/C_/Users/GAMER/.pico-sdk/sdk/2.0.0/lib/tinyusb/src/portable/raspberrypi/rp2040/rp2040_usb.c.obj
 .time_critical.hw_endpoint_reset_transfer
                0x20000cac        0xc CMakeFiles/ASCE_Picomotor.dir/C_/Users/GAMER/.pico-sdk/sdk/2.0.0/lib/tinyusb/src/portable/raspberrypi/rp2040/rp2040_usb.c.obj
                0x20000cac                hw_endpoint_reset_transfer
 .time_critical._hw_endpoint_buffer_control_update32
                0x20000cb8       0x50 CMakeFiles/ASCE_Picomotor.dir/C_/Users/GAMER/.pico-sdk/sdk/2.0.0/lib/tinyusb/src/portable/raspberrypi/rp2040/rp2040_usb.c.obj
                0x20000cb8                _hw_endpoint_buffer_control_update32
 .time_critical.hw_endpoint_start_next_buffer
                0x20000d08       0x6c CMakeFiles/ASCE_Picomotor.dir/C_/Users/GAMER/.pico-sdk/sdk/2.0.0/lib/tinyusb/src/portable/raspberrypi/rp2040/rp2040_usb.c.obj
                0x20000d08                hw_endpoint_start_next_buffer
 .time_critical.hw_endpoint_xfer_continue
                0x20000d74       0x40 CMakeFiles/ASCE_Picomotor.dir/C_/Users/GAMER/.pico-sdk/sdk/2.0.0/lib/tinyusb/src/portable/raspberrypi/rp2040/rp2040_usb.c.obj
                0x20000d74                hw_endpoint_xfer_continue
 .time_critical.tinyusb
                0x20000db4      0x1e4 CMakeFiles/ASCE_Picomotor.dir/C_/Users/GAMER/.pico-sdk/sdk/2.0.0/lib/tinyusb/src/device/usbd.c.obj
                0x20000db4                dcd_event_handler
 .time_critical.i2c_slave_irq_handler
                0x20000f98       0xa4 CMakeFiles/ASCE_Picomotor.dir/C_/Users/GAMER/.pico-sdk/sdk/2.0.0/src/rp2_common/pico_i2c_slave/i2c_slave.c.obj
 *(.text*)
 .text          0x2000103c        0x4 C:/Users/GAMER/.pico-sdk/toolchain/13_2_Rel1/bin/../lib/gcc/arm-none-eabi/13.2.1/thumb/v6-m/nofp\libgcc.a(_dvmd_tls.o)
                0x2000103c                __aeabi_idiv0
                0x2000103c                __aeabi_ldiv0
 .text.__stub   0x20001040       0x80 linker stubs
                0x200010c0                        . = ALIGN (0x4)
 *(.rodata*)
                0x200010c0                        . = ALIGN (0x4)
 *(.data*)
 .data.callback
                0x200010c0        0x9 CMakeFiles/ASCE_Picomotor.dir/ASCE_Picomotor.cpp.obj
                0x200010c0                callback
 .data.striped_spin_lock_num
                0x200010c9        0x1 CMakeFiles/ASCE_Picomotor.dir/C_/Users/GAMER/.pico-sdk/sdk/2.0.0/src/rp2_common/hardware_sync/sync.c.obj
 *fill*         0x200010ca        0x2 
 .data          0x200010cc       0x48 CMakeFiles/ASCE_Picomotor.dir/C_/Users/GAMER/.pico-sdk/sdk/2.0.0/src/rp2_common/hardware_irq/irq_handler_chain.S.obj
                0x200010cc                irq_handler_chain_slots
                0x200010fc                irq_handler_chain_first_slot
                0x20001106                irq_handler_chain_remove_tail
 .data.default_alarm_pool
                0x20001114       0x18 CMakeFiles/ASCE_Picomotor.dir/C_/Users/GAMER/.pico-sdk/sdk/2.0.0/src/common/pico_time/time.c.obj
 *fill*         0x2000112c        0x4 
 .data.aeabi_bits_funcs
                0x20001130       0x10 CMakeFiles/ASCE_Picomotor.dir/C_/Users/GAMER/.pico-sdk/sdk/2.0.0/src/rp2_common/pico_bit_ops/bit_ops_aeabi.S.obj
                0x20001130                aeabi_bits_funcs
                0x20001140                aeabi_bits_funcs_end
 .data.aeabi_mem_funcs
                0x20001140       0x10 CMakeFiles/ASCE_Picomotor.dir/C_/Users/GAMER/.pico-sdk/sdk/2.0.0/src/rp2_common/pico_mem_ops/mem_ops_aeabi.S.obj
                0x20001140                aeabi_mem_funcs
                0x20001150                aeabi_mem_funcs_end
 .data.stdio_usb
                0x20001150       0x18 CMakeFiles/ASCE_Picomotor.dir/C_/Users/GAMER/.pico-sdk/sdk/2.0.0/src/rp2_common/pico_stdio_usb/stdio_usb.c.obj
                0x20001150                stdio_usb
 .data._usbd_qdef
                0x20001168       0x1c CMakeFiles/ASCE_Picomotor.dir/C_/Users/GAMER/.pico-sdk/sdk/2.0.0/lib/tinyusb/src/device/usbd.c.obj
                0x20001168                _usbd_qdef
 .data._usbd_rhport
                0x20001184        0x1 CMakeFiles/ASCE_Picomotor.dir/C_/Users/GAMER/.pico-sdk/sdk/2.0.0/lib/tinyusb/src/device/usbd.c.obj
 *fill*         0x20001185        0x3 
 .data.i2c1_inst
                0x20001188        0x8 CMakeFiles/ASCE_Picomotor.dir/C_/Users/GAMER/.pico-sdk/sdk/2.0.0/src/rp2_common/hardware_i2c/i2c.c.obj
                0x20001188                i2c1_inst
 .data.i2c0_inst
                0x20001190        0x8 CMakeFiles/ASCE_Picomotor.dir/C_/Users/GAMER/.pico-sdk/sdk/2.0.0/src/rp2_common/hardware_i2c/i2c.c.obj
                0x20001190                i2c0_inst
                0x20001198                        . = ALIGN (0x4)
 *(.after_data.*)
                0x20001198                        . = ALIGN (0x4)
                0x20001198                        PROVIDE (__mutex_array_start = .)
 *(SORT_BY_NAME(.mutex_array.*))
 *(.mutex_array)
 .mutex_array   0x20001198        0x8 CMakeFiles/ASCE_Picomotor.dir/C_/Users/GAMER/.pico-sdk/sdk/2.0.0/src/rp2_common/pico_malloc/malloc.c.obj
 .mutex_array   0x200011a0        0x8 CMakeFiles/ASCE_Picomotor.dir/C_/Users/GAMER/.pico-sdk/sdk/2.0.0/src/rp2_common/pico_stdio/stdio.c.obj
                0x200011a8                        PROVIDE (__mutex_array_end = .)
                0x200011a8                        . = ALIGN (0x4)
 *(.jcr)
                0x200011a8                        . = ALIGN (0x4)

.tm_clone_table
                0x200011a8        0x0 load address 0x100094a4
 .tm_clone_table
                0x200011a8        0x0 C:/Users/GAMER/.pico-sdk/toolchain/13_2_Rel1/bin/../lib/gcc/arm-none-eabi/13.2.1/thumb/v6-m/nofp/crtbegin.o
 .tm_clone_table
                0x200011a8        0x0 C:/Users/GAMER/.pico-sdk/toolchain/13_2_Rel1/bin/../lib/gcc/arm-none-eabi/13.2.1/thumb/v6-m/nofp/crtend.o

.igot.plt       0x200011a8        0x0 load address 0x100094a4
 .igot.plt      0x200011a8        0x0 C:/Users/GAMER/.pico-sdk/toolchain/13_2_Rel1/bin/../lib/gcc/arm-none-eabi/13.2.1/thumb/v6-m/nofp/crtbegin.o

.tdata          0x200011a8        0x0 load address 0x100094a4
                0x200011a8                        . = ALIGN (0x4)
 *(.tdata .tdata.* .gnu.linkonce.td.*)
                0x200011a8                        __tdata_end = .
                0x200011a8                        PROVIDE (__data_end__ = .)
                0x100083bc                        __etext = LOADADDR (.data)

.tbss           0x200011a8        0x0 load address 0x100094a4
                0x200011a8                        . = ALIGN (0x4)
                0x200011a8                        __bss_start__ = .
                0x200011a8                        __tls_base = .
 *(.tbss .tbss.* .gnu.linkonce.tb.*)
 *(.tcommon)
                0x200011a8                        __tls_end = .

.bss            0x200011a8     0x1208 load address 0x100094a4
                0x200011a8                        . = ALIGN (0x4)
                0x200011a8                        __tbss_end = .
 *(SORT_BY_ALIGNMENT(SORT_BY_NAME(.bss*)))
 .bss.Mechiane  0x200011a8       0x64 CMakeFiles/ASCE_Picomotor.dir/ASCE_Picomotor.cpp.obj
                0x200011a8                Mechiane
 *fill*         0x2000120c        0x4 
 .bss._vendord_itf
                0x20001210      0x2bc CMakeFiles/ASCE_Picomotor.dir/C_/Users/GAMER/.pico-sdk/sdk/2.0.0/lib/tinyusb/src/class/vendor/vendor_device.c.obj
 *fill*         0x200014cc        0x4 
 .bss.arm_extension_pwm_config
                0x200014d0        0xc CMakeFiles/ASCE_Picomotor.dir/ASCE_Picomotor.cpp.obj
                0x200014d0                arm_extension_pwm_config
 *fill*         0x200014dc        0x4 
 .bss.arm_rotation_pwm_config
                0x200014e0        0xc CMakeFiles/ASCE_Picomotor.dir/ASCE_Picomotor.cpp.obj
                0x200014e0                arm_rotation_pwm_config
 *fill*         0x200014ec        0x4 
 .bss.default_alarm_pool_entries
                0x200014f0      0x180 CMakeFiles/ASCE_Picomotor.dir/C_/Users/GAMER/.pico-sdk/sdk/2.0.0/src/common/pico_time/time.c.obj
 .bss.last_avail_time.1
                0x20001670        0x8 CMakeFiles/ASCE_Picomotor.dir/C_/Users/GAMER/.pico-sdk/sdk/2.0.0/src/rp2_common/pico_stdio_usb/stdio_usb.c.obj
 .bss.left_side_motor_pwm_config
                0x20001678        0xc CMakeFiles/ASCE_Picomotor.dir/ASCE_Picomotor.cpp.obj
                0x20001678                left_side_motor_pwm_config
 *fill*         0x20001684        0x4 
 .bss.right_side_motor_pwm_config
                0x20001688        0xc CMakeFiles/ASCE_Picomotor.dir/ASCE_Picomotor.cpp.obj
                0x20001688                right_side_motor_pwm_config
 *fill*         0x20001694        0x4 
 .bss.sd_table  0x20001698      0x100 CMakeFiles/ASCE_Picomotor.dir/C_/Users/GAMER/.pico-sdk/sdk/2.0.0/src/rp2_common/pico_double/double_init_rom_rp2040.c.obj
                0x20001698                sd_table
 .bss.sf_table  0x20001798      0x100 CMakeFiles/ASCE_Picomotor.dir/C_/Users/GAMER/.pico-sdk/sdk/2.0.0/src/rp2_common/pico_float/float_init_rom_rp2040.c.obj
                0x20001798                sf_table
 .bss.speed     0x20001898        0x8 CMakeFiles/ASCE_Picomotor.dir/ASCE_Picomotor.cpp.obj
                0x20001898                speed
 .bss.wrap_set  0x200018a0       0x40 CMakeFiles/ASCE_Picomotor.dir/ASCE_Picomotor.cpp.obj
                0x200018a0                wrap_set
 .bss.Wire      0x200018e0       0x2c CMakeFiles/ASCE_Picomotor.dir/Wire.cpp.obj
                0x200018e0                Wire
 .bss.Wire1     0x2000190c       0x2c CMakeFiles/ASCE_Picomotor.dir/Wire.cpp.obj
                0x2000190c                Wire1
 .bss._app_driver
                0x20001938        0x4 CMakeFiles/ASCE_Picomotor.dir/C_/Users/GAMER/.pico-sdk/sdk/2.0.0/lib/tinyusb/src/device/usbd.c.obj
 .bss._cdcd_fifo_cfg
                0x2000193c        0x1 CMakeFiles/ASCE_Picomotor.dir/C_/Users/GAMER/.pico-sdk/sdk/2.0.0/lib/tinyusb/src/class/cdc/cdc_device.c.obj
 *fill*         0x2000193d        0x3 
 .bss._cdcd_itf
                0x20001940      0x2c8 CMakeFiles/ASCE_Picomotor.dir/C_/Users/GAMER/.pico-sdk/sdk/2.0.0/lib/tinyusb/src/class/cdc/cdc_device.c.obj
 .bss._ctrl_xfer
                0x20001c08       0x14 CMakeFiles/ASCE_Picomotor.dir/C_/Users/GAMER/.pico-sdk/sdk/2.0.0/lib/tinyusb/src/device/usbd_control.c.obj
 .bss._ubsd_mutexdef
                0x20001c1c        0x8 CMakeFiles/ASCE_Picomotor.dir/C_/Users/GAMER/.pico-sdk/sdk/2.0.0/lib/tinyusb/src/device/usbd.c.obj
 .bss._usbd_ctrl_buf
                0x20001c24       0x40 CMakeFiles/ASCE_Picomotor.dir/C_/Users/GAMER/.pico-sdk/sdk/2.0.0/lib/tinyusb/src/device/usbd_control.c.obj
 .bss._usbd_dev
                0x20001c64       0x54 CMakeFiles/ASCE_Picomotor.dir/C_/Users/GAMER/.pico-sdk/sdk/2.0.0/lib/tinyusb/src/device/usbd.c.obj
 .bss._usbd_mutex
                0x20001cb8        0x4 CMakeFiles/ASCE_Picomotor.dir/C_/Users/GAMER/.pico-sdk/sdk/2.0.0/lib/tinyusb/src/device/usbd.c.obj
 .bss._usbd_q   0x20001cbc        0x4 CMakeFiles/ASCE_Picomotor.dir/C_/Users/GAMER/.pico-sdk/sdk/2.0.0/lib/tinyusb/src/device/usbd.c.obj
 .bss._usbd_qdef_buf
                0x20001cc0       0xc0 CMakeFiles/ASCE_Picomotor.dir/C_/Users/GAMER/.pico-sdk/sdk/2.0.0/lib/tinyusb/src/device/usbd.c.obj
                0x20001cc0                _usbd_qdef_buf
 .bss.boot2_copyout
                0x20001d80      0x100 CMakeFiles/ASCE_Picomotor.dir/C_/Users/GAMER/.pico-sdk/sdk/2.0.0/src/rp2_common/hardware_flash/flash.c.obj
 .bss.chars_available_callback
                0x20001e80        0x4 CMakeFiles/ASCE_Picomotor.dir/C_/Users/GAMER/.pico-sdk/sdk/2.0.0/src/rp2_common/pico_stdio_usb/stdio_usb.c.obj
 .bss.chars_available_param
                0x20001e84        0x4 CMakeFiles/ASCE_Picomotor.dir/C_/Users/GAMER/.pico-sdk/sdk/2.0.0/src/rp2_common/pico_stdio_usb/stdio_usb.c.obj
 .bss.claimed   0x20001e88        0x4 CMakeFiles/ASCE_Picomotor.dir/C_/Users/GAMER/.pico-sdk/sdk/2.0.0/src/rp2_common/hardware_sync/sync.c.obj
 .bss.claimed   0x20001e8c        0x1 CMakeFiles/ASCE_Picomotor.dir/C_/Users/GAMER/.pico-sdk/sdk/2.0.0/src/rp2_common/hardware_timer/timer.c.obj
 *fill*         0x20001e8d        0x3 
 .bss.coms_time_stamp
                0x20001e90        0x4 CMakeFiles/ASCE_Picomotor.dir/ASCE_Picomotor.cpp.obj
                0x20001e90                coms_time_stamp
 .bss.configured_freq
                0x20001e94       0x28 CMakeFiles/ASCE_Picomotor.dir/C_/Users/GAMER/.pico-sdk/sdk/2.0.0/src/rp2_common/hardware_clocks/clocks.c.obj
 .bss.desc_str.0
                0x20001ebc       0x28 CMakeFiles/ASCE_Picomotor.dir/C_/Users/GAMER/.pico-sdk/sdk/2.0.0/src/rp2_common/pico_stdio_usb/stdio_usb_descriptors.c.obj
 .bss.drivers   0x20001ee4        0x4 CMakeFiles/ASCE_Picomotor.dir/C_/Users/GAMER/.pico-sdk/sdk/2.0.0/src/rp2_common/pico_stdio/stdio.c.obj
 .bss.e15_last_sof
                0x20001ee8        0x4 CMakeFiles/ASCE_Picomotor.dir/C_/Users/GAMER/.pico-sdk/sdk/2.0.0/lib/tinyusb/src/portable/raspberrypi/rp2040/rp2040_usb.c.obj
                0x20001ee8                e15_last_sof
 .bss.fetch_index
                0x20001eec        0x4 CMakeFiles/ASCE_Picomotor.dir/ASCE_Picomotor.cpp.obj
                0x20001eec                fetch_index
 .bss.filter    0x20001ef0        0x4 CMakeFiles/ASCE_Picomotor.dir/C_/Users/GAMER/.pico-sdk/sdk/2.0.0/src/rp2_common/pico_stdio/stdio.c.obj
 .bss.frame_buffer
                0x20001ef4       0x1c CMakeFiles/ASCE_Picomotor.dir/ASCE_Picomotor.cpp.obj
                0x20001ef4                frame_buffer
 .bss.hw_endpoints
                0x20001f10      0x400 CMakeFiles/ASCE_Picomotor.dir/C_/Users/GAMER/.pico-sdk/sdk/2.0.0/lib/tinyusb/src/portable/raspberrypi/rp2040/dcd_rp2040.c.obj
 .bss.i2c_slaves
                0x20002310       0x10 CMakeFiles/ASCE_Picomotor.dir/C_/Users/GAMER/.pico-sdk/sdk/2.0.0/src/rp2_common/pico_i2c_slave/i2c_slave.c.obj
 .bss.lazy_vsnprintf
                0x20002320        0x4 CMakeFiles/ASCE_Picomotor.dir/C_/Users/GAMER/.pico-sdk/sdk/2.0.0/src/rp2_common/pico_printf/printf.c.obj
 .bss.load_value
                0x20002324        0x4 CMakeFiles/ASCE_Picomotor.dir/C_/Users/GAMER/.pico-sdk/sdk/2.0.0/src/rp2_common/hardware_watchdog/watchdog.c.obj
 .bss.next_buffer_ptr
                0x20002328        0x4 CMakeFiles/ASCE_Picomotor.dir/C_/Users/GAMER/.pico-sdk/sdk/2.0.0/lib/tinyusb/src/portable/raspberrypi/rp2040/dcd_rp2040.c.obj
 .bss.object.0  0x2000232c       0x18 C:/Users/GAMER/.pico-sdk/toolchain/13_2_Rel1/bin/../lib/gcc/arm-none-eabi/13.2.1/thumb/v6-m/nofp/crtbegin.o
 .bss.one_shot_timer_crit_sec
                0x20002344        0x8 CMakeFiles/ASCE_Picomotor.dir/C_/Users/GAMER/.pico-sdk/sdk/2.0.0/src/rp2_common/pico_stdio_usb/stdio_usb.c.obj
 .bss.pico_frame
                0x2000234c       0x1c CMakeFiles/ASCE_Picomotor.dir/ASCE_Picomotor.cpp.obj
                0x2000234c                pico_frame
 .bss.pools     0x20002368       0x10 CMakeFiles/ASCE_Picomotor.dir/C_/Users/GAMER/.pico-sdk/sdk/2.0.0/src/common/pico_time/time.c.obj