Archive member included to satisfy reference by file (symbol)

C:/Users/AssilF/.pico-sdk/toolchain/13_3_Rel1/bin/../lib/gcc/arm-none-eabi/13.3.1/thumb/v6-m/nofp\libgcc.a(_dvmd_tls.o)
                              CMakeFiles/ASCE_Picomotor.dir/C_/Users/AssilF/.pico-sdk/sdk/2.1.0/src/rp2_common/pico_divider/divider_hardware.S.obj (__aeabi_idiv0)
C:/Users/AssilF/.pico-sdk/toolchain/13_3_Rel1/bin/../lib/gcc/arm-none-eabi/13.3.1/thumb/v6-m/nofp\libg.a(libc_a-calloc.o)
                              CMakeFiles/ASCE_Picomotor.dir/C_/Users/AssilF/.pico-sdk/sdk/2.1.0/src/rp2_common/pico_malloc/malloc.c.obj (calloc)
C:/Users/AssilF/.pico-sdk/toolchain/13_3_Rel1/bin/../lib/gcc/arm-none-eabi/13.3.1/thumb/v6-m/nofp\libg.a(libc_a-callocr.o)
                              C:/Users/AssilF/.pico-sdk/toolchain/13_3_Rel1/bin/../lib/gcc/arm-none-eabi/13.3.1/thumb/v6-m/nofp\libg.a(libc_a-calloc.o) (_calloc_r)
C:/Users/AssilF/.pico-sdk/toolchain/13_3_Rel1/bin/../lib/gcc/arm-none-eabi/13.3.1/thumb/v6-m/nofp\libg.a(libc_a-malloc.o)
                              CMakeFiles/ASCE_Picomotor.dir/C_/Users/AssilF/.pico-sdk/sdk/2.1.0/src/rp2_common/pico_malloc/malloc.c.obj (malloc)
C:/Users/AssilF/.pico-sdk/toolchain/13_3_Rel1/bin/../lib/gcc/arm-none-eabi/13.3.1/thumb/v6-m/nofp\libg.a(libc_a-mallocr.o)
                              C:/Users/AssilF/.pico-sdk/toolchain/13_3_Rel1/bin/../lib/gcc/arm-none-eabi/13.3.1/thumb/v6-m/nofp\libg.a(libc_a-callocr.o) (_malloc_r)
C:/Users/AssilF/.pico-sdk/toolchain/13_3_Rel1/bin/../lib/gcc/arm-none-eabi/13.3.1/thumb/v6-m/nofp\libg.a(libc_a-mlock.o)
                              C:/Users/AssilF/.pico-sdk/toolchain/13_3_Rel1/bin/../lib/gcc/arm-none-eabi/13.3.1/thumb/v6-m/nofp\libg.a(libc_a-mallocr.o) (__malloc_lock)
C:/Users/AssilF/.pico-sdk/toolchain/13_3_Rel1/bin/../lib/gcc/arm-none-eabi/13.3.1/thumb/v6-m/nofp\libg.a(libc_a-realloc.o)
                              CMakeFiles/ASCE_Picomotor.dir/C_/Users/AssilF/.pico-sdk/sdk/2.1.0/src/rp2_common/pico_malloc/malloc.c.obj (realloc)
C:/Users/AssilF/.pico-sdk/toolchain/13_3_Rel1/bin/../lib/gcc/arm-none-eabi/13.3.1/thumb/v6-m/nofp\libg.a(libc_a-reallocr.o)
                              C:/Users/AssilF/.pico-sdk/toolchain/13_3_Rel1/bin/../lib/gcc/arm-none-eabi/13.3.1/thumb/v6-m/nofp\libg.a(libc_a-realloc.o) (_realloc_r)
C:/Users/AssilF/.pico-sdk/toolchain/13_3_Rel1/bin/../lib/gcc/arm-none-eabi/13.3.1/thumb/v6-m/nofp\libg.a(libc_a-memcmp.o)
                              CMakeFiles/ASCE_Picomotor.dir/C_/Users/AssilF/.pico-sdk/sdk/2.1.0/src/rp2_common/pico_atomic/atomic.c.obj (memcmp)
C:/Users/AssilF/.pico-sdk/toolchain/13_3_Rel1/bin/../lib/gcc/arm-none-eabi/13.3.1/thumb/v6-m/nofp\libg.a(libc_a-memmove.o)
                              C:/Users/AssilF/.pico-sdk/toolchain/13_3_Rel1/bin/../lib/gcc/arm-none-eabi/13.3.1/thumb/v6-m/nofp\libg.a(libc_a-reallocr.o) (memmove)
C:/Users/AssilF/.pico-sdk/toolchain/13_3_Rel1/bin/../lib/gcc/arm-none-eabi/13.3.1/thumb/v6-m/nofp\libg.a(libc_a-lcltime_r.o)
                              CMakeFiles/ASCE_Picomotor.dir/C_/Users/AssilF/.pico-sdk/sdk/2.1.0/src/common/pico_util/datetime.c.obj (localtime_r)
C:/Users/AssilF/.pico-sdk/toolchain/13_3_Rel1/bin/../lib/gcc/arm-none-eabi/13.3.1/thumb/v6-m/nofp\libg.a(libc_a-mktime.o)
                              CMakeFiles/ASCE_Picomotor.dir/C_/Users/AssilF/.pico-sdk/sdk/2.1.0/src/common/pico_util/datetime.c.obj (mktime)
C:/Users/AssilF/.pico-sdk/toolchain/13_3_Rel1/bin/../lib/gcc/arm-none-eabi/13.3.1/thumb/v6-m/nofp\libg.a(libc_a-month_lengths.o)
                              C:/Users/AssilF/.pico-sdk/toolchain/13_3_Rel1/bin/../lib/gcc/arm-none-eabi/13.3.1/thumb/v6-m/nofp\libg.a(libc_a-lcltime_r.o) (__month_lengths)
C:/Users/AssilF/.pico-sdk/toolchain/13_3_Rel1/bin/../lib/gcc/arm-none-eabi/13.3.1/thumb/v6-m/nofp\libg.a(libc_a-tzcalc_limits.o)
                              C:/Users/AssilF/.pico-sdk/toolchain/13_3_Rel1/bin/../lib/gcc/arm-none-eabi/13.3.1/thumb/v6-m/nofp\libg.a(libc_a-lcltime_r.o) (__tzcalc_limits)
C:/Users/AssilF/.pico-sdk/toolchain/13_3_Rel1/bin/../lib/gcc/arm-none-eabi/13.3.1/thumb/v6-m/nofp\libg.a(libc_a-tzlock.o)
                              C:/Users/AssilF/.pico-sdk/toolchain/13_3_Rel1/bin/../lib/gcc/arm-none-eabi/13.3.1/thumb/v6-m/nofp\libg.a(libc_a-lcltime_r.o) (__tz_lock)
C:/Users/AssilF/.pico-sdk/toolchain/13_3_Rel1/bin/../lib/gcc/arm-none-eabi/13.3.1/thumb/v6-m/nofp\libg.a(libc_a-tzset.o)
                              C:/Users/AssilF/.pico-sdk/toolchain/13_3_Rel1/bin/../lib/gcc/arm-none-eabi/13.3.1/thumb/v6-m/nofp\libg.a(libc_a-lcltime_r.o) (_tzset_unlocked)
C:/Users/AssilF/.pico-sdk/toolchain/13_3_Rel1/bin/../lib/gcc/arm-none-eabi/13.3.1/thumb/v6-m/nofp\libg.a(libc_a-tzset_r.o)
                              C:/Users/AssilF/.pico-sdk/toolchain/13_3_Rel1/bin/../lib/gcc/arm-none-eabi/13.3.1/thumb/v6-m/nofp\libg.a(libc_a-tzset.o) (_tzset_unlocked_r)
[...]
Memory Configuration

Name             Origin             Length             Attributes
FLASH            0x10000000         0x00200000         xr
RAM              0x20000000         0x00040000         xrw
SCRATCH_X        0x20040000         0x00001000         xrw
SCRATCH_Y        0x20041000         0x00001000         xrw
*default*        0x00000000         0xffffffff

Linker script and memory map

LOAD C:/Users/AssilF/.pico-sdk/toolchain/13_3_Rel1/bin/../lib/gcc/arm-none-eabi/13.3.1/thumb/v6-m/nofp/crti.o
LOAD C:/Users/AssilF/.pico-sdk/toolchain/13_3_Rel1/bin/../lib/gcc/arm-none-eabi/13.3.1/thumb/v6-m/nofp/crtbegin.o
LOAD C:/Users/AssilF/.pico-sdk/toolchain/13_3_Rel1/bin/../lib/gcc/arm-none-eabi/13.3.1/thumb/v6-m/nofp/crt0.o

.flash_begin    0x10000000        0x0
                0x10000000                        __flash_binary_start = .

.boot2          0x10000000      0x100
                0x10000000                        __boot2_start__ = .
 *(.boot2)
 .boot2         0x10000000      0x100 pico-sdk/src/rp2040/boot_stage2/CMakeFiles/bs2_default_library.dir/./bs2_default_padded_checksummed.S.obj
                0x10000100                        __boot2_end__ = .
                0x00000001                        ASSERT (((__boot2_end__ - __boot2_start__) == 0x100), ERROR: Pico second stage bootloader must be 256 bytes in size)

.text           0x10000100     0x7dfc
                0x10000100                        __logical_binary_start = .
 *(.vectors)
 .vectors       0x10000100       0xd4 CMakeFiles/ASCE_Picomotor.dir/C_/Users/AssilF/.pico-sdk/sdk/2.1.0/src/rp2_common/pico_crt0/crt0.S.obj
                0x10000100                __VECTOR_TABLE
                0x10000100                __vectors
                0x100001c0                isr_invalid
                0x100001c0                __default_isrs_start
                0x100001c2                isr_nmi
                0x100001c4                isr_hardfault
                0x100001c6                isr_svcall
                0x100001c8                isr_pendsv
                0x100001ca                isr_systick
                0x100001cc                isr_irq23
                0x100001cc                isr_irq18
                0x100001cc                isr_irq11
                0x100001cc                isr_irq28
                0x100001cc                isr_irq19
                0x100001cc                isr_irq0
                0x100001cc                isr_irq6
                0x100001cc                isr_irq5
                0x100001cc                isr_irq12
                0x100001cc                isr_irq22
                0x100001cc                isr_irq31
                0x100001cc                isr_irq17
                0x100001cc                isr_irq27
                0x100001cc                isr_irq30
                0x100001cc                isr_irq2
                0x100001cc                isr_irq10
                0x100001cc                isr_irq8
                0x100001cc                isr_irq24
                0x100001cc                isr_irq1
                0x100001cc                isr_irq7
                0x100001cc                isr_irq21
                0x100001cc                isr_irq20
                0x100001cc                isr_irq15
                0x100001cc                isr_irq25
                0x100001cc                isr_irq13
                0x100001cc                __unhandled_user_irq
                0x100001cc                isr_irq4
                0x100001cc                isr_irq16
                0x100001cc                isr_irq29
                0x100001cc                isr_irq26
                0x100001cc                __default_isrs_end
                0x100001cc                isr_irq3
                0x100001cc                isr_irq14
                0x100001cc                isr_irq9
                0x100001d2                unhandled_user_irq_num_in_r0
 *(.binary_info_header)
 .binary_info_header
                0x100001d4       0x14 CMakeFiles/ASCE_Picomotor.dir/C_/Users/AssilF/.pico-sdk/sdk/2.1.0/src/rp2_common/pico_crt0/crt0.S.obj
                0x100001e8                        __binary_info_header_end = .
 *(.embedded_block)
                0x100001e8                        __embedded_block_end = .
 *(.reset)
 .reset         0x100001e8       0x9c CMakeFiles/ASCE_Picomotor.dir/C_/Users/AssilF/.pico-sdk/sdk/2.1.0/src/rp2_common/pico_crt0/crt0.S.obj
                0x100001e8                _entry_point
 *(.init)
 .init          0x10000284        0x4 C:/Users/AssilF/.pico-sdk/toolchain/13_3_Rel1/bin/../lib/gcc/arm-none-eabi/13.3.1/thumb/v6-m/nofp/crti.o
                0x10000284                _init
 *(EXCLUDE_FILE(*libm.a: *libc.a:*lib_a-mem*.o *libgcc.a:) .text*)
 .text.register_tm_clones
                0x10000288       0x28 C:/Users/AssilF/.pico-sdk/toolchain/13_3_Rel1/bin/../lib/gcc/arm-none-eabi/13.3.1/thumb/v6-m/nofp/crtbegin.o
 .text.frame_dummy
                0x100002b0       0x24 C:/Users/AssilF/.pico-sdk/toolchain/13_3_Rel1/bin/../lib/gcc/arm-none-eabi/13.3.1/thumb/v6-m/nofp/crtbegin.o
 .text._ZN7TwoWire5beginEh
                0x100002d4       0x48 CMakeFiles/ASCE_Picomotor.dir/Wire.cpp.obj
                0x100002d4                TwoWire::begin(unsigned char)
 .text._ZN7TwoWire5writeEh
                0x1000031c       0x48 CMakeFiles/ASCE_Picomotor.dir/Wire.cpp.obj
                0x1000031c                TwoWire::write(unsigned char)
 .text._ZN7TwoWire9onReceiveEPFviE
                0x10000364        0x4 CMakeFiles/ASCE_Picomotor.dir/Wire.cpp.obj
                0x10000364                TwoWire::onReceive(void (*)(int))
 .text._ZN7TwoWire9onRequestEPFvvE
                0x10000368        0x4 CMakeFiles/ASCE_Picomotor.dir/Wire.cpp.obj
                0x10000368                TwoWire::onRequest(void (*)())
 .text.startup._GLOBAL__sub_I_Wire
                0x1000036c       0x28 CMakeFiles/ASCE_Picomotor.dir/Wire.cpp.obj
 .text._Z10servo_coreP15repeating_timer
                0x10000394       0xc8 CMakeFiles/ASCE_Picomotor.dir/ASCE_Picomotor.cpp.obj
                0x10000394                servo_core(repeating_timer*)
 .text._Z6answerv
                0x1000045c       0x48 CMakeFiles/ASCE_Picomotor.dir/ASCE_Picomotor.cpp.obj
                0x1000045c                answer()
 .text._Z13fetch_commandi
                0x100004a4       0xf0 CMakeFiles/ASCE_Picomotor.dir/ASCE_Picomotor.cpp.obj
                0x100004a4                fetch_command(int)
 .text._Z16second_core_testv
                0x10000594      0x460 CMakeFiles/ASCE_Picomotor.dir/ASCE_Picomotor.cpp.obj
                0x10000594                second_core_test()
 .text.startup.main
                0x100009f4      0x728 CMakeFiles/ASCE_Picomotor.dir/ASCE_Picomotor.cpp.obj
                0x100009f4                main
 .text.startup._GLOBAL__sub_I_left_side_motor_pwm_config
                0x1000111c       0x5c CMakeFiles/ASCE_Picomotor.dir/ASCE_Picomotor.cpp.obj
 .text.gpio_set_function
                0x10001178       0x34 CMakeFiles/ASCE_Picomotor.dir/C_/Users/AssilF/.pico-sdk/sdk/2.1.0/src/rp2_common/hardware_gpio/gpio.c.obj
                0x10001178                gpio_set_function
 .text.gpio_set_pulls
                0x100011ac       0x28 CMakeFiles/ASCE_Picomotor.dir/C_/Users/AssilF/.pico-sdk/sdk/2.1.0/src/rp2_common/hardware_gpio/gpio.c.obj
                0x100011ac                gpio_set_pulls
 .text.gpio_init
                0x100011d4       0x40 CMakeFiles/ASCE_Picomotor.dir/C_/Users/AssilF/.pico-sdk/sdk/2.1.0/src/rp2_common/hardware_gpio/gpio.c.obj
                0x100011d4                gpio_init
 .text.rp2040_chip_version
                0x10001214        0xc CMakeFiles/ASCE_Picomotor.dir/C_/Users/AssilF/.pico-sdk/sdk/2.1.0/src/rp2040/pico_platform/platform.c.obj
                0x10001214                rp2040_chip_version
 .text.panic    0x10001220       0x30 CMakeFiles/ASCE_Picomotor.dir/C_/Users/AssilF/.pico-sdk/sdk/2.1.0/src/rp2_common/pico_platform_panic/panic.c.obj
                0x10001220                panic
 .text.hw_claim_or_assert
                0x10001250       0x44 CMakeFiles/ASCE_Picomotor.dir/C_/Users/AssilF/.pico-sdk/sdk/2.1.0/src/common/hardware_claim/claim.c.obj
                0x10001250                hw_claim_or_assert
 .text.hw_claim_unused_from_range
                0x10001294       0x9c CMakeFiles/ASCE_Picomotor.dir/C_/Users/AssilF/.pico-sdk/sdk/2.1.0/src/common/hardware_claim/claim.c.obj
                0x10001294                hw_claim_unused_from_range
 .text.next_striped_spin_lock_num
                0x10001330       0x18 CMakeFiles/ASCE_Picomotor.dir/C_/Users/AssilF/.pico-sdk/sdk/2.1.0/src/rp2_common/hardware_sync/sync.c.obj
                0x10001330                next_striped_spin_lock_num
 .text.spin_lock_claim_unused
                0x10001348       0x24 CMakeFiles/ASCE_Picomotor.dir/C_/Users/AssilF/.pico-sdk/sdk/2.1.0/src/rp2_common/hardware_sync/sync.c.obj
                0x10001348                spin_lock_claim_unused
 .text.spin_locks_reset
                0x1000136c       0x1c CMakeFiles/ASCE_Picomotor.dir/C_/Users/AssilF/.pico-sdk/sdk/2.1.0/src/rp2_common/hardware_sync_spin_lock/sync_spin_lock.c.obj
                0x1000136c                spin_locks_reset
 .text.runtime_init_per_core_irq_priorities
                0x10001388       0x24 CMakeFiles/ASCE_Picomotor.dir/C_/Users/AssilF/.pico-sdk/sdk/2.1.0/src/rp2_common/hardware_irq/irq.c.obj
                0x10001388                runtime_init_per_core_irq_priorities
 .text.irq_set_enabled
                0x100013ac       0x24 CMakeFiles/ASCE_Picomotor.dir/C_/Users/AssilF/.pico-sdk/sdk/2.1.0/src/rp2_common/hardware_irq/irq.c.obj
                0x100013ac                irq_set_enabled
 .text.irq_is_enabled
                0x100013d0       0x18 CMakeFiles/ASCE_Picomotor.dir/C_/Users/AssilF/.pico-sdk/sdk/2.1.0/src/rp2_common/hardware_irq/irq.c.obj
                0x100013d0                irq_is_enabled
 .text.irq_set_pending
                0x100013e8       0x10 CMakeFiles/ASCE_Picomotor.dir/C_/Users/AssilF/.pico-sdk/sdk/2.1.0/src/rp2_common/hardware_irq/irq.c.obj
                0x100013e8                irq_set_pending
 .text.irq_has_shared_handler
                0x100013f8       0x2c CMakeFiles/ASCE_Picomotor.dir/C_/Users/AssilF/.pico-sdk/sdk/2.1.0/src/rp2_common/hardware_irq/irq.c.obj
                0x100013f8                irq_has_shared_handler
 .text.irq_set_exclusive_handler
                0x10001424       0x54 CMakeFiles/ASCE_Picomotor.dir/C_/Users/AssilF/.pico-sdk/sdk/2.1.0/src/rp2_common/hardware_irq/irq.c.obj
                0x10001424                irq_set_exclusive_handler
 .text.irq_add_shared_handler
                0x10001478      0x1f4 CMakeFiles/ASCE_Picomotor.dir/C_/Users/AssilF/.pico-sdk/sdk/2.1.0/src/rp2_common/hardware_irq/irq.c.obj
                0x10001478                irq_add_shared_handler
 .text.irq_remove_handler
                0x1000166c      0x1d4 CMakeFiles/ASCE_Picomotor.dir/C_/Users/AssilF/.pico-sdk/sdk/2.1.0/src/rp2_common/hardware_irq/irq.c.obj
                0x1000166c                irq_remove_handler
 .text.irq_add_tail_to_free_list
                0x10001840       0xb4 CMakeFiles/ASCE_Picomotor.dir/C_/Users/AssilF/.pico-sdk/sdk/2.1.0/src/rp2_common/hardware_irq/irq.c.obj
                0x10001840                irq_add_tail_to_free_list
 .text.user_irq_claim_unused
                0x100018f4       0x2c CMakeFiles/ASCE_Picomotor.dir/C_/Users/AssilF/.pico-sdk/sdk/2.1.0/src/rp2_common/hardware_irq/irq.c.obj
                0x100018f4                user_irq_claim_unused
 .text.lock_init
                0x10001920       0x10 CMakeFiles/ASCE_Picomotor.dir/C_/Users/AssilF/.pico-sdk/sdk/2.1.0/src/common/pico_sync/lock_core.c.obj
                0x10001920                lock_init
 .text.runtime_init_mutex
                0x10001930       0x50 CMakeFiles/ASCE_Picomotor.dir/C_/Users/AssilF/.pico-sdk/sdk/2.1.0/src/common/pico_sync/mutex.c.obj
                0x10001930                runtime_init_mutex
 .text.mutex_init
                0x10001980       0x1c CMakeFiles/ASCE_Picomotor.dir/C_/Users/AssilF/.pico-sdk/sdk/2.1.0/src/common/pico_sync/mutex.c.obj
                0x10001980                mutex_init
 .text.critical_section_init
                0x1000199c       0x1c CMakeFiles/ASCE_Picomotor.dir/C_/Users/AssilF/.pico-sdk/sdk/2.1.0/src/common/pico_sync/critical_section.c.obj
                0x1000199c                critical_section_init
 .text.critical_section_init_with_lock_num
                0x100019b8       0x14 CMakeFiles/ASCE_Picomotor.dir/C_/Users/AssilF/.pico-sdk/sdk/2.1.0/src/common/pico_sync/critical_section.c.obj
                0x100019b8                critical_section_init_with_lock_num
 .text.sleep_until_callback
                0x100019cc       0x30 CMakeFiles/ASCE_Picomotor.dir/C_/Users/AssilF/.pico-sdk/sdk/2.1.0/src/common/pico_time/time.c.obj
 .text.alarm_pool_irq_handler
                0x100019fc      0x2fc CMakeFiles/ASCE_Picomotor.dir/C_/Users/AssilF/.pico-sdk/sdk/2.1.0/src/common/pico_time/time.c.obj
 .text.runtime_init_default_alarm_pool
                0x10001cf8       0xdc CMakeFiles/ASCE_Picomotor.dir/C_/Users/AssilF/.pico-sdk/sdk/2.1.0/src/common/pico_time/time.c.obj
                0x10001cf8                runtime_init_default_alarm_pool
 .text.alarm_pool_get_default
                0x10001dd4        0x8 CMakeFiles/ASCE_Picomotor.dir/C_/Users/AssilF/.pico-sdk/sdk/2.1.0/src/common/pico_time/time.c.obj
                0x10001dd4                alarm_pool_get_default
 .text.alarm_pool_add_alarm_at
                0x10001ddc       0xd4 CMakeFiles/ASCE_Picomotor.dir/C_/Users/AssilF/.pico-sdk/sdk/2.1.0/src/common/pico_time/time.c.obj
                0x10001ddc                alarm_pool_add_alarm_at
 .text.alarm_pool_add_alarm_at_force_in_context
                0x10001eb0       0xb0 CMakeFiles/ASCE_Picomotor.dir/C_/Users/AssilF/.pico-sdk/sdk/2.1.0/src/common/pico_time/time.c.obj
                0x10001eb0                alarm_pool_add_alarm_at_force_in_context
 .text.alarm_pool_cancel_alarm
                0x10001f60       0x74 CMakeFiles/ASCE_Picomotor.dir/C_/Users/AssilF/.pico-sdk/sdk/2.1.0/src/common/pico_time/time.c.obj
                0x10001f60                alarm_pool_cancel_alarm
 .text.alarm_pool_core_num
                0x10001fd4        0x4 CMakeFiles/ASCE_Picomotor.dir/C_/Users/AssilF/.pico-sdk/sdk/2.1.0/src/common/pico_time/time.c.obj
                0x10001fd4                alarm_pool_core_num
 .text.sleep_until
                0x10001fd8       0xd8 CMakeFiles/ASCE_Picomotor.dir/C_/Users/AssilF/.pico-sdk/sdk/2.1.0/src/common/pico_time/time.c.obj
                0x10001fd8                sleep_until
 .text.sleep_ms
                0x100020b0       0x38 CMakeFiles/ASCE_Picomotor.dir/C_/Users/AssilF/.pico-sdk/sdk/2.1.0/src/common/pico_time/time.c.obj
                0x100020b0                sleep_ms
 .text.best_effort_wfe_or_timeout
                0x100020e8       0xe0 CMakeFiles/ASCE_Picomotor.dir/C_/Users/AssilF/.pico-sdk/sdk/2.1.0/src/common/pico_time/time.c.obj
                0x100020e8                best_effort_wfe_or_timeout
 .text.alarm_pool_add_repeating_timer_us
                0x100021c8      0x128 CMakeFiles/ASCE_Picomotor.dir/C_/Users/AssilF/.pico-sdk/sdk/2.1.0/src/common/pico_time/time.c.obj
                0x100021c8                alarm_pool_add_repeating_timer_us
 .text.timer_hardware_alarm_claim
                0x100022f0       0x14 CMakeFiles/ASCE_Picomotor.dir/C_/Users/AssilF/.pico-sdk/sdk/2.1.0/src/rp2_common/hardware_timer/timer.c.obj
                0x100022f0                timer_hardware_alarm_claim
 .text.timer_time_us_64
                0x10002304       0x10 CMakeFiles/ASCE_Picomotor.dir/C_/Users/AssilF/.pico-sdk/sdk/2.1.0/src/rp2_common/hardware_timer/timer.c.obj
                0x10002304                timer_time_us_64
 .text.time_us_64
                0x10002314       0x14 CMakeFiles/ASCE_Picomotor.dir/C_/Users/AssilF/.pico-sdk/sdk/2.1.0/src/rp2_common/hardware_timer/timer.c.obj
                0x10002314                time_us_64
 .text.busy_wait_until
                0x10002328       0x20 CMakeFiles/ASCE_Picomotor.dir/C_/Users/AssilF/.pico-sdk/sdk/2.1.0/src/rp2_common/hardware_timer/timer.c.obj
                0x10002328                busy_wait_until
 .text.clock_configure_int_divider
                0x10002348       0xf4 CMakeFiles/ASCE_Picomotor.dir/C_/Users/AssilF/.pico-sdk/sdk/2.1.0/src/rp2_common/hardware_clocks/clocks.c.obj
                0x10002348                clock_configure_int_divider
 .text.clock_configure_undivided
                0x1000243c       0xe8 CMakeFiles/ASCE_Picomotor.dir/C_/Users/AssilF/.pico-sdk/sdk/2.1.0/src/rp2_common/hardware_clocks/clocks.c.obj
                0x1000243c                clock_configure_undivided
 .text.clock_get_hz
                0x10002524        0xc CMakeFiles/ASCE_Picomotor.dir/C_/Users/AssilF/.pico-sdk/sdk/2.1.0/src/rp2_common/hardware_clocks/clocks.c.obj
                0x10002524                clock_get_hz
 .text.pll_init
                0x10002530       0xa4 CMakeFiles/ASCE_Picomotor.dir/C_/Users/AssilF/.pico-sdk/sdk/2.1.0/src/rp2_common/hardware_pll/pll.c.obj
                0x10002530                pll_init
 .text.watchdog_reboot
                0x100025d4       0x9c CMakeFiles/ASCE_Picomotor.dir/C_/Users/AssilF/.pico-sdk/sdk/2.1.0/src/rp2_common/hardware_watchdog/watchdog.c.obj
                0x100025d4                watchdog_reboot
 .text.tick_start
                0x10002670       0x10 CMakeFiles/ASCE_Picomotor.dir/C_/Users/AssilF/.pico-sdk/sdk/2.1.0/src/rp2_common/hardware_ticks/ticks.c.obj
                0x10002670                tick_start
 .text.rom_func_lookup
                0x10002680       0x10 CMakeFiles/ASCE_Picomotor.dir/C_/Users/AssilF/.pico-sdk/sdk/2.1.0/src/rp2_common/pico_bootrom/bootrom.c.obj
                0x10002680                rom_func_lookup
 .text.rom_data_lookup
                0x10002690       0x10 CMakeFiles/ASCE_Picomotor.dir/C_/Users/AssilF/.pico-sdk/sdk/2.1.0/src/rp2_common/pico_bootrom/bootrom.c.obj
                0x10002690                rom_data_lookup
 .text.rom_funcs_lookup
                0x100026a0       0x44 CMakeFiles/ASCE_Picomotor.dir/C_/Users/AssilF/.pico-sdk/sdk/2.1.0/src/rp2_common/pico_bootrom/bootrom.c.obj
                0x100026a0                rom_funcs_lookup
 .text.rom_reset_usb_boot_extra
                0x100026e4       0x28 CMakeFiles/ASCE_Picomotor.dir/C_/Users/AssilF/.pico-sdk/sdk/2.1.0/src/rp2_common/pico_bootrom/bootrom.c.obj
                0x100026e4                rom_reset_usb_boot_extra
 .text.xosc_init
                0x1000270c       0x28 CMakeFiles/ASCE_Picomotor.dir/C_/Users/AssilF/.pico-sdk/sdk/2.1.0/src/rp2_common/hardware_xosc/xosc.c.obj
                0x1000270c                xosc_init
 .text.first_per_core_initializer
                0x10002734        0x4 CMakeFiles/ASCE_Picomotor.dir/C_/Users/AssilF/.pico-sdk/sdk/2.1.0/src/rp2_common/pico_runtime/runtime.c.obj
 .text.hard_assertion_failure
                0x10002738        0xc CMakeFiles/ASCE_Picomotor.dir/C_/Users/AssilF/.pico-sdk/sdk/2.1.0/src/rp2_common/pico_runtime/runtime.c.obj
                0x10002738                hard_assertion_failure
 .text.runtime_run_initializers
                0x10002744       0x28 CMakeFiles/ASCE_Picomotor.dir/C_/Users/AssilF/.pico-sdk/sdk/2.1.0/src/rp2_common/pico_runtime/runtime.c.obj
                0x10002744                runtime_run_initializers
 .text.runtime_run_per_core_initializers
                0x1000276c       0x28 CMakeFiles/ASCE_Picomotor.dir/C_/Users/AssilF/.pico-sdk/sdk/2.1.0/src/rp2_common/pico_runtime/runtime.c.obj
                0x1000276c                runtime_run_per_core_initializers
 .text.runtime_init_early_resets
                0x10002794       0x2c CMakeFiles/ASCE_Picomotor.dir/C_/Users/AssilF/.pico-sdk/sdk/2.1.0/src/rp2_common/pico_runtime_init/runtime_init.c.obj
                0x10002794                runtime_init_early_resets
 .text.runtime_init_usb_power_down
                0x100027c0       0x1c CMakeFiles/ASCE_Picomotor.dir/C_/Users/AssilF/.pico-sdk/sdk/2.1.0/src/rp2_common/pico_runtime_init/runtime_init.c.obj
                0x100027c0                runtime_init_usb_power_down
 .text.runtime_init_post_clock_resets
                0x100027dc       0x20 CMakeFiles/ASCE_Picomotor.dir/C_/Users/AssilF/.pico-sdk/sdk/2.1.0/src/rp2_common/pico_runtime_init/runtime_init.c.obj
                0x100027dc                runtime_init_post_clock_resets
 .text.runtime_init_rp2040_gpio_ie_disable
                0x100027fc       0x14 CMakeFiles/ASCE_Picomotor.dir/C_/Users/AssilF/.pico-sdk/sdk/2.1.0/src/rp2_common/pico_runtime_init/runtime_init.c.obj
                0x100027fc                runtime_init_rp2040_gpio_ie_disable
 .text.runtime_init_spin_locks_reset
                0x10002810        0x8 CMakeFiles/ASCE_Picomotor.dir/C_/Users/AssilF/.pico-sdk/sdk/2.1.0/src/rp2_common/pico_runtime_init/runtime_init.c.obj
                0x10002810                runtime_init_spin_locks_reset
 .text.runtime_init_install_ram_vector_table
                0x10002818       0x1c CMakeFiles/ASCE_Picomotor.dir/C_/Users/AssilF/.pico-sdk/sdk/2.1.0/src/rp2_common/pico_runtime_init/runtime_init.c.obj
                0x10002818                runtime_init_install_ram_vector_table
 .text.runtime_init_clocks
                0x10002834       0xd8 CMakeFiles/ASCE_Picomotor.dir/C_/Users/AssilF/.pico-sdk/sdk/2.1.0/src/rp2_common/pico_runtime_init/runtime_init_clocks.c.obj
                0x10002834                runtime_init_clocks
 .text          0x1000290c       0x10 CMakeFiles/ASCE_Picomotor.dir/C_/Users/AssilF/.pico-sdk/sdk/2.1.0/src/rp2_common/pico_bit_ops/bit_ops_aeabi.S.obj
 .text.__wrap___aeabi_idiv
                0x1000291c       0x50 CMakeFiles/ASCE_Picomotor.dir/C_/Users/AssilF/.pico-sdk/sdk/2.1.0/src/rp2_common/pico_divider/divider_hardware.S.obj
                0x1000291c                __wrap___aeabi_idivmod
                0x1000291c                divmod_s32s32
                0x1000291c                div_s32s32
                0x1000291c                __wrap___aeabi_idiv
                0x10002924                divmod_s32s32_unsafe
                0x10002950                divmod_s32s32_savestate
 .text.__wrap___aeabi_uidiv
                0x1000296c       0x4c CMakeFiles/ASCE_Picomotor.dir/C_/Users/AssilF/.pico-sdk/sdk/2.1.0/src/rp2_common/pico_divider/divider_hardware.S.obj
                0x1000296c                __wrap___aeabi_uidiv
                0x1000296c                __wrap___aeabi_uidivmod
                0x1000296c                div_u32u32
                0x1000296c                divmod_u32u32
                0x10002974                divmod_u32u32_unsafe
                0x1000299c                divmod_u32u32_savestate
 .text.__wrap___aeabi_ldiv
                0x100029b8      0x424 CMakeFiles/ASCE_Picomotor.dir/C_/Users/AssilF/.pico-sdk/sdk/2.1.0/src/rp2_common/pico_divider/divider_hardware.S.obj
                0x100029b8                div_s64s64
                0x100029b8                divmod_s64s64
                0x100029b8                __wrap___aeabi_ldivmod
                0x100029e8                divmod_u64u64
                0x100029e8                div_u64u64
                0x100029e8                __wrap___aeabi_uldivmod
                0x100029f8                divmod_u64u64_savestate
                0x10002a18                divmod_s64s64_unsafe
                0x10002aa0                divmod_u64u64_unsafe
 .text.__wrap___aeabi_darithmetic
                0x10002ddc       0x80 CMakeFiles/ASCE_Picomotor.dir/C_/Users/AssilF/.pico-sdk/sdk/2.1.0/src/rp2_common/pico_double/double_aeabi_rp2040.S.obj
                0x10002ddc                __wrap___aeabi_drsub
                0x10002de2                __wrap___aeabi_dsub
                0x10002df4                __wrap___aeabi_dadd
                0x10002e06                __wrap___aeabi_ddiv
                0x10002e42                __wrap___aeabi_dmul
 .text.__wrap___aeabi_cdcmple
                0x10002e5c       0x6c CMakeFiles/ASCE_Picomotor.dir/C_/Users/AssilF/.pico-sdk/sdk/2.1.0/src/rp2_common/pico_double/double_aeabi_rp2040.S.obj
                0x10002e5c                __wrap___aeabi_cdrcmple
                0x10002e6c                __wrap___aeabi_cdcmpeq
                0x10002e6c                __wrap___aeabi_cdcmple
 .text.__wrap___aeabi_dcmplt
                0x10002ec8        0xc CMakeFiles/ASCE_Picomotor.dir/C_/Users/AssilF/.pico-sdk/sdk/2.1.0/src/rp2_common/pico_double/double_aeabi_rp2040.S.obj
                0x10002ec8                __wrap___aeabi_dcmplt
 .text.__wrap___aeabi_dcmpge
                0x10002ed4       0x10 CMakeFiles/ASCE_Picomotor.dir/C_/Users/AssilF/.pico-sdk/sdk/2.1.0/src/rp2_common/pico_double/double_aeabi_rp2040.S.obj
                0x10002ed4                __wrap___aeabi_dcmpge
 .text.__wrap___aeabi_dcmpgt
                0x10002ee4        0xa CMakeFiles/ASCE_Picomotor.dir/C_/Users/AssilF/.pico-sdk/sdk/2.1.0/src/rp2_common/pico_double/double_aeabi_rp2040.S.obj
                0x10002ee4                __wrap___aeabi_dcmpgt
 .text.__wrap___aeabi_dcmpun
                0x10002eee       0x18 CMakeFiles/ASCE_Picomotor.dir/C_/Users/AssilF/.pico-sdk/sdk/2.1.0/src/rp2_common/pico_double/double_aeabi_rp2040.S.obj
                0x10002eee                __wrap___aeabi_dcmpun
 *fill*         0x10002f06        0x2 
 .text.__wrap___aeabi_i2d
                0x10002f08       0x38 CMakeFiles/ASCE_Picomotor.dir/C_/Users/AssilF/.pico-sdk/sdk/2.1.0/src/rp2_common/pico_double/double_aeabi_rp2040.S.obj
                0x10002f08                __wrap___aeabi_ui2d
                0x10002f10                __wrap___aeabi_i2d
 .text.__wrap___aeabi_d2iz
                0x10002f40       0x48 CMakeFiles/ASCE_Picomotor.dir/C_/Users/AssilF/.pico-sdk/sdk/2.1.0/src/rp2_common/pico_double/double_aeabi_rp2040.S.obj
                0x10002f40                double2int_z
                0x10002f40                __wrap___aeabi_d2iz
 .text.__wrap___aeabi_d2uiz
                0x10002f88       0x18 CMakeFiles/ASCE_Picomotor.dir/C_/Users/AssilF/.pico-sdk/sdk/2.1.0/src/rp2_common/pico_double/double_aeabi_rp2040.S.obj
                0x10002f88                __wrap___aeabi_d2uiz
                0x10002f88                double2uint
 .text.__aeabi_double_init
                0x10002fa0       0xa4 CMakeFiles/ASCE_Picomotor.dir/C_/Users/AssilF/.pico-sdk/sdk/2.1.0/src/rp2_common/pico_double/double_init_rom_rp2040.c.obj
                0x10002fa0                __aeabi_double_init
 .text.double_table_shim_on_use_helper
                0x10003044       0x2c CMakeFiles/ASCE_Picomotor.dir/C_/Users/AssilF/.pico-sdk/sdk/2.1.0/src/rp2_common/pico_double/double_v1_rom_shim_rp2040.S.obj
                0x10003044                double_table_shim_on_use_helper
 .text.__wrap___aeabi_dsub
                0x10003070       0x10 CMakeFiles/ASCE_Picomotor.dir/C_/Users/AssilF/.pico-sdk/sdk/2.1.0/src/rp2_common/pico_double/double_v1_rom_shim_rp2040.S.obj
                0x10003070                drsub_shim
                0x10003076                dsub_shim
 .text.dadd_shim
                0x10003080      0x15c CMakeFiles/ASCE_Picomotor.dir/C_/Users/AssilF/.pico-sdk/sdk/2.1.0/src/rp2_common/pico_double/double_v1_rom_shim_rp2040.S.obj
                0x10003080                dadd_shim
 .text.dmul_shim
                0x100031dc      0x15c CMakeFiles/ASCE_Picomotor.dir/C_/Users/AssilF/.pico-sdk/sdk/2.1.0/src/rp2_common/pico_double/double_v1_rom_shim_rp2040.S.obj
                0x100031dc                dmul_shim
 .text.ddiv_shim
                0x10003338      0x1b0 CMakeFiles/ASCE_Picomotor.dir/C_/Users/AssilF/.pico-sdk/sdk/2.1.0/src/rp2_common/pico_double/double_v1_rom_shim_rp2040.S.obj
                0x10003338                ddiv_shim
 .text.double2uint_shim
                0x100034e8        0xe CMakeFiles/ASCE_Picomotor.dir/C_/Users/AssilF/.pico-sdk/sdk/2.1.0/src/rp2_common/pico_double/double_v1_rom_shim_rp2040.S.obj
                0x100034e8                double2uint_shim
                0x100034ea                double2ufix_shim
 *fill*         0x100034f6        0x2 
 .text.double2uint64_shim
                0x100034f8       0x70 CMakeFiles/ASCE_Picomotor.dir/C_/Users/AssilF/.pico-sdk/sdk/2.1.0/src/rp2_common/pico_double/double_v1_rom_shim_rp2040.S.obj
                0x100034f8                double2uint64_shim
                0x100034fa                double2ufix64_shim
                0x1000351a                d2fix_a
 .text.dunpacks
                0x10003568       0x3c CMakeFiles/ASCE_Picomotor.dir/C_/Users/AssilF/.pico-sdk/sdk/2.1.0/src/rp2_common/pico_double/double_v1_rom_shim_rp2040.S.obj
                0x10003568                dunpacks
 .text.__aeabi_lmul
                0x100035a4       0x32 CMakeFiles/ASCE_Picomotor.dir/C_/Users/AssilF/.pico-sdk/sdk/2.1.0/src/rp2_common/pico_int64_ops/pico_int64_ops_aeabi.S.obj
                0x100035a4                __wrap___aeabi_lmul
 *fill*         0x100035d6        0x2 
 .text.__wrap___aeabi_cfcmple
                0x100035d8       0x50 CMakeFiles/ASCE_Picomotor.dir/C_/Users/AssilF/.pico-sdk/sdk/2.1.0/src/rp2_common/pico_float/float_aeabi_rp2040.S.obj
                0x100035d8                __wrap___aeabi_cfrcmple
                0x100035e4                __wrap___aeabi_cfcmple
                0x100035e4                __wrap___aeabi_cfcmpeq
 .text.__wrap___aeabi_fcmplt
                0x10003628        0xc CMakeFiles/ASCE_Picomotor.dir/C_/Users/AssilF/.pico-sdk/sdk/2.1.0/src/rp2_common/pico_float/float_aeabi_rp2040.S.obj
                0x10003628                __wrap___aeabi_fcmplt
 .text.__wrap___aeabi_fcmpge
                0x10003634       0x10 CMakeFiles/ASCE_Picomotor.dir/C_/Users/AssilF/.pico-sdk/sdk/2.1.0/src/rp2_common/pico_float/float_aeabi_rp2040.S.obj
                0x10003634                __wrap___aeabi_fcmpge
 .text.__wrap___aeabi_ui2f
                0x10003644        0xa CMakeFiles/ASCE_Picomotor.dir/C_/Users/AssilF/.pico-sdk/sdk/2.1.0/src/rp2_common/pico_float/float_aeabi_rp2040.S.obj
                0x10003644                __wrap___aeabi_ui2f
                0x10003644                uint2float
 *fill*         0x1000364e        0x2 
 .text.__wrap___aeabi_i2f
                0x10003650       0x44 CMakeFiles/ASCE_Picomotor.dir/C_/Users/AssilF/.pico-sdk/sdk/2.1.0/src/rp2_common/pico_float/float_aeabi_rp2040.S.obj
                0x10003650                __wrap___aeabi_i2f
                0x10003650                int2float
 .text.__wrap___aeabi_f2d
                0x10003694       0x14 CMakeFiles/ASCE_Picomotor.dir/C_/Users/AssilF/.pico-sdk/sdk/2.1.0/src/rp2_common/pico_float/float_aeabi_rp2040.S.obj
                0x10003694                __wrap___aeabi_f2d
 .text.__aeabi_float_init
                0x100036a8       0x64 CMakeFiles/ASCE_Picomotor.dir/C_/Users/AssilF/.pico-sdk/sdk/2.1.0/src/rp2_common/pico_float/float_init_rom_rp2040.c.obj
                0x100036a8                __aeabi_float_init
 .text.float_table_shim_on_use_helper
                0x1000370c       0x2c CMakeFiles/ASCE_Picomotor.dir/C_/Users/AssilF/.pico-sdk/sdk/2.1.0/src/rp2_common/pico_float/float_v1_rom_shim_rp2040.S.obj
                0x1000370c                float_table_shim_on_use_helper
 .text.float2double_shim
                0x10003738       0x30 CMakeFiles/ASCE_Picomotor.dir/C_/Users/AssilF/.pico-sdk/sdk/2.1.0/src/rp2_common/pico_float/float_v1_rom_shim_rp2040.S.obj
                0x10003738                float2double_shim
 .text          0x10003768       0x10 CMakeFiles/ASCE_Picomotor.dir/C_/Users/AssilF/.pico-sdk/sdk/2.1.0/src/rp2_common/pico_mem_ops/mem_ops_aeabi.S.obj
                0x10003768                __aeabi_mem_init
 .text.memset   0x10003778        0xc CMakeFiles/ASCE_Picomotor.dir/C_/Users/AssilF/.pico-sdk/sdk/2.1.0/src/rp2_common/pico_mem_ops/mem_ops_aeabi.S.obj
                0x10003778                __wrap_memset
 .text.memcpy   0x10003784        0xc CMakeFiles/ASCE_Picomotor.dir/C_/Users/AssilF/.pico-sdk/sdk/2.1.0/src/rp2_common/pico_mem_ops/mem_ops_aeabi.S.obj
                0x10003784                __wrap_memcpy
                0x10003784                __wrap___aeabi_memcpy
 .text._out_null
                0x10003790        0x4 CMakeFiles/ASCE_Picomotor.dir/C_/Users/AssilF/.pico-sdk/sdk/2.1.0/src/rp2_common/pico_printf/printf.c.obj
 .text._out_rev
                0x10003794       0xac CMakeFiles/ASCE_Picomotor.dir/C_/Users/AssilF/.pico-sdk/sdk/2.1.0/src/rp2_common/pico_printf/printf.c.obj
 .text._ntoa_format
                0x10003840      0x250 CMakeFiles/ASCE_Picomotor.dir/C_/Users/AssilF/.pico-sdk/sdk/2.1.0/src/rp2_common/pico_printf/printf.c.obj
 .text._out_char
                0x10003a90       0x10 CMakeFiles/ASCE_Picomotor.dir/C_/Users/AssilF/.pico-sdk/sdk/2.1.0/src/rp2_common/pico_printf/printf.c.obj
 .text._out_fct
                0x10003aa0       0x10 CMakeFiles/ASCE_Picomotor.dir/C_/Users/AssilF/.pico-sdk/sdk/2.1.0/src/rp2_common/pico_printf/printf.c.obj
 .text._etoa    0x10003ab0      0x464 CMakeFiles/ASCE_Picomotor.dir/C_/Users/AssilF/.pico-sdk/sdk/2.1.0/src/rp2_common/pico_printf/printf.c.obj
 .text._ftoa    0x10003f14      0x3c0 CMakeFiles/ASCE_Picomotor.dir/C_/Users/AssilF/.pico-sdk/sdk/2.1.0/src/rp2_common/pico_printf/printf.c.obj
 .text._vsnprintf
                0x100042d4      0xbc8 CMakeFiles/ASCE_Picomotor.dir/C_/Users/AssilF/.pico-sdk/sdk/2.1.0/src/rp2_common/pico_printf/printf.c.obj
 .text.vfctprintf
                0x10004e9c       0x20 CMakeFiles/ASCE_Picomotor.dir/C_/Users/AssilF/.pico-sdk/sdk/2.1.0/src/rp2_common/pico_printf/printf.c.obj
                0x10004e9c                vfctprintf
 .text.weak_raw_vprintf
                0x10004ebc       0x30 CMakeFiles/ASCE_Picomotor.dir/C_/Users/AssilF/.pico-sdk/sdk/2.1.0/src/rp2_common/pico_printf/printf.c.obj
                0x10004ebc                weak_raw_vprintf
 .text._exit    0x10004eec        0x4 CMakeFiles/ASCE_Picomotor.dir/C_/Users/AssilF/.pico-sdk/sdk/2.1.0/src/rp2_common/pico_clib_interface/newlib_interface.c.obj
                0x10004eec                _exit
 .text.exit     0x10004ef0        0x8 CMakeFiles/ASCE_Picomotor.dir/C_/Users/AssilF/.pico-sdk/sdk/2.1.0/src/rp2_common/pico_clib_interface/newlib_interface.c.obj
                0x10004ef0                exit
 .text.runtime_init
                0x10004ef8       0x2c CMakeFiles/ASCE_Picomotor.dir/C_/Users/AssilF/.pico-sdk/sdk/2.1.0/src/rp2_common/pico_clib_interface/newlib_interface.c.obj
                0x10004ef8                runtime_init
 .text.stdio_out_chars_no_crlf
                0x10004f24       0x10 CMakeFiles/ASCE_Picomotor.dir/C_/Users/AssilF/.pico-sdk/sdk/2.1.0/src/rp2_common/pico_stdio/stdio.c.obj
 .text.stdio_out_chars_crlf
                0x10004f34       0x94 CMakeFiles/ASCE_Picomotor.dir/C_/Users/AssilF/.pico-sdk/sdk/2.1.0/src/rp2_common/pico_stdio/stdio.c.obj
 .text.stdio_buffered_printer
                0x10004fc8       0x64 CMakeFiles/ASCE_Picomotor.dir/C_/Users/AssilF/.pico-sdk/sdk/2.1.0/src/rp2_common/pico_stdio/stdio.c.obj
 .text.stdio_put_string
                0x1000502c      0x100 CMakeFiles/ASCE_Picomotor.dir/C_/Users/AssilF/.pico-sdk/sdk/2.1.0/src/rp2_common/pico_stdio/stdio.c.obj
                0x1000502c                stdio_put_string
 .text.stdio_set_driver_enabled
                0x1000512c       0x30 CMakeFiles/ASCE_Picomotor.dir/C_/Users/AssilF/.pico-sdk/sdk/2.1.0/src/rp2_common/pico_stdio/stdio.c.obj
                0x1000512c                stdio_set_driver_enabled
 .text.stdio_init_all
                0x1000515c        0x8 CMakeFiles/ASCE_Picomotor.dir/C_/Users/AssilF/.pico-sdk/sdk/2.1.0/src/rp2_common/pico_stdio/stdio.c.obj
                0x1000515c                stdio_init_all
 .text.__wrap_putchar
                0x10005164       0x98 CMakeFiles/ASCE_Picomotor.dir/C_/Users/AssilF/.pico-sdk/sdk/2.1.0/src/rp2_common/pico_stdio/stdio.c.obj
                0x10005164                __wrap_putchar
                0x10005164                stdio_putchar
 .text.__wrap_puts
                0x100051fc       0x3c CMakeFiles/ASCE_Picomotor.dir/C_/Users/AssilF/.pico-sdk/sdk/2.1.0/src/rp2_common/pico_stdio/stdio.c.obj
                0x100051fc                stdio_puts
                0x100051fc                __wrap_puts
 .text.__wrap_vprintf
                0x10005238       0xd4 CMakeFiles/ASCE_Picomotor.dir/C_/Users/AssilF/.pico-sdk/sdk/2.1.0/src/rp2_common/pico_stdio/stdio.c.obj
                0x10005238                stdio_vprintf
                0x10005238                __wrap_vprintf
 .text.__wrap_printf
                0x1000530c       0x18 CMakeFiles/ASCE_Picomotor.dir/C_/Users/AssilF/.pico-sdk/sdk/2.1.0/src/rp2_common/pico_stdio/stdio.c.obj
                0x1000530c                __wrap_printf
                0x1000530c                stdio_printf
 .text.resetd_init
                0x10005324        0x4 CMakeFiles/ASCE_Picomotor.dir/C_/Users/AssilF/.pico-sdk/sdk/2.1.0/src/rp2_common/pico_stdio_usb/reset_interface.c.obj
 .text.resetd_reset
                0x10005328        0xc CMakeFiles/ASCE_Picomotor.dir/C_/Users/AssilF/.pico-sdk/sdk/2.1.0/src/rp2_common/pico_stdio_usb/reset_interface.c.obj
 .text.resetd_open
                0x10005334       0x28 CMakeFiles/ASCE_Picomotor.dir/C_/Users/AssilF/.pico-sdk/sdk/2.1.0/src/rp2_common/pico_stdio_usb/reset_interface.c.obj
 .text.resetd_xfer_cb
                0x1000535c        0x4 CMakeFiles/ASCE_Picomotor.dir/C_/Users/AssilF/.pico-sdk/sdk/2.1.0/src/rp2_common/pico_stdio_usb/reset_interface.c.obj
 .text.resetd_control_xfer_cb
                0x10005360       0x5c CMakeFiles/ASCE_Picomotor.dir/C_/Users/AssilF/.pico-sdk/sdk/2.1.0/src/rp2_common/pico_stdio_usb/reset_interface.c.obj
 .text.tud_descriptor_bos_cb
                0x100053bc        0x8 CMakeFiles/ASCE_Picomotor.dir/C_/Users/AssilF/.pico-sdk/sdk/2.1.0/src/rp2_common/pico_stdio_usb/reset_interface.c.obj
                0x100053bc                tud_descriptor_bos_cb
 .text.tud_vendor_control_xfer_cb
                0x100053c4       0x34 CMakeFiles/ASCE_Picomotor.dir/C_/Users/AssilF/.pico-sdk/sdk/2.1.0/src/rp2_common/pico_stdio_usb/reset_interface.c.obj
                0x100053c4                tud_vendor_control_xfer_cb
 .text.usbd_app_driver_get_cb
                0x100053f8        0xc CMakeFiles/ASCE_Picomotor.dir/C_/Users/AssilF/.pico-sdk/sdk/2.1.0/src/rp2_common/pico_stdio_usb/reset_interface.c.obj
                0x100053f8                usbd_app_driver_get_cb
 .text.tud_cdc_line_coding_cb
                0x10005404       0x2c CMakeFiles/ASCE_Picomotor.dir/C_/Users/AssilF/.pico-sdk/sdk/2.1.0/src/rp2_common/pico_stdio_usb/reset_interface.c.obj
                0x10005404                tud_cdc_line_coding_cb
 .text.stdio_usb_set_chars_available_callback
                0x10005430       0x14 CMakeFiles/ASCE_Picomotor.dir/C_/Users/AssilF/.pico-sdk/sdk/2.1.0/src/rp2_common/pico_stdio_usb/stdio_usb.c.obj
                0x10005430                stdio_usb_set_chars_available_callback
 .text.usb_irq  0x10005444       0x10 CMakeFiles/ASCE_Picomotor.dir/C_/Users/AssilF/.pico-sdk/sdk/2.1.0/src/rp2_common/pico_stdio_usb/stdio_usb.c.obj
 .text.timer_task
                0x10005454       0x64 CMakeFiles/ASCE_Picomotor.dir/C_/Users/AssilF/.pico-sdk/sdk/2.1.0/src/rp2_common/pico_stdio_usb/stdio_usb.c.obj
 .text.stdio_usb_in_chars
                0x100054b8       0x90 CMakeFiles/ASCE_Picomotor.dir/C_/Users/AssilF/.pico-sdk/sdk/2.1.0/src/rp2_common/pico_stdio_usb/stdio_usb.c.obj
                0x100054b8                stdio_usb_in_chars
 .text.stdio_usb_out_flush
                0x10005548       0x50 CMakeFiles/ASCE_Picomotor.dir/C_/Users/AssilF/.pico-sdk/sdk/2.1.0/src/rp2_common/pico_stdio_usb/stdio_usb.c.obj
 .text.stdio_usb_out_chars
                0x10005598      0x104 CMakeFiles/ASCE_Picomotor.dir/C_/Users/AssilF/.pico-sdk/sdk/2.1.0/src/rp2_common/pico_stdio_usb/stdio_usb.c.obj
 .text.low_priority_worker_irq
                0x1000569c       0xcc CMakeFiles/ASCE_Picomotor.dir/C_/Users/AssilF/.pico-sdk/sdk/2.1.0/src/rp2_common/pico_stdio_usb/stdio_usb.c.obj
 .text.stdio_usb_init
                0x10005768       0xe8 CMakeFiles/ASCE_Picomotor.dir/C_/Users/AssilF/.pico-sdk/sdk/2.1.0/src/rp2_common/pico_stdio_usb/stdio_usb.c.obj
                0x10005768                stdio_usb_init
 .text.tud_descriptor_device_cb
                0x10005850        0x8 CMakeFiles/ASCE_Picomotor.dir/C_/Users/AssilF/.pico-sdk/sdk/2.1.0/src/rp2_common/pico_stdio_usb/stdio_usb_descriptors.c.obj
                0x10005850                tud_descriptor_device_cb
 .text.tud_descriptor_configuration_cb
                0x10005858        0x8 CMakeFiles/ASCE_Picomotor.dir/C_/Users/AssilF/.pico-sdk/sdk/2.1.0/src/rp2_common/pico_stdio_usb/stdio_usb_descriptors.c.obj
                0x10005858                tud_descriptor_configuration_cb
 .text.tud_descriptor_string_cb
                0x10005860       0x78 CMakeFiles/ASCE_Picomotor.dir/C_/Users/AssilF/.pico-sdk/sdk/2.1.0/src/rp2_common/pico_stdio_usb/stdio_usb_descriptors.c.obj
                0x10005860                tud_descriptor_string_cb
 .text.startup._retrieve_unique_id_on_boot
                0x100058d8       0x10 CMakeFiles/ASCE_Picomotor.dir/C_/Users/AssilF/.pico-sdk/sdk/2.1.0/src/rp2_common/pico_unique_id/unique_id.c.obj
 .text.pico_get_unique_board_id_string
                0x100058e8      0x1a8 CMakeFiles/ASCE_Picomotor.dir/C_/Users/AssilF/.pico-sdk/sdk/2.1.0/src/rp2_common/pico_unique_id/unique_id.c.obj
                0x100058e8                pico_get_unique_board_id_string
 .text.flash_get_unique_id
                0x10005a90       0x3c CMakeFiles/ASCE_Picomotor.dir/C_/Users/AssilF/.pico-sdk/sdk/2.1.0/src/rp2_common/hardware_flash/flash.c.obj
                0x10005a90                flash_get_unique_id
 .text.dcd_init
                0x10005acc       0x8c CMakeFiles/ASCE_Picomotor.dir/C_/Users/AssilF/.pico-sdk/sdk/2.1.0/lib/tinyusb/src/portable/raspberrypi/rp2040/dcd_rp2040.c.obj
                0x10005acc                dcd_init
 .text.dcd_int_enable
                0x10005b58        0xc CMakeFiles/ASCE_Picomotor.dir/C_/Users/AssilF/.pico-sdk/sdk/2.1.0/lib/tinyusb/src/portable/raspberrypi/rp2040/dcd_rp2040.c.obj
                0x10005b58                dcd_int_enable
 .text.dcd_set_address
                0x10005b64       0x14 CMakeFiles/ASCE_Picomotor.dir/C_/Users/AssilF/.pico-sdk/sdk/2.1.0/lib/tinyusb/src/portable/raspberrypi/rp2040/dcd_rp2040.c.obj
                0x10005b64                dcd_set_address
 .text.dcd_sof_enable
                0x10005b78       0x1c CMakeFiles/ASCE_Picomotor.dir/C_/Users/AssilF/.pico-sdk/sdk/2.1.0/lib/tinyusb/src/portable/raspberrypi/rp2040/dcd_rp2040.c.obj
                0x10005b78                dcd_sof_enable
 .text.dcd_edpt0_status_complete
                0x10005b94       0x1c CMakeFiles/ASCE_Picomotor.dir/C_/Users/AssilF/.pico-sdk/sdk/2.1.0/lib/tinyusb/src/portable/raspberrypi/rp2040/dcd_rp2040.c.obj
                0x10005b94                dcd_edpt0_status_complete
 .text.dcd_edpt_open
                0x10005bb0      0x108 CMakeFiles/ASCE_Picomotor.dir/C_/Users/AssilF/.pico-sdk/sdk/2.1.0/lib/tinyusb/src/portable/raspberrypi/rp2040/dcd_rp2040.c.obj
                0x10005bb0                dcd_edpt_open
 .text.dcd_edpt_close_all
                0x10005cb8        0x8 CMakeFiles/ASCE_Picomotor.dir/C_/Users/AssilF/.pico-sdk/sdk/2.1.0/lib/tinyusb/src/portable/raspberrypi/rp2040/dcd_rp2040.c.obj
                0x10005cb8                dcd_edpt_close_all
 .text.dcd_edpt_xfer
                0x10005cc0       0x24 CMakeFiles/ASCE_Picomotor.dir/C_/Users/AssilF/.pico-sdk/sdk/2.1.0/lib/tinyusb/src/portable/raspberrypi/rp2040/dcd_rp2040.c.obj
                0x10005cc0                dcd_edpt_xfer
 .text.dcd_edpt_stall
                0x10005ce4       0x34 CMakeFiles/ASCE_Picomotor.dir/C_/Users/AssilF/.pico-sdk/sdk/2.1.0/lib/tinyusb/src/portable/raspberrypi/rp2040/dcd_rp2040.c.obj
                0x10005ce4                dcd_edpt_stall
 .text.dcd_edpt_clear_stall
                0x10005d18       0x30 CMakeFiles/ASCE_Picomotor.dir/C_/Users/AssilF/.pico-sdk/sdk/2.1.0/lib/tinyusb/src/portable/raspberrypi/rp2040/dcd_rp2040.c.obj
                0x10005d18                dcd_edpt_clear_stall
 .text.rp2040_usb_init
                0x10005d48       0x40 CMakeFiles/ASCE_Picomotor.dir/C_/Users/AssilF/.pico-sdk/sdk/2.1.0/lib/tinyusb/src/portable/raspberrypi/rp2040/rp2040_usb.c.obj
                0x10005d48                rp2040_usb_init
 .text.hw_endpoint_xfer_start
                0x10005d88       0x40 CMakeFiles/ASCE_Picomotor.dir/C_/Users/AssilF/.pico-sdk/sdk/2.1.0/lib/tinyusb/src/portable/raspberrypi/rp2040/rp2040_usb.c.obj
                0x10005d88                hw_endpoint_xfer_start
 .text.tud_event_hook_cb
                0x10005dc8        0x4 CMakeFiles/ASCE_Picomotor.dir/C_/Users/AssilF/.pico-sdk/sdk/2.1.0/lib/tinyusb/src/device/usbd.c.obj
                0x10005dc8                tud_event_hook_cb
 .text.tud_sof_cb
                0x10005dcc        0x4 CMakeFiles/ASCE_Picomotor.dir/C_/Users/AssilF/.pico-sdk/sdk/2.1.0/lib/tinyusb/src/device/usbd.c.obj
                0x10005dcc                tud_sof_cb
 .text.tud_descriptor_device_qualifier_cb
                0x10005dd0        0x4 CMakeFiles/ASCE_Picomotor.dir/C_/Users/AssilF/.pico-sdk/sdk/2.1.0/lib/tinyusb/src/device/usbd.c.obj
                0x10005dd0                tud_descriptor_device_qualifier_cb
 .text.tud_descriptor_other_speed_configuration_cb
                0x10005dd4        0x4 CMakeFiles/ASCE_Picomotor.dir/C_/Users/AssilF/.pico-sdk/sdk/2.1.0/lib/tinyusb/src/device/usbd.c.obj
                0x10005dd4                tud_descriptor_other_speed_configuration_cb
 .text.tud_mount_cb
                0x10005dd8        0x4 CMakeFiles/ASCE_Picomotor.dir/C_/Users/AssilF/.pico-sdk/sdk/2.1.0/lib/tinyusb/src/device/usbd.c.obj
                0x10005dd8                tud_mount_cb
 .text.tud_umount_cb
                0x10005ddc        0x4 CMakeFiles/ASCE_Picomotor.dir/C_/Users/AssilF/.pico-sdk/sdk/2.1.0/lib/tinyusb/src/device/usbd.c.obj
                0x10005ddc                tud_umount_cb
 .text.tud_suspend_cb
                0x10005de0        0x4 CMakeFiles/ASCE_Picomotor.dir/C_/Users/AssilF/.pico-sdk/sdk/2.1.0/lib/tinyusb/src/device/usbd.c.obj
                0x10005de0                tud_suspend_cb
 .text.tud_resume_cb
                0x10005de4        0x4 CMakeFiles/ASCE_Picomotor.dir/C_/Users/AssilF/.pico-sdk/sdk/2.1.0/lib/tinyusb/src/device/usbd.c.obj
                0x10005de4                tud_resume_cb
 .text.tud_mounted
                0x10005de8       0x10 CMakeFiles/ASCE_Picomotor.dir/C_/Users/AssilF/.pico-sdk/sdk/2.1.0/lib/tinyusb/src/device/usbd.c.obj
                0x10005de8                tud_mounted
 .text.tud_suspended
                0x10005df8       0x10 CMakeFiles/ASCE_Picomotor.dir/C_/Users/AssilF/.pico-sdk/sdk/2.1.0/lib/tinyusb/src/device/usbd.c.obj
                0x10005df8                tud_suspended
 .text.tud_init
                0x10005e08       0xe4 CMakeFiles/ASCE_Picomotor.dir/C_/Users/AssilF/.pico-sdk/sdk/2.1.0/lib/tinyusb/src/device/usbd.c.obj
                0x10005e08                tud_init
 .text.tud_task_ext
                0x10005eec      0x800 CMakeFiles/ASCE_Picomotor.dir/C_/Users/AssilF/.pico-sdk/sdk/2.1.0/lib/tinyusb/src/device/usbd.c.obj
                0x10005eec                tud_task_ext
 .text.usbd_open_edpt_pair
                0x100066ec       0x9c CMakeFiles/ASCE_Picomotor.dir/C_/Users/AssilF/.pico-sdk/sdk/2.1.0/lib/tinyusb/src/device/usbd.c.obj
                0x100066ec                usbd_open_edpt_pair
 .text.usbd_edpt_open
                0x10006788       0x34 CMakeFiles/ASCE_Picomotor.dir/C_/Users/AssilF/.pico-sdk/sdk/2.1.0/lib/tinyusb/src/device/usbd.c.obj
                0x10006788                usbd_edpt_open
 .text.usbd_edpt_claim
                0x100067bc       0x28 CMakeFiles/ASCE_Picomotor.dir/C_/Users/AssilF/.pico-sdk/sdk/2.1.0/lib/tinyusb/src/device/usbd.c.obj
                0x100067bc                usbd_edpt_claim
 .text.usbd_edpt_release
                0x100067e4       0x28 CMakeFiles/ASCE_Picomotor.dir/C_/Users/AssilF/.pico-sdk/sdk/2.1.0/lib/tinyusb/src/device/usbd.c.obj
                0x100067e4                usbd_edpt_release
 .text.usbd_edpt_xfer
                0x1000680c       0x4c CMakeFiles/ASCE_Picomotor.dir/C_/Users/AssilF/.pico-sdk/sdk/2.1.0/lib/tinyusb/src/device/usbd.c.obj
                0x1000680c                usbd_edpt_xfer
 .text.tud_control_status
                0x10006858       0x2c CMakeFiles/ASCE_Picomotor.dir/C_/Users/AssilF/.pico-sdk/sdk/2.1.0/lib/tinyusb/src/device/usbd_control.c.obj
                0x10006858                tud_control_status
 .text.tud_control_xfer
                0x10006884       0xac CMakeFiles/ASCE_Picomotor.dir/C_/Users/AssilF/.pico-sdk/sdk/2.1.0/lib/tinyusb/src/device/usbd_control.c.obj
                0x10006884                tud_control_xfer
 .text.usbd_control_reset
                0x10006930       0x14 CMakeFiles/ASCE_Picomotor.dir/C_/Users/AssilF/.pico-sdk/sdk/2.1.0/lib/tinyusb/src/device/usbd_control.c.obj
                0x10006930                usbd_control_reset
 .text.usbd_control_set_complete_callback
                0x10006944        0xc CMakeFiles/ASCE_Picomotor.dir/C_/Users/AssilF/.pico-sdk/sdk/2.1.0/lib/tinyusb/src/device/usbd_control.c.obj
                0x10006944                usbd_control_set_complete_callback
 .text.usbd_control_set_request
                0x10006950       0x1c CMakeFiles/ASCE_Picomotor.dir/C_/Users/AssilF/.pico-sdk/sdk/2.1.0/lib/tinyusb/src/device/usbd_control.c.obj
                0x10006950                usbd_control_set_request
 .text.usbd_control_xfer_cb
                0x1000696c       0xec CMakeFiles/ASCE_Picomotor.dir/C_/Users/AssilF/.pico-sdk/sdk/2.1.0/lib/tinyusb/src/device/usbd_control.c.obj
                0x1000696c                usbd_control_xfer_cb
 .text._prep_out_transaction.isra.0
                0x10006a58       0x5c CMakeFiles/ASCE_Picomotor.dir/C_/Users/AssilF/.pico-sdk/sdk/2.1.0/lib/tinyusb/src/class/cdc/cdc_device.c.obj
 .text.tud_cdc_n_connected
                0x10006ab4       0x30 CMakeFiles/ASCE_Picomotor.dir/C_/Users/AssilF/.pico-sdk/sdk/2.1.0/lib/tinyusb/src/class/cdc/cdc_device.c.obj
                0x10006ab4                tud_cdc_n_connected
 .text.tud_cdc_n_available
                0x10006ae4       0x18 CMakeFiles/ASCE_Picomotor.dir/C_/Users/AssilF/.pico-sdk/sdk/2.1.0/lib/tinyusb/src/class/cdc/cdc_device.c.obj
                0x10006ae4                tud_cdc_n_available
 .text.tud_cdc_n_read
                0x10006afc       0x98 CMakeFiles/ASCE_Picomotor.dir/C_/Users/AssilF/.pico-sdk/sdk/2.1.0/lib/tinyusb/src/class/cdc/cdc_device.c.obj
                0x10006afc                tud_cdc_n_read
 .text.tud_cdc_n_write_flush
                0x10006b94       0x78 CMakeFiles/ASCE_Picomotor.dir/C_/Users/AssilF/.pico-sdk/sdk/2.1.0/lib/tinyusb/src/class/cdc/cdc_device.c.obj
                0x10006b94                tud_cdc_n_write_flush
 .text.tud_cdc_n_write
                0x10006c0c       0x40 CMakeFiles/ASCE_Picomotor.dir/C_/Users/AssilF/.pico-sdk/sdk/2.1.0/lib/tinyusb/src/class/cdc/cdc_device.c.obj
                0x10006c0c                tud_cdc_n_write
 .text.tud_cdc_n_write_available
                0x10006c4c       0x18 CMakeFiles/ASCE_Picomotor.dir/C_/Users/AssilF/.pico-sdk/sdk/2.1.0/lib/tinyusb/src/class/cdc/cdc_device.c.obj
                0x10006c4c                tud_cdc_n_write_available
 .text.cdcd_init
                0x10006c64       0x7c CMakeFiles/ASCE_Picomotor.dir/C_/Users/AssilF/.pico-sdk/sdk/2.1.0/lib/tinyusb/src/class/cdc/cdc_device.c.obj
                0x10006c64                cdcd_init
 .text.cdcd_deinit
                0x10006ce0       0x34 CMakeFiles/ASCE_Picomotor.dir/C_/Users/AssilF/.pico-sdk/sdk/2.1.0/lib/tinyusb/src/class/cdc/cdc_device.c.obj
                0x10006ce0                cdcd_deinit
 .text.cdcd_reset
                0x10006d14       0x4c CMakeFiles/ASCE_Picomotor.dir/C_/Users/AssilF/.pico-sdk/sdk/2.1.0/lib/tinyusb/src/class/cdc/cdc_device.c.obj
                0x10006d14                cdcd_reset
 .text.cdcd_open
                0x10006d60       0xb0 CMakeFiles/ASCE_Picomotor.dir/C_/Users/AssilF/.pico-sdk/sdk/2.1.0/lib/tinyusb/src/class/cdc/cdc_device.c.obj
                0x10006d60                cdcd_open
 .text.cdcd_control_xfer_cb
                0x10006e10       0xe4 CMakeFiles/ASCE_Picomotor.dir/C_/Users/AssilF/.pico-sdk/sdk/2.1.0/lib/tinyusb/src/class/cdc/cdc_device.c.obj
                0x10006e10                cdcd_control_xfer_cb
 .text.cdcd_xfer_cb
                0x10006ef4      0x100 CMakeFiles/ASCE_Picomotor.dir/C_/Users/AssilF/.pico-sdk/sdk/2.1.0/lib/tinyusb/src/class/cdc/cdc_device.c.obj
                0x10006ef4                cdcd_xfer_cb
 .text.vendord_init
                0x10006ff4       0x5c CMakeFiles/ASCE_Picomotor.dir/C_/Users/AssilF/.pico-sdk/sdk/2.1.0/lib/tinyusb/src/class/vendor/vendor_device.c.obj
                0x10006ff4                vendord_init
 .text.vendord_deinit
                0x10007050       0x1c CMakeFiles/ASCE_Picomotor.dir/C_/Users/AssilF/.pico-sdk/sdk/2.1.0/lib/tinyusb/src/class/vendor/vendor_device.c.obj
                0x10007050                vendord_deinit
 .text.vendord_reset
                0x1000706c       0x20 CMakeFiles/ASCE_Picomotor.dir/C_/Users/AssilF/.pico-sdk/sdk/2.1.0/lib/tinyusb/src/class/vendor/vendor_device.c.obj
                0x1000706c                vendord_reset
 .text.vendord_open
                0x1000708c      0x138 CMakeFiles/ASCE_Picomotor.dir/C_/Users/AssilF/.pico-sdk/sdk/2.1.0/lib/tinyusb/src/class/vendor/vendor_device.c.obj
                0x1000708c                vendord_open
 .text.vendord_xfer_cb
                0x100071c4       0x9c CMakeFiles/ASCE_Picomotor.dir/C_/Users/AssilF/.pico-sdk/sdk/2.1.0/lib/tinyusb/src/class/vendor/vendor_device.c.obj
                0x100071c4                vendord_xfer_cb
 .text.tusb_init
                0x10007260        0xc CMakeFiles/ASCE_Picomotor.dir/C_/Users/AssilF/.pico-sdk/sdk/2.1.0/lib/tinyusb/src/tusb.c.obj
                0x10007260                tusb_init
 .text.tu_edpt_claim
                0x1000726c       0x50 CMakeFiles/ASCE_Picomotor.dir/C_/Users/AssilF/.pico-sdk/sdk/2.1.0/lib/tinyusb/src/tusb.c.obj
                0x1000726c                tu_edpt_claim
 .text.tu_edpt_release
                0x100072bc       0x38 CMakeFiles/ASCE_Picomotor.dir/C_/Users/AssilF/.pico-sdk/sdk/2.1.0/lib/tinyusb/src/tusb.c.obj
                0x100072bc                tu_edpt_release
 .text.tu_edpt_validate
                0x100072f4       0x7c CMakeFiles/ASCE_Picomotor.dir/C_/Users/AssilF/.pico-sdk/sdk/2.1.0/lib/tinyusb/src/tusb.c.obj
                0x100072f4                tu_edpt_validate
 .text.tu_edpt_bind_driver
                0x10007370       0x34 CMakeFiles/ASCE_Picomotor.dir/C_/Users/AssilF/.pico-sdk/sdk/2.1.0/lib/tinyusb/src/tusb.c.obj
                0x10007370                tu_edpt_bind_driver
 .text.tu_edpt_stream_init
                0x100073a4       0x6c CMakeFiles/ASCE_Picomotor.dir/C_/Users/AssilF/.pico-sdk/sdk/2.1.0/lib/tinyusb/src/tusb.c.obj
                0x100073a4                tu_edpt_stream_init
 .text.tu_edpt_stream_deinit
                0x10007410        0x4 CMakeFiles/ASCE_Picomotor.dir/C_/Users/AssilF/.pico-sdk/sdk/2.1.0/lib/tinyusb/src/tusb.c.obj
                0x10007410                tu_edpt_stream_deinit
 .text.tu_edpt_stream_write_zlp_if_needed
                0x10007414       0x68 CMakeFiles/ASCE_Picomotor.dir/C_/Users/AssilF/.pico-sdk/sdk/2.1.0/lib/tinyusb/src/tusb.c.obj
                0x10007414                tu_edpt_stream_write_zlp_if_needed
 .text.tu_edpt_stream_write_xfer
                0x1000747c       0x64 CMakeFiles/ASCE_Picomotor.dir/C_/Users/AssilF/.pico-sdk/sdk/2.1.0/lib/tinyusb/src/tusb.c.obj
                0x1000747c                tu_edpt_stream_write_xfer
 .text.tu_edpt_stream_read_xfer
                0x100074e0       0xdc CMakeFiles/ASCE_Picomotor.dir/C_/Users/AssilF/.pico-sdk/sdk/2.1.0/lib/tinyusb/src/tusb.c.obj
                0x100074e0                tu_edpt_stream_read_xfer
 .text.tu_fifo_config
                0x100075bc       0x6c CMakeFiles/ASCE_Picomotor.dir/C_/Users/AssilF/.pico-sdk/sdk/2.1.0/lib/tinyusb/src/common/tusb_fifo.c.obj
                0x100075bc                tu_fifo_config
 .text.tu_fifo_count
                0x10007628       0x2c CMakeFiles/ASCE_Picomotor.dir/C_/Users/AssilF/.pico-sdk/sdk/2.1.0/lib/tinyusb/src/common/tusb_fifo.c.obj
                0x10007628                tu_fifo_count
 .text.tu_fifo_empty
                0x10007654       0x10 CMakeFiles/ASCE_Picomotor.dir/C_/Users/AssilF/.pico-sdk/sdk/2.1.0/lib/tinyusb/src/common/tusb_fifo.c.obj
                0x10007654                tu_fifo_empty
 .text.tu_fifo_remaining
                0x10007664       0x2c CMakeFiles/ASCE_Picomotor.dir/C_/Users/AssilF/.pico-sdk/sdk/2.1.0/lib/tinyusb/src/common/tusb_fifo.c.obj
                0x10007664                tu_fifo_remaining
 .text.tu_fifo_read
                0x10007690       0x9c CMakeFiles/ASCE_Picomotor.dir/C_/Users/AssilF/.pico-sdk/sdk/2.1.0/lib/tinyusb/src/common/tusb_fifo.c.obj
                0x10007690                tu_fifo_read
 .text.tu_fifo_read_n
                0x1000772c       0xe8 CMakeFiles/ASCE_Picomotor.dir/C_/Users/AssilF/.pico-sdk/sdk/2.1.0/lib/tinyusb/src/common/tusb_fifo.c.obj
                0x1000772c                tu_fifo_read_n
 .text.tu_fifo_write
                0x10007814       0xa8 CMakeFiles/ASCE_Picomotor.dir/C_/Users/AssilF/.pico-sdk/sdk/2.1.0/lib/tinyusb/src/common/tusb_fifo.c.obj
                0x10007814                tu_fifo_write
 .text.tu_fifo_write_n
                0x100078bc      0x178 CMakeFiles/ASCE_Picomotor.dir/C_/Users/AssilF/.pico-sdk/sdk/2.1.0/lib/tinyusb/src/common/tusb_fifo.c.obj
                0x100078bc                tu_fifo_write_n
 .text.tu_fifo_clear
                0x10007a34       0x40 CMakeFiles/ASCE_Picomotor.dir/C_/Users/AssilF/.pico-sdk/sdk/2.1.0/lib/tinyusb/src/common/tusb_fifo.c.obj
                0x10007a34                tu_fifo_clear
 .text.tu_fifo_set_overwritable
                0x10007a74       0x48 CMakeFiles/ASCE_Picomotor.dir/C_/Users/AssilF/.pico-sdk/sdk/2.1.0/lib/tinyusb/src/common/tusb_fifo.c.obj
                0x10007a74                tu_fifo_set_overwritable
 .text.i2c_slave_init
                0x10007abc       0x48 CMakeFiles/ASCE_Picomotor.dir/C_/Users/AssilF/.pico-sdk/sdk/2.1.0/src/rp2_common/pico_i2c_slave/i2c_slave.c.obj
                0x10007abc                i2c_slave_init
 .text.i2c_slave_deinit
                0x10007b04       0x4c CMakeFiles/ASCE_Picomotor.dir/C_/Users/AssilF/.pico-sdk/sdk/2.1.0/src/rp2_common/pico_i2c_slave/i2c_slave.c.obj
                0x10007b04                i2c_slave_deinit
 .text.i2c_set_baudrate
                0x10007b50       0xc0 CMakeFiles/ASCE_Picomotor.dir/C_/Users/AssilF/.pico-sdk/sdk/2.1.0/src/rp2_common/hardware_i2c/i2c.c.obj
                0x10007b50                i2c_set_baudrate
 .text.i2c_init
                0x10007c10       0x50 CMakeFiles/ASCE_Picomotor.dir/C_/Users/AssilF/.pico-sdk/sdk/2.1.0/src/rp2_common/hardware_i2c/i2c.c.obj
                0x10007c10                i2c_init
 .text.i2c_set_slave_mode
                0x10007c60       0x40 CMakeFiles/ASCE_Picomotor.dir/C_/Users/AssilF/.pico-sdk/sdk/2.1.0/src/rp2_common/hardware_i2c/i2c.c.obj
                0x10007c60                i2c_set_slave_mode
 .text.core1_trampoline
                0x10007ca0        0x4 CMakeFiles/ASCE_Picomotor.dir/C_/Users/AssilF/.pico-sdk/sdk/2.1.0/src/rp2_common/pico_multicore/multicore.c.obj
 .text.core1_wrapper
                0x10007ca4        0xc CMakeFiles/ASCE_Picomotor.dir/C_/Users/AssilF/.pico-sdk/sdk/2.1.0/src/rp2_common/pico_multicore/multicore.c.obj
                0x10007ca4                core1_wrapper
 .text.multicore_launch_core1_raw
                0x10007cb0       0x84 CMakeFiles/ASCE_Picomotor.dir/C_/Users/AssilF/.pico-sdk/sdk/2.1.0/src/rp2_common/pico_multicore/multicore.c.obj
                0x10007cb0                multicore_launch_core1_raw
 .text.multicore_launch_core1
                0x10007d34       0x58 CMakeFiles/ASCE_Picomotor.dir/C_/Users/AssilF/.pico-sdk/sdk/2.1.0/src/rp2_common/pico_multicore/multicore.c.obj
                0x10007d34                multicore_launch_core1
 .text.strlen   0x10007d8c       0x5c C:/Users/AssilF/.pico-sdk/toolchain/13_3_Rel1/bin/../lib/gcc/arm-none-eabi/13.3.1/thumb/v6-m/nofp\libg.a(libc_a-strlen-stub.o)
                0x10007d8c                strlen
 *(.fini)
 .fini          0x10007de8        0x4 C:/Users/AssilF/.pico-sdk/toolchain/13_3_Rel1/bin/../lib/gcc/arm-none-eabi/13.3.1/thumb/v6-m/nofp/crti.o
                0x10007de8                _fini
 *fill*         0x10007dec        0x4 
 .fini.__stub   0x10007df0       0xc0 linker stubs
 *crtbegin.o(.ctors)
 *crtbegin?.o(.ctors)
 *(EXCLUDE_FILE(*crtend.o *crtend?.o) .ctors)
 *(SORT_BY_NAME(.ctors.*))
 *(.ctors)
 *crtbegin.o(.dtors)
 *crtbegin?.o(.dtors)
 *(EXCLUDE_FILE(*crtend.o *crtend?.o) .dtors)
 *(SORT_BY_NAME(.dtors.*))
 *(.dtors)
                0x10007eb0                        . = ALIGN (0x4)
                0x10007eb0                        PROVIDE (__preinit_array_start = .)
 *(SORT_BY_NAME(.preinit_array.*))
 .preinit_array.00100
                0x10007eb0        0x4 CMakeFiles/ASCE_Picomotor.dir/C_/Users/AssilF/.pico-sdk/sdk/2.1.0/src/rp2_common/pico_runtime_init/runtime_init.c.obj
                0x10007eb0                __pre_init_runtime_init_early_resets
 .preinit_array.00101
                0x10007eb4        0x4 CMakeFiles/ASCE_Picomotor.dir/C_/Users/AssilF/.pico-sdk/sdk/2.1.0/src/rp2_common/pico_runtime_init/runtime_init.c.obj
                0x10007eb4                __pre_init_runtime_init_usb_power_down
 .preinit_array.00275
                0x10007eb8        0x4 CMakeFiles/ASCE_Picomotor.dir/C_/Users/AssilF/.pico-sdk/sdk/2.1.0/src/rp2_common/pico_bit_ops/bit_ops_aeabi.S.obj
 .preinit_array.00300
                0x10007ebc        0x4 CMakeFiles/ASCE_Picomotor.dir/C_/Users/AssilF/.pico-sdk/sdk/2.1.0/src/rp2_common/pico_mem_ops/mem_ops_aeabi.S.obj
 .preinit_array.00350
                0x10007ec0        0x4 CMakeFiles/ASCE_Picomotor.dir/C_/Users/AssilF/.pico-sdk/sdk/2.1.0/src/rp2_common/pico_double/double_aeabi_rp2040.S.obj
 .preinit_array.00350
                0x10007ec4        0x4 CMakeFiles/ASCE_Picomotor.dir/C_/Users/AssilF/.pico-sdk/sdk/2.1.0/src/rp2_common/pico_float/float_aeabi_rp2040.S.obj
 .preinit_array.00500
                0x10007ec8        0x4 CMakeFiles/ASCE_Picomotor.dir/C_/Users/AssilF/.pico-sdk/sdk/2.1.0/src/rp2_common/pico_runtime_init/runtime_init.c.obj
                0x10007ec8                __pre_init_runtime_init_clocks
 .preinit_array.00600
                0x10007ecc        0x4 CMakeFiles/ASCE_Picomotor.dir/C_/Users/AssilF/.pico-sdk/sdk/2.1.0/src/rp2_common/pico_runtime_init/runtime_init.c.obj
                0x10007ecc                __pre_init_runtime_init_post_clock_resets
 .preinit_array.00700
                0x10007ed0        0x4 CMakeFiles/ASCE_Picomotor.dir/C_/Users/AssilF/.pico-sdk/sdk/2.1.0/src/rp2_common/pico_runtime_init/runtime_init.c.obj
                0x10007ed0                __pre_init_runtime_init_rp2040_gpio_ie_disable
 .preinit_array.01000
                0x10007ed4        0x4 CMakeFiles/ASCE_Picomotor.dir/C_/Users/AssilF/.pico-sdk/sdk/2.1.0/src/rp2_common/pico_runtime_init/runtime_init.c.obj
                0x10007ed4                __pre_init_runtime_init_spin_locks_reset
 .preinit_array.01100
                0x10007ed8        0x4 CMakeFiles/ASCE_Picomotor.dir/C_/Users/AssilF/.pico-sdk/sdk/2.1.0/src/common/pico_sync/mutex.c.obj
                0x10007ed8                __pre_init_runtime_init_mutex
 .preinit_array.10080
                0x10007edc        0x4 CMakeFiles/ASCE_Picomotor.dir/C_/Users/AssilF/.pico-sdk/sdk/2.1.0/src/rp2_common/pico_runtime_init/runtime_init.c.obj
                0x10007edc                __pre_init_runtime_init_install_ram_vector_table
 .preinit_array.11000
                0x10007ee0        0x4 CMakeFiles/ASCE_Picomotor.dir/C_/Users/AssilF/.pico-sdk/sdk/2.1.0/src/common/pico_time/time.c.obj
                0x10007ee0                __pre_init_runtime_init_default_alarm_pool
 .preinit_array.YYYYY
                0x10007ee4        0x4 CMakeFiles/ASCE_Picomotor.dir/C_/Users/AssilF/.pico-sdk/sdk/2.1.0/src/rp2_common/pico_runtime/runtime.c.obj
                0x10007ee4                __pre_init_first_per_core_initializer
 .preinit_array.ZZZZZ.01200
                0x10007ee8        0x4 CMakeFiles/ASCE_Picomotor.dir/C_/Users/AssilF/.pico-sdk/sdk/2.1.0/src/rp2_common/hardware_irq/irq.c.obj
                0x10007ee8                __pre_init_runtime_init_per_core_irq_priorities
 *(.preinit_array)
                0x10007eec                        PROVIDE (__preinit_array_end = .)
                0x10007eec                        . = ALIGN (0x4)
                0x10007eec                        PROVIDE (__init_array_start = .)
 *(SORT_BY_NAME(.init_array.*))
 *(.init_array)
 .init_array    0x10007eec        0x4 C:/Users/AssilF/.pico-sdk/toolchain/13_3_Rel1/bin/../lib/gcc/arm-none-eabi/13.3.1/thumb/v6-m/nofp/crtbegin.o
 .init_array    0x10007ef0        0x4 CMakeFiles/ASCE_Picomotor.dir/Wire.cpp.obj
 .init_array    0x10007ef4        0x4 CMakeFiles/ASCE_Picomotor.dir/ASCE_Picomotor.cpp.obj
 .init_array    0x10007ef8        0x4 CMakeFiles/ASCE_Picomotor.dir/C_/Users/AssilF/.pico-sdk/sdk/2.1.0/src/rp2_common/pico_unique_id/unique_id.c.obj
                0x10007efc                        PROVIDE (__init_array_end = .)
                0x10007efc                        . = ALIGN (0x4)
                [!provide]                        PROVIDE (__fini_array_start = .)
 *(SORT_BY_NAME(.fini_array.*))
 *(.fini_array)
                [!provide]                        PROVIDE (__fini_array_end = .)
 *(.eh_frame*)
 .eh_frame      0x10007efc        0x0 C:/Users/AssilF/.pico-sdk/toolchain/13_3_Rel1/bin/../lib/gcc/arm-none-eabi/13.3.1/thumb/v6-m/nofp/crtbegin.o
                0x10007efc                        . = ALIGN (0x4)

.glue_7         0x10007efc        0x0
 .glue_7        0x10007efc        0x0 linker stubs

.glue_7t        0x10007efc        0x0
 .glue_7t       0x10007efc        0x0 linker stubs

.vfp11_veneer   0x10007efc        0x0
 .vfp11_veneer  0x10007efc        0x0 linker stubs

.v4_bx          0x10007efc        0x0
 .v4_bx         0x10007efc        0x0 linker stubs

.iplt           0x10007efc        0x0
 .iplt          0x10007efc        0x0 C:/Users/AssilF/.pico-sdk/toolchain/13_3_Rel1/bin/../lib/gcc/arm-none-eabi/13.3.1/thumb/v6-m/nofp/crtbegin.o

.rodata         0x10007f00      0x664
 *(EXCLUDE_FILE(*libm.a: *libc.a:*lib_a-mem*.o *libgcc.a:) .rodata*)
 .rodata._Z6answerv.str1.4
                0x10007f00      0x1b0 CMakeFiles/ASCE_Picomotor.dir/ASCE_Picomotor.cpp.obj
                                 0x10 (size before relaxing)
 .rodata.main.str1.4
                0x100080b0       0x27 CMakeFiles/ASCE_Picomotor.dir/ASCE_Picomotor.cpp.obj
 .rodata.panic.str1.4
                0x100080b0       0x12 CMakeFiles/ASCE_Picomotor.dir/C_/Users/AssilF/.pico-sdk/sdk/2.1.0/src/rp2_common/pico_platform_panic/panic.c.obj
 .rodata.spin_lock_claim_unused.str1.4
                0x100080b0       0x1b CMakeFiles/ASCE_Picomotor.dir/C_/Users/AssilF/.pico-sdk/sdk/2.1.0/src/rp2_common/hardware_sync/sync.c.obj
 .rodata.user_irq_claim_unused.str1.4
                0x100080b0       0x1b CMakeFiles/ASCE_Picomotor.dir/C_/Users/AssilF/.pico-sdk/sdk/2.1.0/src/rp2_common/hardware_irq/irq.c.obj
 .rodata.timer_hardware_alarm_claim.str1.4
                0x100080b0       0x22 CMakeFiles/ASCE_Picomotor.dir/C_/Users/AssilF/.pico-sdk/sdk/2.1.0/src/rp2_common/hardware_timer/timer.c.obj
 .rodata.hard_assertion_failure.str1.4
                0x100080b0        0xc CMakeFiles/ASCE_Picomotor.dir/C_/Users/AssilF/.pico-sdk/sdk/2.1.0/src/rp2_common/pico_runtime/runtime.c.obj
 .rodata.str1.4
                0x100080b0       0x48 CMakeFiles/ASCE_Picomotor.dir/C_/Users/AssilF/.pico-sdk/sdk/2.1.0/src/rp2_common/pico_standard_binary_info/standard_binary_info.c.obj
 .rodata.__bi_84
                0x100080b0        0xc CMakeFiles/ASCE_Picomotor.dir/C_/Users/AssilF/.pico-sdk/sdk/2.1.0/src/rp2_common/pico_standard_binary_info/standard_binary_info.c.obj
 .rodata.__bi_78
                0x100080bc        0xc CMakeFiles/ASCE_Picomotor.dir/C_/Users/AssilF/.pico-sdk/sdk/2.1.0/src/rp2_common/pico_standard_binary_info/standard_binary_info.c.obj
 .rodata.__bi_60
                0x100080c8        0xc CMakeFiles/ASCE_Picomotor.dir/C_/Users/AssilF/.pico-sdk/sdk/2.1.0/src/rp2_common/pico_standard_binary_info/standard_binary_info.c.obj
 .rodata.__bi_54
                0x100080d4        0xc CMakeFiles/ASCE_Picomotor.dir/C_/Users/AssilF/.pico-sdk/sdk/2.1.0/src/rp2_common/pico_standard_binary_info/standard_binary_info.c.obj
 .rodata.__bi_48
                0x100080e0        0xc CMakeFiles/ASCE_Picomotor.dir/C_/Users/AssilF/.pico-sdk/sdk/2.1.0/src/rp2_common/pico_standard_binary_info/standard_binary_info.c.obj
 .rodata.__bi_42
                0x100080ec        0xc CMakeFiles/ASCE_Picomotor.dir/C_/Users/AssilF/.pico-sdk/sdk/2.1.0/src/rp2_common/pico_standard_binary_info/standard_binary_info.c.obj
 .rodata.__bi_34
                0x100080f8        0xc CMakeFiles/ASCE_Picomotor.dir/C_/Users/AssilF/.pico-sdk/sdk/2.1.0/src/rp2_common/pico_standard_binary_info/standard_binary_info.c.obj
 .rodata.__bi_26
                0x10008104        0xc CMakeFiles/ASCE_Picomotor.dir/C_/Users/AssilF/.pico-sdk/sdk/2.1.0/src/rp2_common/pico_standard_binary_info/standard_binary_info.c.obj
 .rodata._ftoa.str1.4
                0x10008110       0x15 CMakeFiles/ASCE_Picomotor.dir/C_/Users/AssilF/.pico-sdk/sdk/2.1.0/src/rp2_common/pico_printf/printf.c.obj
 .rodata._vsnprintf
                0x10008110      0x19c CMakeFiles/ASCE_Picomotor.dir/C_/Users/AssilF/.pico-sdk/sdk/2.1.0/src/rp2_common/pico_printf/printf.c.obj
 *fill*         0x100082ac        0x4 
 .rodata.pow10.0
                0x100082b0       0x50 CMakeFiles/ASCE_Picomotor.dir/C_/Users/AssilF/.pico-sdk/sdk/2.1.0/src/rp2_common/pico_printf/printf.c.obj
 .rodata.crlf_str.0
                0x10008300        0x2 CMakeFiles/ASCE_Picomotor.dir/C_/Users/AssilF/.pico-sdk/sdk/2.1.0/src/rp2_common/pico_stdio/stdio.c.obj
 *fill*         0x10008302        0x2 
 .rodata._resetd_driver
                0x10008304       0x20 CMakeFiles/ASCE_Picomotor.dir/C_/Users/AssilF/.pico-sdk/sdk/2.1.0/src/rp2_common/pico_stdio_usb/reset_interface.c.obj
 .rodata.desc_ms_os_20
                0x10008324       0xa6 CMakeFiles/ASCE_Picomotor.dir/C_/Users/AssilF/.pico-sdk/sdk/2.1.0/src/rp2_common/pico_stdio_usb/reset_interface.c.obj
 *fill*         0x100083ca        0x2 
 .rodata.desc_bos
                0x100083cc       0x21 CMakeFiles/ASCE_Picomotor.dir/C_/Users/AssilF/.pico-sdk/sdk/2.1.0/src/rp2_common/pico_stdio_usb/reset_interface.c.obj
                0x100083cc                desc_bos
 .rodata.str1.4
                0x100083ed       0x13 CMakeFiles/ASCE_Picomotor.dir/C_/Users/AssilF/.pico-sdk/sdk/2.1.0/src/rp2_common/pico_stdio_usb/stdio_usb.c.obj
 *fill*         0x100083ed        0x3 
 .rodata.__bi_197.0
                0x100083f0        0xc CMakeFiles/ASCE_Picomotor.dir/C_/Users/AssilF/.pico-sdk/sdk/2.1.0/src/rp2_common/pico_stdio_usb/stdio_usb.c.obj
 .rodata.str1.4
                0x100083fc       0x2a CMakeFiles/ASCE_Picomotor.dir/C_/Users/AssilF/.pico-sdk/sdk/2.1.0/src/rp2_common/pico_stdio_usb/stdio_usb_descriptors.c.obj
 .rodata.usbd_desc_str
                0x100083fc       0x18 CMakeFiles/ASCE_Picomotor.dir/C_/Users/AssilF/.pico-sdk/sdk/2.1.0/src/rp2_common/pico_stdio_usb/stdio_usb_descriptors.c.obj
 .rodata.usbd_desc_cfg
                0x10008414       0x54 CMakeFiles/ASCE_Picomotor.dir/C_/Users/AssilF/.pico-sdk/sdk/2.1.0/src/rp2_common/pico_stdio_usb/stdio_usb_descriptors.c.obj
 .rodata.usbd_desc_device
                0x10008468       0x12 CMakeFiles/ASCE_Picomotor.dir/C_/Users/AssilF/.pico-sdk/sdk/2.1.0/src/rp2_common/pico_stdio_usb/stdio_usb_descriptors.c.obj
 .rodata.str1.4
                0x1000847a       0x14 CMakeFiles/ASCE_Picomotor.dir/C_/Users/AssilF/.pico-sdk/sdk/2.1.0/lib/tinyusb/src/portable/raspberrypi/rp2040/dcd_rp2040.c.obj
 .rodata.str1.4
                0x1000847a       0x48 CMakeFiles/ASCE_Picomotor.dir/C_/Users/AssilF/.pico-sdk/sdk/2.1.0/lib/tinyusb/src/portable/raspberrypi/rp2040/rp2040_usb.c.obj
 *fill*         0x1000847a        0x2 
 .rodata.tud_task_ext
                0x1000847c       0x8c CMakeFiles/ASCE_Picomotor.dir/C_/Users/AssilF/.pico-sdk/sdk/2.1.0/lib/tinyusb/src/device/usbd.c.obj
 .rodata        0x10008508       0x1c CMakeFiles/ASCE_Picomotor.dir/C_/Users/AssilF/.pico-sdk/sdk/2.1.0/lib/tinyusb/src/device/usbd.c.obj
 .rodata._usbd_driver
                0x10008524       0x40 CMakeFiles/ASCE_Picomotor.dir/C_/Users/AssilF/.pico-sdk/sdk/2.1.0/lib/tinyusb/src/device/usbd.c.obj
                0x10008564                        . = ALIGN (0x4)
 *(SORT_BY_ALIGNMENT(SORT_BY_NAME(.flashdata*)))
                0x10008564                        . = ALIGN (0x4)

.ARM.extab
 *(.ARM.extab* .gnu.linkonce.armextab.*)
                0x10008564                        __exidx_start = .

.ARM.exidx
 *(.ARM.exidx* .gnu.linkonce.armexidx.*)
                0x10008564                        __exidx_end = .
                0x10008564                        . = ALIGN (0x4)
                0x10008564                        __binary_info_start = .

.binary_info    0x10008564       0x24
 *(.binary_info.keep.*)
 .binary_info.keep.__bi_ptr84
                0x10008564        0x4 CMakeFiles/ASCE_Picomotor.dir/C_/Users/AssilF/.pico-sdk/sdk/2.1.0/src/rp2_common/pico_standard_binary_info/standard_binary_info.c.obj
 .binary_info.keep.__bi_ptr78
                0x10008568        0x4 CMakeFiles/ASCE_Picomotor.dir/C_/Users/AssilF/.pico-sdk/sdk/2.1.0/src/rp2_common/pico_standard_binary_info/standard_binary_info.c.obj
 .binary_info.keep.__bi_ptr60
                0x1000856c        0x4 CMakeFiles/ASCE_Picomotor.dir/C_/Users/AssilF/.pico-sdk/sdk/2.1.0/src/rp2_common/pico_standard_binary_info/standard_binary_info.c.obj
 .binary_info.keep.__bi_ptr54
                0x10008570        0x4 CMakeFiles/ASCE_Picomotor.dir/C_/Users/AssilF/.pico-sdk/sdk/2.1.0/src/rp2_common/pico_standard_binary_info/standard_binary_info.c.obj
 .binary_info.keep.__bi_ptr48
                0x10008574        0x4 CMakeFiles/ASCE_Picomotor.dir/C_/Users/AssilF/.pico-sdk/sdk/2.1.0/src/rp2_common/pico_standard_binary_info/standard_binary_info.c.obj
 .binary_info.keep.__bi_ptr42
                0x10008578        0x4 CMakeFiles/ASCE_Picomotor.dir/C_/Users/AssilF/.pico-sdk/sdk/2.1.0/src/rp2_common/pico_standard_binary_info/standard_binary_info.c.obj
 .binary_info.keep.__bi_ptr34
                0x1000857c        0x4 CMakeFiles/ASCE_Picomotor.dir/C_/Users/AssilF/.pico-sdk/sdk/2.1.0/src/rp2_common/pico_standard_binary_info/standard_binary_info.c.obj
 .binary_info.keep.__bi_ptr26
                0x10008580        0x4 CMakeFiles/ASCE_Picomotor.dir/C_/Users/AssilF/.pico-sdk/sdk/2.1.0/src/rp2_common/pico_standard_binary_info/standard_binary_info.c.obj
 *(.binary_info.*)
 .binary_info.__bi_ptr197
                0x10008584        0x4 CMakeFiles/ASCE_Picomotor.dir/C_/Users/AssilF/.pico-sdk/sdk/2.1.0/src/rp2_common/pico_stdio_usb/stdio_usb.c.obj
                0x10008588                        __binary_info_end = .

.rel.dyn        0x10008588        0x0
 .rel.iplt      0x10008588        0x0 C:/Users/AssilF/.pico-sdk/toolchain/13_3_Rel1/bin/../lib/gcc/arm-none-eabi/13.3.1/thumb/v6-m/nofp/crtbegin.o
                0x10008588                        . = ALIGN (0x4)

.ram_vector_table
                0x20000000       0xc0
 *(.ram_vector_table)
 .ram_vector_table
                0x20000000       0xc0 CMakeFiles/ASCE_Picomotor.dir/C_/Users/AssilF/.pico-sdk/sdk/2.1.0/src/rp2_common/pico_runtime_init/runtime_init.c.obj
                0x20000000                ram_vector_table

.uninitialized_data
                0x200000c0        0x0
                0x200000c0                        . = ALIGN (0x4)
 *(.uninitialized_data*)

.data           0x200000c0     0x10e8 load address 0x10008588
                0x200000c0                        __data_start__ = .
 *(vtable)
 *(.time_critical*)
 .time_critical.TwoWire::handleEvent
                0x200000c0       0x88 CMakeFiles/ASCE_Picomotor.dir/Wire.cpp.obj
                0x200000c0                TwoWire::handleEvent(i2c_inst*, i2c_slave_event_t)
 .time_critical.mutex_try_enter
                0x20000148       0x40 CMakeFiles/ASCE_Picomotor.dir/C_/Users/AssilF/.pico-sdk/sdk/2.1.0/src/common/pico_sync/mutex.c.obj
                0x20000148                mutex_try_enter
 .time_critical.mutex_try_enter_block_until
                0x20000188       0x9c CMakeFiles/ASCE_Picomotor.dir/C_/Users/AssilF/.pico-sdk/sdk/2.1.0/src/common/pico_sync/mutex.c.obj
                0x20000188                mutex_try_enter_block_until
 .time_critical.mutex_enter_timeout_ms
                0x20000224       0x90 CMakeFiles/ASCE_Picomotor.dir/C_/Users/AssilF/.pico-sdk/sdk/2.1.0/src/common/pico_sync/mutex.c.obj
                0x20000224                mutex_enter_timeout_ms
 .time_critical.mutex_exit
                0x200002b4       0x28 CMakeFiles/ASCE_Picomotor.dir/C_/Users/AssilF/.pico-sdk/sdk/2.1.0/src/common/pico_sync/mutex.c.obj
                0x200002b4                mutex_exit
 .time_critical.flash_init_boot2_copyout
                0x200002dc       0x30 CMakeFiles/ASCE_Picomotor.dir/C_/Users/AssilF/.pico-sdk/sdk/2.1.0/src/rp2_common/hardware_flash/flash.c.obj
 .time_critical.flash_enable_xip_via_boot2
                0x2000030c        0xc CMakeFiles/ASCE_Picomotor.dir/C_/Users/AssilF/.pico-sdk/sdk/2.1.0/src/rp2_common/hardware_flash/flash.c.obj
 .time_critical.flash_cs_force
                0x20000318       0x38 CMakeFiles/ASCE_Picomotor.dir/C_/Users/AssilF/.pico-sdk/sdk/2.1.0/src/rp2_common/hardware_flash/flash.c.obj
 .time_critical.flash_do_cmd
                0x20000350       0xc0 CMakeFiles/ASCE_Picomotor.dir/C_/Users/AssilF/.pico-sdk/sdk/2.1.0/src/rp2_common/hardware_flash/flash.c.obj
                0x20000350                flash_do_cmd
 .time_critical.reset_non_control_endpoints
                0x20000410       0x68 CMakeFiles/ASCE_Picomotor.dir/C_/Users/AssilF/.pico-sdk/sdk/2.1.0/lib/tinyusb/src/portable/raspberrypi/rp2040/dcd_rp2040.c.obj
 .time_critical.hw_handle_buff_status
                0x20000478       0xb0 CMakeFiles/ASCE_Picomotor.dir/C_/Users/AssilF/.pico-sdk/sdk/2.1.0/lib/tinyusb/src/portable/raspberrypi/rp2040/dcd_rp2040.c.obj
 .time_critical.dcd_rp2040_irq
                0x20000528      0x578 CMakeFiles/ASCE_Picomotor.dir/C_/Users/AssilF/.pico-sdk/sdk/2.1.0/lib/tinyusb/src/portable/raspberrypi/rp2040/dcd_rp2040.c.obj
 .time_critical.prepare_ep_buffer
                0x20000aa0       0xe0 CMakeFiles/ASCE_Picomotor.dir/C_/Users/AssilF/.pico-sdk/sdk/2.1.0/lib/tinyusb/src/portable/raspberrypi/rp2040/rp2040_usb.c.obj
 .time_critical.sync_ep_buffer
                0x20000b80       0xa8 CMakeFiles/ASCE_Picomotor.dir/C_/Users/AssilF/.pico-sdk/sdk/2.1.0/lib/tinyusb/src/portable/raspberrypi/rp2040/rp2040_usb.c.obj
 .time_critical._hw_endpoint_xfer_sync
                0x20000c28       0x28 CMakeFiles/ASCE_Picomotor.dir/C_/Users/AssilF/.pico-sdk/sdk/2.1.0/lib/tinyusb/src/portable/raspberrypi/rp2040/rp2040_usb.c.obj
 .time_critical.e15_is_bulkin_ep
                0x20000c50       0x28 CMakeFiles/ASCE_Picomotor.dir/C_/Users/AssilF/.pico-sdk/sdk/2.1.0/lib/tinyusb/src/portable/raspberrypi/rp2040/rp2040_usb.c.obj
 .time_critical.e15_is_critical_frame_period
                0x20000c78       0x34 CMakeFiles/ASCE_Picomotor.dir/C_/Users/AssilF/.pico-sdk/sdk/2.1.0/lib/tinyusb/src/portable/raspberrypi/rp2040/rp2040_usb.c.obj
 .time_critical.hw_endpoint_reset_transfer
                0x20000cac        0xc CMakeFiles/ASCE_Picomotor.dir/C_/Users/AssilF/.pico-sdk/sdk/2.1.0/lib/tinyusb/src/portable/raspberrypi/rp2040/rp2040_usb.c.obj
                0x20000cac                hw_endpoint_reset_transfer
 .time_critical._hw_endpoint_buffer_control_update32
                0x20000cb8       0x50 CMakeFiles/ASCE_Picomotor.dir/C_/Users/AssilF/.pico-sdk/sdk/2.1.0/lib/tinyusb/src/portable/raspberrypi/rp2040/rp2040_usb.c.obj
                0x20000cb8                _hw_endpoint_buffer_control_update32
 .time_critical.hw_endpoint_start_next_buffer
                0x20000d08       0x6c CMakeFiles/ASCE_Picomotor.dir/C_/Users/AssilF/.pico-sdk/sdk/2.1.0/lib/tinyusb/src/portable/raspberrypi/rp2040/rp2040_usb.c.obj
                0x20000d08                hw_endpoint_start_next_buffer
 .time_critical.hw_endpoint_xfer_continue
                0x20000d74       0x40 CMakeFiles/ASCE_Picomotor.dir/C_/Users/AssilF/.pico-sdk/sdk/2.1.0/lib/tinyusb/src/portable/raspberrypi/rp2040/rp2040_usb.c.obj
                0x20000d74                hw_endpoint_xfer_continue
 .time_critical.tinyusb
                0x20000db4      0x1e4 CMakeFiles/ASCE_Picomotor.dir/C_/Users/AssilF/.pico-sdk/sdk/2.1.0/lib/tinyusb/src/device/usbd.c.obj
                0x20000db4                dcd_event_handler
 .time_critical.i2c_slave_irq_handler
                0x20000f98       0xa4 CMakeFiles/ASCE_Picomotor.dir/C_/Users/AssilF/.pico-sdk/sdk/2.1.0/src/rp2_common/pico_i2c_slave/i2c_slave.c.obj
 *(.text*)
 .text          0x2000103c        0x4 C:/Users/AssilF/.pico-sdk/toolchain/13_3_Rel1/bin/../lib/gcc/arm-none-eabi/13.3.1/thumb/v6-m/nofp\libgcc.a(_dvmd_tls.o)
                0x2000103c                __aeabi_idiv0
                0x2000103c                __aeabi_ldiv0
 .text.__stub   0x20001040       0x80 linker stubs
                0x200010c0                        . = ALIGN (0x4)
 *(.rodata*)
                0x200010c0                        . = ALIGN (0x4)
 *(.data*)
 .data.callback
                0x200010c0        0x9 CMakeFiles/ASCE_Picomotor.dir/ASCE_Picomotor.cpp.obj
                0x200010c0                callback
 .data.striped_spin_lock_num
                0x200010c9        0x1 CMakeFiles/ASCE_Picomotor.dir/C_/Users/AssilF/.pico-sdk/sdk/2.1.0/src/rp2_common/hardware_sync/sync.c.obj
 *fill*         0x200010ca        0x2 
 .data          0x200010cc       0x48 CMakeFiles/ASCE_Picomotor.dir/C_/Users/AssilF/.pico-sdk/sdk/2.1.0/src/rp2_common/hardware_irq/irq_handler_chain.S.obj
                0x200010cc                irq_handler_chain_slots
                0x200010fc                irq_handler_chain_first_slot
                0x20001106                irq_handler_chain_remove_tail
 .data.default_alarm_pool
                0x20001114       0x18 CMakeFiles/ASCE_Picomotor.dir/C_/Users/AssilF/.pico-sdk/sdk/2.1.0/src/common/pico_time/time.c.obj
 *fill*         0x2000112c        0x4 
 .data.aeabi_bits_funcs
                0x20001130       0x10 CMakeFiles/ASCE_Picomotor.dir/C_/Users/AssilF/.pico-sdk/sdk/2.1.0/src/rp2_common/pico_bit_ops/bit_ops_aeabi.S.obj
                0x20001130                aeabi_bits_funcs
                0x20001140                aeabi_bits_funcs_end
 .data.aeabi_mem_funcs
                0x20001140       0x10 CMakeFiles/ASCE_Picomotor.dir/C_/Users/AssilF/.pico-sdk/sdk/2.1.0/src/rp2_common/pico_mem_ops/mem_ops_aeabi.S.obj
                0x20001140                aeabi_mem_funcs
                0x20001150                aeabi_mem_funcs_end
 .data.stdio_usb
                0x20001150       0x18 CMakeFiles/ASCE_Picomotor.dir/C_/Users/AssilF/.pico-sdk/sdk/2.1.0/src/rp2_common/pico_stdio_usb/stdio_usb.c.obj
                0x20001150                stdio_usb
 .data._usbd_qdef
                0x20001168       0x1c CMakeFiles/ASCE_Picomotor.dir/C_/Users/AssilF/.pico-sdk/sdk/2.1.0/lib/tinyusb/src/device/usbd.c.obj
                0x20001168                _usbd_qdef
 .data._usbd_rhport
                0x20001184        0x1 CMakeFiles/ASCE_Picomotor.dir/C_/Users/AssilF/.pico-sdk/sdk/2.1.0/lib/tinyusb/src/device/usbd.c.obj
 *fill*         0x20001185        0x3 
 .data.i2c1_inst
                0x20001188        0x8 CMakeFiles/ASCE_Picomotor.dir/C_/Users/AssilF/.pico-sdk/sdk/2.1.0/src/rp2_common/hardware_i2c/i2c.c.obj
                0x20001188                i2c1_inst
 .data.i2c0_inst
                0x20001190        0x8 CMakeFiles/ASCE_Picomotor.dir/C_/Users/AssilF/.pico-sdk/sdk/2.1.0/src/rp2_common/hardware_i2c/i2c.c.obj
                0x20001190                i2c0_inst
                0x20001198                        . = ALIGN (0x4)
 *(.after_data.*)
                0x20001198                        . = ALIGN (0x4)
                0x20001198                        PROVIDE (__mutex_array_start = .)
 *(SORT_BY_NAME(.mutex_array.*))
 *(.mutex_array)
 .mutex_array   0x20001198        0x8 CMakeFiles/ASCE_Picomotor.dir/C_/Users/AssilF/.pico-sdk/sdk/2.1.0/src/rp2_common/pico_malloc/malloc.c.obj
 .mutex_array   0x200011a0        0x8 CMakeFiles/ASCE_Picomotor.dir/C_/Users/AssilF/.pico-sdk/sdk/2.1.0/src/rp2_common/pico_stdio/stdio.c.obj
                0x200011a8                        PROVIDE (__mutex_array_end = .)
                0x200011a8                        . = ALIGN (0x4)
 *(.jcr)
                0x200011a8                        . = ALIGN (0x4)

.tm_clone_table
                0x200011a8        0x0 load address 0x10009670
 .tm_clone_table
                0x200011a8        0x0 C:/Users/AssilF/.pico-sdk/toolchain/13_3_Rel1/bin/../lib/gcc/arm-none-eabi/13.3.1/thumb/v6-m/nofp/crtbegin.o
 .tm_clone_table
                0x200011a8        0x0 C:/Users/AssilF/.pico-sdk/toolchain/13_3_Rel1/bin/../lib/gcc/arm-none-eabi/13.3.1/thumb/v6-m/nofp/crtend.o

.igot.plt       0x200011a8        0x0 load address 0x10009670
 .igot.plt      0x200011a8        0x0 C:/Users/AssilF/.pico-sdk/toolchain/13_3_Rel1/bin/../lib/gcc/arm-none-eabi/13.3.1/thumb/v6-m/nofp/crtbegin.o

.tdata          0x200011a8        0x0 load address 0x10009670
                0x200011a8                        . = ALIGN (0x4)
 *(.tdata .tdata.* .gnu.linkonce.td.*)
                0x200011a8                        __tdata_end = .
                0x200011a8                        PROVIDE (__data_end__ = .)
                0x10008588                        __etext = LOADADDR (.data)

.tbss           0x200011a8        0x0 load address 0x10009670
                0x200011a8                        . = ALIGN (0x4)
                0x200011a8                        __bss_start__ = .
                0x200011a8                        __tls_base = .
 *(.tbss .tbss.* .gnu.linkonce.tb.*)
 *(.tcommon)
                0x200011a8                        __tls_end = .

.bss            0x200011a8     0x1214 load address 0x10009670
                0x200011a8                        . = ALIGN (0x4)
                0x200011a8                        __tbss_end = .
 *(SORT_BY_ALIGNMENT(SORT_BY_NAME(.bss*)))
 .bss.Mechiane  0x200011a8       0x64 CMakeFiles/ASCE_Picomotor.dir/ASCE_Picomotor.cpp.obj
                0x200011a8                Mechiane
 *fill*         0x2000120c        0x4 
 .bss.arm_extension_pwm_config
                0x20001210        0xc CMakeFiles/ASCE_Picomotor.dir/ASCE_Picomotor.cpp.obj
                0x20001210                arm_extension_pwm_config
 *fill*         0x2000121c        0x4 
 .bss.arm_rotation_pwm_config
                0x20001220        0xc CMakeFiles/ASCE_Picomotor.dir/ASCE_Picomotor.cpp.obj
                0x20001220                arm_rotation_pwm_config
 *fill*         0x2000122c        0x4 
 .bss.default_alarm_pool_entries
                0x20001230      0x180 CMakeFiles/ASCE_Picomotor.dir/C_/Users/AssilF/.pico-sdk/sdk/2.1.0/src/common/pico_time/time.c.obj
 .bss.last_avail_time.1
                0x200013b0        0x8 CMakeFiles/ASCE_Picomotor.dir/C_/Users/AssilF/.pico-sdk/sdk/2.1.0/src/rp2_common/pico_stdio_usb/stdio_usb.c.obj
 .bss.left_side_motor_pwm_config
                0x200013b8        0xc CMakeFiles/ASCE_Picomotor.dir/ASCE_Picomotor.cpp.obj
                0x200013b8                left_side_motor_pwm_config
 *fill*         0x200013c4        0x4 
 .bss.right_side_motor_pwm_config
                0x200013c8        0xc CMakeFiles/ASCE_Picomotor.dir/ASCE_Picomotor.cpp.obj
                0x200013c8                right_side_motor_pwm_config
 *fill*         0x200013d4        0x4 
 .bss.sd_table  0x200013d8      0x100 CMakeFiles/ASCE_Picomotor.dir/C_/Users/AssilF/.pico-sdk/sdk/2.1.0/src/rp2_common/pico_double/double_init_rom_rp2040.c.obj
                0x200013d8                sd_table
 .bss.sf_table  0x200014d8      0x100 CMakeFiles/ASCE_Picomotor.dir/C_/Users/AssilF/.pico-sdk/sdk/2.1.0/src/rp2_common/pico_float/float_init_rom_rp2040.c.obj
                0x200014d8                sf_table
 .bss.speed     0x200015d8        0x8 CMakeFiles/ASCE_Picomotor.dir/ASCE_Picomotor.cpp.obj
                0x200015d8                speed
 .bss.wrap_set  0x200015e0       0x40 CMakeFiles/ASCE_Picomotor.dir/ASCE_Picomotor.cpp.obj
                0x200015e0                wrap_set
 .bss.Wire      0x20001620       0x2c CMakeFiles/ASCE_Picomotor.dir/Wire.cpp.obj
                0x20001620                Wire
 .bss.Wire1     0x2000164c       0x2c CMakeFiles/ASCE_Picomotor.dir/Wire.cpp.obj
                0x2000164c                Wire1
 .bss._app_driver
                0x20001678        0x4 CMakeFiles/ASCE_Picomotor.dir/C_/Users/AssilF/.pico-sdk/sdk/2.1.0/lib/tinyusb/src/device/usbd.c.obj
 .bss._cdcd_fifo_cfg
                0x2000167c        0x1 CMakeFiles/ASCE_Picomotor.dir/C_/Users/AssilF/.pico-sdk/sdk/2.1.0/lib/tinyusb/src/class/cdc/cdc_device.c.obj
 *fill*         0x2000167d        0x3 
 .bss._cdcd_itf
                0x20001680      0x2c8 CMakeFiles/ASCE_Picomotor.dir/C_/Users/AssilF/.pico-sdk/sdk/2.1.0/lib/tinyusb/src/class/cdc/cdc_device.c.obj
 .bss._ctrl_xfer
                0x20001948       0x14 CMakeFiles/ASCE_Picomotor.dir/C_/Users/AssilF/.pico-sdk/sdk/2.1.0/lib/tinyusb/src/device/usbd_control.c.obj
 .bss._ubsd_mutexdef
                0x2000195c        0x8 CMakeFiles/ASCE_Picomotor.dir/C_/Users/AssilF/.pico-sdk/sdk/2.1.0/lib/tinyusb/src/device/usbd.c.obj
 .bss._usbd_ctrl_buf
                0x20001964       0x40 CMakeFiles/ASCE_Picomotor.dir/C_/Users/AssilF/.pico-sdk/sdk/2.1.0/lib/tinyusb/src/device/usbd_control.c.obj
 .bss._usbd_dev
                0x200019a4       0x54 CMakeFiles/ASCE_Picomotor.dir/C_/Users/AssilF/.pico-sdk/sdk/2.1.0/lib/tinyusb/src/device/usbd.c.obj
 .bss._usbd_mutex
                0x200019f8        0x4 CMakeFiles/ASCE_Picomotor.dir/C_/Users/AssilF/.pico-sdk/sdk/2.1.0/lib/tinyusb/src/device/usbd.c.obj
 .bss._usbd_q   0x200019fc        0x4 CMakeFiles/ASCE_Picomotor.dir/C_/Users/AssilF/.pico-sdk/sdk/2.1.0/lib/tinyusb/src/device/usbd.c.obj
 .bss._usbd_qdef_buf
                0x20001a00       0xc0 CMakeFiles/ASCE_Picomotor.dir/C_/Users/AssilF/.pico-sdk/sdk/2.1.0/lib/tinyusb/src/device/usbd.c.obj
                0x20001a00                _usbd_qdef_buf
 .bss._vendord_itf
                0x20001ac0      0x2cc CMakeFiles/ASCE_Picomotor.dir/C_/Users/AssilF/.pico-sdk/sdk/2.1.0/lib/tinyusb/src/class/vendor/vendor_device.c.obj
 .bss.boot2_copyout
                0x20001d8c      0x100 CMakeFiles/ASCE_Picomotor.dir/C_/Users/AssilF/.pico-sdk/sdk/2.1.0/src/rp2_common/hardware_flash/flash.c.obj
 .bss.chars_available_callback
                0x20001e8c        0x4 CMakeFiles/ASCE_Picomotor.dir/C_/Users/AssilF/.pico-sdk/sdk/2.1.0/src/rp2_common/pico_stdio_usb/stdio_usb.c.obj
 .bss.chars_available_param
                0x20001e90        0x4 CMakeFiles/ASCE_Picomotor.dir/C_/Users/AssilF/.pico-sdk/sdk/2.1.0/src/rp2_common/pico_stdio_usb/stdio_usb.c.obj
 .bss.claimed   0x20001e94        0x4 CMakeFiles/ASCE_Picomotor.dir/C_/Users/AssilF/.pico-sdk/sdk/2.1.0/src/rp2_common/hardware_sync/sync.c.obj
 .bss.claimed   0x20001e98        0x1 CMakeFiles/ASCE_Picomotor.dir/C_/Users/AssilF/.pico-sdk/sdk/2.1.0/src/rp2_common/hardware_timer/timer.c.obj
 *fill*         0x20001e99        0x3 
 .bss.coms_time_stamp
                0x20001e9c        0x4 CMakeFiles/ASCE_Picomotor.dir/ASCE_Picomotor.cpp.obj
                0x20001e9c                coms_time_stamp
 .bss.configured_freq
                0x20001ea0       0x28 CMakeFiles/ASCE_Picomotor.dir/C_/Users/AssilF/.pico-sdk/sdk/2.1.0/src/rp2_common/hardware_clocks/clocks.c.obj
 .bss.desc_str.0
                0x20001ec8       0x28 CMakeFiles/ASCE_Picomotor.dir/C_/Users/AssilF/.pico-sdk/sdk/2.1.0/src/rp2_common/pico_stdio_usb/stdio_usb_descriptors.c.obj
 .bss.drivers   0x20001ef0        0x4 CMakeFiles/ASCE_Picomotor.dir/C_/Users/AssilF/.pico-sdk/sdk/2.1.0/src/rp2_common/pico_stdio/stdio.c.obj
 .bss.e15_last_sof
                0x20001ef4        0x4 CMakeFiles/ASCE_Picomotor.dir/C_/Users/AssilF/.pico-sdk/sdk/2.1.0/lib/tinyusb/src/portable/raspberrypi/rp2040/rp2040_usb.c.obj
                0x20001ef4                e15_last_sof
 .bss.fetch_index
                0x20001ef8        0x4 CMakeFiles/ASCE_Picomotor.dir/ASCE_Picomotor.cpp.obj
                0x20001ef8                fetch_index